******************************************************************************
            TI ARM Clang Linker PC v3.2.2                      
******************************************************************************
>> Linked Thu Jul  2 14:14:20 2026

OUTPUT FILE NAME:   <basic_ble_LP_EM_CC2745R10_Q1_freertos_ticlang.out>
ENTRY POINT SYMBOL: "resetISR"  address: 00030795


MEMORY CONFIGURATION

         name            origin    length      used     unused   attr    fill
----------------------  --------  ---------  --------  --------  ----  --------
  FLASH                 00000000   000e5000  00037b05  000ad4fb  R  X
  NVS_SLOT              000e5000   00003000  00003000  00000000  R  X
  SRAM                  20000000   00028800  00014a05  00013dfb  RW X
  S2RRAM                40098000   00001000  00000000  00001000  RW  
  CCFG                  4e020000   00000800  00000800  00000000  R   
  SCFG                  4e040000   00000400  00000400  00000000  R   
  LOG_DATA              90000000   00040000  00000000  00040000  R   
  LOG_PTR               94000008   00040000  00000000  00040000  R   


SEGMENT ALLOCATION MAP

run origin  load origin   length   init length attrs members
----------  ----------- ---------- ----------- ----- -------
00000000    00000000    000000cc   000000cc    r--
  00000000    00000000    000000cc   000000cc    r-- .resetVecs
000000e0    000000e0    00031af0   00031af0    r-x
  000000e0    000000e0    00031af0   00031af0    r-x .text
00031be0    00031be0    00005f4c   00005f4c    r--
  00031be0    00031be0    00005a21   00005a21    r-- .rodata
  00037604    00037604    00000528   00000528    r-- .cinit
000e5000    000e5000    00003000   00000000    rw-
  000e5000    000e5000    00003000   00000000    rw- .TI.bound:flashBuf0
20000420    20000420    00000040   00000000    rw-
  20000420    20000420    00000010   00000000    rw- .TI.bound:dmaChannel2ControlTableEntry
  20000430    20000430    00000010   00000000    rw- .TI.bound:dmaChannel3ControlTableEntry
  20000440    20000440    00000010   00000000    rw- .TI.bound:dmaChannel4ControlTableEntry
  20000450    20000450    00000010   00000000    rw- .TI.bound:dmaChannel5ControlTableEntry
20000460    20000460    000144fe   00000000    rw-
  20000460    20000460    0001331b   00000000    rw- .bss
  20013780    20013780    000011de   00000000    rw- .data
20028400    20028400    00000400   00000000    rw-
  20028400    20028400    00000400   00000000    rw- .stack
4e020000    4e020000    00000800   00000800    r--
  4e020000    4e020000    00000800   00000800    r-- .ccfg
4e040000    4e040000    00000400   00000400    r--
  4e040000    4e040000    00000400   00000400    r-- .scfg


SECTION ALLOCATION MAP

 output                                  attributes/
section   page    origin      length       input sections
--------  ----  ----------  ----------   ----------------
.resetVecs 
*          0    00000000    000000cc     
                  00000000    000000cc     ti_freertos_config.o (.resetVecs)

.text      0    000000e0    00031af0     
                  000000e0    00001494     rcl_cc27xxx10.a : ble5.c.obj (.text.RCL_Handler_BLE5_scan_init)
                  00001574    00000f38                     : ble5.c.obj (.text.RCL_Handler_BLE5_adv)
                  000024ac    00000a10     OneLib.a : OneLib_Host_Profiles_gattservapp.obj (.text.GATTServApp_ProcessEvent)
                  00002ebc    000009dc              : OneLib_LL_ll_ble.obj (.text.llProcessPeripheralControlPacket)
                  00003898    00000874     rcl_cc27xxx10.a : ble5.c.obj (.text.RCL_Handler_BLE5_conn)
                  0000410c    000007b4     StackWrapper.a : StackWrapper_Host_gapbondmgr.obj (.text.GAPBondMgr_ProcessGAPMsg)
                  000048c0    000005f8     OneLib.a : OneLib_Host_GATT_gatt_client.obj (.text.gattClientProcessMsgCB)
                  00004eb8    000005cc              : OneLib_LL_ll_peripheral_end_causes.obj (.text.llProcessPeripheralControlProcedures)
                  00005484    0000058c     secure_drivers_cc27xxx10.a : ECDHXXF3HSM.c.obj (.text.ECDHXXF3HSM_initializeHSMOperations)
                  00005a10    00000544     hsmddk_cc27xxx10_its.a : adapter_psa_key_management.c.obj (.text.local_AsymKeyType)
                  00005f54    00000540     nvocmp.o (.text.NVOCMP_compactPage)
                  00006494    00000530     nvocmp.o (.text.NVOCMP_initNvApi)
                  000069c4    000004a4     rcl_cc27xxx10.a : LRFLPF3.c.obj (.text.LRF_programFrequency)
                  00006e68    0000048c                     : LRFLPF3.c.obj (.text.LRF_temperatureCompensateTrim)
                  000072f4    000003f8     OneLib.a : OneLib_LL_ll_peripheral_end_causes.obj (.text.llPeripheral_TaskEnd)
                  000076ec    000003f4     rcl_cc27xxx10.a : LRFLPF3.c.obj (.text.LRF_setupRadio)
                  00007ae0    000003b0     hsmddk_cc27xxx10_its.a : adapter_psa_key_management.c.obj (.text.psaInt_KeyMgmtLoadKey)
                  00007e90    00000374     OneLib.a : OneLib_LL_ll_ae.obj (.text.llSetupExtAdvLegacy)
                  00008204    00000360              : OneLib_LL_ll_peripheral_end_causes.obj (.text.llSetupNextPeripheralEvent)
                  00008564    00000360     hsmddk_cc27xxx10_its.a : adapter_psa_key_management.c.obj (.text.local_SymKeyType)
                  000088c4    00000354     rcl_cc27xxx10.a : LRF.c.obj (.text.LRF_applySettings)
                  00008c18    00000344     OneLib.a : OneLib_LL_ll.obj (.text.LL_ProcessEvent)
                  00008f5c    00000330     StackWrapper.a : StackWrapper_Host_gapbondmgr.obj (.text.GAPBondMgr_SetParameter)
                  0000928c    00000004     OneLib.a : OneLib_Host_ATT_att_util.obj (.text.ATT_BuildReadBlobRsp)
                  00009290    0000031c     ti_freertos_config.o (.text.doPrint)
                  000095ac    0000030c     OneLib.a : OneLib_LL_ll_scheduler.obj (.text.llSchedulerConnectable)
                  000098b8    00000008              : OneLib_Host_ATT_att_util.obj (.text.ATT_BuildExecuteWriteReq)
                  000098c0    000002dc     libc.a : strcmp_t2.S.obj (.text:strcmp)
                  00009b9c    00000290     StackWrapper.a : StackWrapper_Host_gapbondmgr.obj (.text.GAPBondMgr_ProcessEvent)
                  00009e2c    00000274     OneLib.a : OneLib_LL_ll.obj (.text.LE_SetExtScanEnable)
                  0000a0a0    00000264              : OneLib_LL_ll_common.obj (.text.llRealignConn)
                  0000a304    00000260              : OneLib_LL_ll.obj (.text.LE_SetExtAdvParams)
                  0000a564    00000254     secure_drivers_cc27xxx10.a : AESCCMXXF3.c.obj (.text.AESCCMXXF3HSM_performHSMOperation)
                  0000a7b8    00000250     OneLib.a : OneLib_LL_ll_common.obj (.text.llAllocConnId)
                  0000aa08    0000024c     nvocmp.o (.text.NVOCMP_addItem)
                  0000ac54    00000240     app_observer.o (.text.Observer_ScanEventHandler)
                  0000ae94    0000023c     OneLib.a : OneLib_Host_Profiles_gattservapp.obj (.text.GATTServApp_ReadAttr)
                  0000b0d0    0000023c              : OneLib_Host_GAP_gap_scanner.obj (.text.gapScan_processAdvRptCb)
                  0000b30c    00000228              : OneLib_LL_ll_common.obj (.text.llProcessPeripheralConnectionCreated)
                  0000b534    00000210              : OneLib_LL_ll.obj (.text.LE_SetExtAdvEnable)
                  0000b744    00000210              : OneLib_LL_ll_common.obj (.text.llSetupCtrlPkt)
                  0000b954    0000020c     hsmddk_cc27xxx10_its.a : adapter_psa_key_management.c.obj (.text.local_AsymKeyGenPub)
                  0000bb60    00000208     OneLib.a : OneLib_LL_ll_isr.obj (.text.llRxEntryDoneEventHandleStateConnection)
                  0000bd68    000001f8     secure_drivers_cc27xxx10.a : AESCCMXXF3.c.obj (.text.AESCCMXXF3_processSegmentedCBCMAC)
                  0000bf60    000001f2     OneLib.a : OneLib_LL_ll_common.obj (.text.llSelectConn)
                  0000c152    000001ec     drivers_cc27xxx10.a : UART2LPF3.c.obj (.text.UART2LPF3_hwiIntFxn)
                  0000c33e    00000002     hsmddk_cc27xxx10_its.a : adapter_init.c.obj (.text.Adapter_Report_Build_Params)
                  0000c340    000001d8     OneLib.a : OneLib_LL_ll_ae.obj (.text.llProcessAndAnalyzeRXEntry)
                  0000c518    000001d4     secure_drivers_cc27xxx10.a : AESCCMXXF3.c.obj (.text.AESCCMXXF3_oneStepOperation)
                  0000c6ec    000001c4     rcl_cc27xxx10.a : ble5.c.obj (.text.RCL_Handler_BLE5_updateConnStats)
                  0000c8b0    000001c4     OneLib.a : OneLib_LL_ll_scheduler.obj (.text.llFindNextSecTask)
                  0000ca74    000001c4              : OneLib_LL_ll_ae.obj (.text.llSetupExtScan)
                  0000cc38    000001c0     rcl_cc27xxx10.a : LRFLPF3.c.obj (.text.LRF_programTxPower)
                  0000cdf8    000001c0                     : RCL.c.obj (.text.rclCommandHwi)
                  0000cfb8    000001b6     libclang_rt.builtins.a : adddf3.S.obj (.text.adddf3_subdf3)
                  0000d16e    00000002     ti_drivers_config.o (.text.Board_initHook)
                  0000d170    000001b4     OneLib.a : OneLib_Host_GAP_gap_advertiser.obj (.text.GapAdv_create)
                  0000d324    000001b4              : OneLib_Host_SM_sm_pairing.obj (.text.smSavePairInfo)
                  0000d4d8    000001b0              : OneLib_Host_SM_sm_rsppairing.obj (.text.smResponderSendNextKeyInfo)
                  0000d688    000001a8     hsmddk_cc27xxx10_its.a : adapter_psa_key_management.c.obj (.text.psaInt_KeyMgmtGetKey)
                  0000d830    000001a0     OneLib.a : OneLib_LL_ll_common.obj (.text.llCombinePDU)
                  0000d9d0    000001a0     ti_freertos_config.o (.text.mq_open)
                  0000db70    0000019c     OneLib.a : OneLib_LL_ll_scheduler.obj (.text.llSetTaskScan)
                  0000dd0c    00000198     StackWrapper.a : StackWrapper_OSAL_osal.obj (.text.osal_run_system)
                  0000dea4    00000194     ti_freertos_config.o (.text.PowerCC27XX_standbyPolicy)
                  0000e038    00000194     OneLib.a : OneLib_LL_ll_adv_end_causes.obj (.text.llExtAdv_PostProcess)
                  0000e1cc    00000194              : OneLib_Host_SM_sm_task.obj (.text.smProcessHCIBLEMetaEventCode)
                  0000e360    0000018c              : OneLib_LL_ll.obj (.text.LE_SetExtScanParams)
                  0000e4ec    00000188              : OneLib_Host_GAP_gap_scanner.obj (.text.GapScan_enable)
                  0000e674    00000188              : OneLib_Host_L2CAP_l2cap_task.obj (.text.l2capProcessRsp)
                  0000e7fc    00000184              : OneLib_Host_L2CAP_l2cap_task.obj (.text.l2capProcessReq)
                  0000e980    00000184              : OneLib_LL_ll_common.obj (.text.llGetNextConn)
                  0000eb04    00000180              : OneLib_LL_ll_scheduler.obj (.text.llScheduler)
                  0000ec84    00000180              : OneLib_Host_SM_sm_intpairing.obj (.text.smpInitiatorProcessPairingRandom)
                  0000ee04    0000017c     nvocmp.o (.text.NVOCMP_findItem)
                  0000ef80    0000017c     OneLib.a : OneLib_Host_SM_sm_intpairing.obj (.text.smInitiatorSendNextKeyInfo)
                  0000f0fc    00000178              : OneLib_LL_ll_adv_end_causes.obj (.text.llAdv_TaskConnect)
                  0000f274    00000174              : OneLib_Host_GAP_gap_advertiser.obj (.text.gapAdv_controllerCb)
                  0000f3e8    00000174              : OneLib_LL_ll_scheduler.obj (.text.llSchedulerSecondaryTasksConn)
                  0000f55c    00000170              : OneLib_Host_SM_sm_mgr.obj (.text.sm_f5)
                  0000f6cc    0000016c     secure_drivers_cc27xxx10.a : AESCCMXXF3.c.obj (.text.AESCCMXXF3_hwiFxn)
                  0000f838    0000016c     OneLib.a : OneLib_Host_GAP_gap_task.obj (.text.gapProcessBLEEvents)
                  0000f9a4    0000016a     drivers_cc27xxx10.a : UART2.c.obj (.text.UART2_writeTimeoutBlocking)
                  0000fb0e    00000002     ble_user_config.o (.text.DefaultAssertCback)
                  0000fb10    00000168     StackWrapper.a : StackWrapper_Host_gapbondmgr.obj (.text.gapBondMgrAuthenticate)
                  0000fc78    00000168     OneLib.a : OneLib_LL_ll_common.obj (.text.llConnCleanup)
                  0000fde0    00000160     drivers_cc27xxx10.a : UART2LPF3.c.obj (.text.UART2_open)
                  0000ff40    0000015c     OneLib.a : OneLib_LL_ll.obj (.text.LL_AddDeviceToResolvingList)
                  0001009c    0000015c     drivers_cc27xxx10.a : NVSLPF3.c.obj (.text.NVSLPF3_write)
                  000101f8    00000158     secure_drivers_cc27xxx10.a : HSMXXF3.c.obj (.text.HSMXXF3_constructCCMToken)
                  00010350    00000158     OneLib.a : OneLib_Host_GATT_gatt_server.obj (.text.gattServerProcessMsgCB)
                  000104a8    00000150     secure_drivers_cc27xxx10.a : RNGXXF3HSM.c.obj (.text.RNGXXF3HSM_getValidatedNumber)
                  000105f8    00000150     OneLib.a : OneLib_Host_SM_sm_mgr.obj (.text.sm_CMAC)
                  00010748    0000014c              : OneLib_Host_Profiles_gattservapp.obj (.text.gattServApp_ProcessReadByTypeReq)
                  00010894    0000014c              : OneLib_LL_ll_ae.obj (.text.llSetAdvReport)
                  000109e0    00000148     ti_freertos_config.o (.text.prvTimerTask)
                  00010b28    00000148     hsmddk_cc27xxx10_its.a : psa_crypto_storage.c.obj (.text.psa_load_persistent_key_into_slot)
                  00010c70    00000144                            : eip201.c.obj (.text.EIP201_Initialize)
                  00010db4    00000144     OneLib.a : OneLib_LL_ll_isr.obj (.text.LL_rclAdvRxEntryDone)
                  00010ef8    00000144     rcl_cc27xxx10.a : RCL_Scheduler.c.obj (.text.rclSchedulerProcessCmdStartStopTime)
                  0001103c    0000013c     OneLib.a : OneLib_HCI_hci_event.obj (.text.LL_EnhancedConnectionCompleteCback)
                  00011178    0000013c     rcl_cc27xxx10.a : LRFLPF3.c.obj (.text.LRF_setTrimCommon)
                  000112b4    0000013c                     : ble5.c.obj (.text.RCL_Handler_BLE5_updateTxBuffers)
                  000113f0    0000013a     icall_POSIX.o (.text.ICall_waitMatch)
                  0001152a    00000002     display_cc27xxx10.a : DisplayUart2.c.obj (.text.DisplayUart2Min_clear)
                  0001152c    00000138     drivers_cc27xxx10.a : Button.c.obj (.text.Button_clockTimeoutHandler)
                  00011664    00000134     secure_drivers_cc27xxx10.a : HSMXXF3.c.obj (.text.HSMXXF3_init)
                  00011798    00000130     OneLib.a : OneLib_LL_ll.obj (.text.LL_Init)
                  000118c8    00000130     rcl_cc27xxx10.a : LRFLPF3.c.obj (.text.LRF_programTemperatureCompensatedTxPower)
                  000119f8    00000130     ti_freertos_config.o (.text.prvAddNewTaskToReadyList)
                  00011b28    0000012c     OneLib.a : OneLib_LL_ll.obj (.text.LL_Reset)
                  00011c54    0000012c     hsmddk_cc27xxx10_its.a : adapter_psa_system.c.obj (.text.psaInt_SystemGetState)
                  00011d80    00000128     OneLib.a : OneLib_LL_ll_ae.obj (.text.llFindNextAdvSet)
                  00011ea8    00000124              : OneLib_LL_ll.obj (.text.LL_StartEncrypt)
                  00011fcc    00000124              : OneLib_Host_SM_sm_rsppairing.obj (.text.smResponderProcessLTKReq)
                  000120f0    00000124     ti_freertos_config.o (.text.xQueueSemaphoreTake)
                  00012214    00000120     drivers_cc27xxx10.a : GPIOLPF3.c.obj (.text.GPIO_init)
                  00012334    00000120     OneLib.a : OneLib_Host_GAP_gap_advertiser.obj (.text.GapAdv_enable)
                  00012454    00000120     StackWrapper.a : StackWrapper_OSAL_osal_timers.obj (.text.osalTimerUpdate)
                  00012574    0000011e     secure_drivers_cc27xxx10.a : ECDHXXF3HSM.c.obj (.text.ECDHXXF3HSM_ecdhPostProcessing)
                  00012692    00000002     display_cc27xxx10.a : DisplayUart2.c.obj (.text.DisplayUart2Min_clearLines)
                  00012694    0000011c     StackWrapper.a : StackWrapper_Host_gapbondmgr.obj (.text.gapBondMgrEraseBonding)
                  000127b0    0000011c                    : StackWrapper_Host_gapbondmgr.obj (.text.gapBondMgrSaveBond)
                  000128cc    0000011c     OneLib.a : OneLib_LL_ll_scheduler.obj (.text.llFindStartType)
                  000129e8    0000011c     ti_freertos_config.o (.text.xTaskIncrementTick)
                  00012b04    00000118     OneLib.a : OneLib_LL_ll.obj (.text.LL_ConnUpdate)
                  00012c1c    00000114     secure_drivers_cc27xxx10.a : AESECBXXF3.c.obj (.text.AESECBXXF3_startOperation)
                  00012d30    00000114     OneLib.a : OneLib_Host_GATT_gatt_server.obj (.text.gattProcessFindInfoReq)
                  00012e44    00000114              : OneLib_LL_ll_common.obj (.text.llCalcConnMaxTimeLength)
                  00012f58    00000114              : OneLib_Host_SM_sm_rsppairing.obj (.text.smpResponderProcessPairingRandom)
                  0001306c    00000110              : OneLib_LL_ll.obj (.text.LL_SetPhy)
                  0001317c    00000110     drivers_cc27xxx10.a : PowerCC27XX.c.obj (.text.PowerCC27XX_hfxtCompensateFxn)
                  0001328c    00000110                         : UART2LPF3.c.obj (.text.UART2LPF3_initHw)
                  0001339c    00000110     ti_freertos_config.o (.text.xTaskResumeAll)
                  000134ac    0000010c     OneLib.a : OneLib_LL_ll_scan_end_causes.obj (.text.llExtScan_PostProcess)
                  000135b8    0000010c     hsmddk_cc27xxx10_its.a : adapter_psa_key_management.c.obj (.text.psaInt_KeyMgmtReadECPubKey)
                  000136c4    00000108     nvocmp.o (.text.NVOCMP_cleanPage)
                  000137cc    00000108     OneLib.a : OneLib_LL_ll_isr.obj (.text.llLastCmdDoneEventHandleConnectRequest)
                  000138d4    00000108     rcl_cc27xxx10.a : RCL.c.obj (.text.rclDispatchHwi)
                  000139dc    00000108     OneLib.a : OneLib_Host_SM_sm_intpairing.obj (.text.smpInitiatorProcessPairingRsp)
                  00013ae4    00000104     hsmddk_cc27xxx10_its.a : device_generic.c.obj (.text.Device_Initialize)
                  00013be8    00000104     OneLib.a : OneLib_LL_ll_scheduler.obj (.text.llExtAdvSchedSetup)
                  00013cec    00000100              : OneLib_Host_GAP_gap_scanner.obj (.text.GapScan_setParam)
                  00013dec    00000100     rcl_cc27xxx10.a : ble5.c.obj (.text.RCL_Handler_BLE5_initAdvScanInitStats)
                  00013eec    00000100     OneLib.a : OneLib_LL_ll_ae.obj (.text.llAddAdvSortedEntry)
                  00013fec    00000100              : OneLib_LL_ll_common.obj (.text.llConnExists)
                  000140ec    000000fc     libclang_rt.builtins.a : muldf3.S.obj (.text.__muldf3)
                  000141e8    000000fc     hsmddk_cc27xxx10_its.a : adapter_psa_key_management.c.obj (.text.local_AsymHashPolicy)
                  000142e4    000000f8     ble_user_config.o (.text.setBleUserConfig)
                  000143dc    000000f8     OneLib.a : OneLib_Host_SM_sm_mgr.obj (.text.sm_f6)
                  000144d4    000000f8              : OneLib_Host_SM_sm_rsppairing.obj (.text.smpResponderProcessIncoming)
                  000145cc    000000f8     ti_freertos_config.o (.text.xQueueGenericSend)
                  000146c4    000000f6     OneLib.a : OneLib_LL_ll_scheduler.obj (.text.llCheckIsSecTaskCollideWithPrimTaskInLsto)
                  000147ba    00000002     display_cc27xxx10.a : DisplayUart2.c.obj (.text.DisplayUart2Min_init)
                  000147bc    000000f4     rcl_cc27xxx10.a : LRFLPF3.c.obj (.text.LRF_setTemperatureTrim)
                  000148b0    000000f4     OneLib.a : OneLib_LL_ll_data.obj (.text.llDynamicAlloc_connectable)
                  000149a4    000000f4              : OneLib_LL_ll_common.obj (.text.llProcessAdvAddrResolutionTimeout)
                  00014a98    000000f4     rcl_cc27xxx10.a : RCL.c.obj (.text.rclStop)
                  00014b8c    000000f0     drivers_cc27xxx10.a : PowerCC27XX.c.obj (.text.Power_init)
                  00014c7c    000000f0     OneLib.a : OneLib_LL_ll_common.obj (.text.llSetupConnCmd)
                  00014d6c    000000f0              : OneLib_Host_SM_sm_pairing.obj (.text.sm_c1)
                  00014e5c    000000f0     ti_freertos_config.o (.text.xQueueReceive)
                  00014f4c    000000ec     secure_drivers_cc27xxx10.a : AESECBXXF3.c.obj (.text.AESECBXXF3HSM_processOneStep)
                  00015038    000000ec     drivers_cc27xxx10.a : PowerCC27XX.c.obj (.text.PowerCC27XX_oscillatorISR)
                  00015124    000000e8     OneLib.a : OneLib_Host_GAP_gap_advertiser.obj (.text.GapAdv_loadByHandle)
                  0001520c    000000e8              : OneLib_Host_ATT_att_util.obj (.text.attSendMsg)
                  000152f4    000000e8              : OneLib_Host_GAP_gap_linkmgr.obj (.text.gapProcessConnectionCompleteEvt)
                  000153dc    000000e8     rcl_cc27xxx10.a : RCL.c.obj (.text.rclSchedulerHwi)
                  000154c4    000000e6     secure_drivers_cc27xxx10.a : AESCCMXXF3.c.obj (.text.AESCCMXXF3HSM_oneStepOperation)
                  000155aa    000000e6     OneLib.a : OneLib_HCI_hci_event_raw.obj (.text.hciCreateEventExtAdvReport)
                  00015690    000000e4              : OneLib_LL_ll_privacy.obj (.text.LL_PRIV_ValidatePrivacyCompliance)
                  00015774    000000e4              : OneLib_Host_GAP_gap_linkmgr.obj (.text.gapPairingCompleteCB)
                  00015858    000000e4     hsmddk_cc27xxx10_its.a : adapter_psa_asset.c.obj (.text.psaInt_AssetLoadDerive)
                  0001593c    000000e4                            : platform.c.obj (.text.psaInt_mbedtls_calloc)
                  00015a20    000000e0     bleapputil_task.o (.text.BLEAppUtil_Task)
                  00015b00    000000e0     OneLib.a : OneLib_Host_GATT_gatt_task.obj (.text.GATT_ProcessEvent)
                  00015be0    000000e0     StackWrapper.a : StackWrapper_Host_gapbondmgr.obj (.text.gapBondMgrUpdateCharCfg)
                  00015cc0    000000e0     OneLib.a : OneLib_Host_GAP_gap_linkmgr.obj (.text.sendAuthEvent)
                  00015da0    000000dc     rcl_cc27xxx10.a : ble5.c.obj (.text.RCL_Handler_BLE5_getAuxPtrFromTxBuffer)
                  00015e7c    000000dc                     : ble5.c.obj (.text.RCL_Handler_BLE5_updateAuxPtr)
                  00015f58    000000dc     OneLib.a : OneLib_LL_ll_ae.obj (.text.llCheckRfCmdPreemption)
                  00016034    000000dc     hsmddk_cc27xxx10_its.a : platform.c.obj (.text.psaInt_mbedtls_free)
                  00016110    000000dc     ti_freertos_config.o (.text.pvPortMalloc)
                  000161ec    000000da     OneLib.a : OneLib_Host_Profiles_gapgattserver.obj (.text.ggs_ReadAttrCB)
                  000162c6    00000002     driverlib.a : interrupt.c.obj (.text.IntDefaultHandler)
                  000162c8    000000d8     secure_drivers_cc27xxx10.a : AESCCMXXF3.c.obj (.text.AESCCMXXF3_processOneStepCBCMACPolling)
                  000163a0    000000d8     dev_info_service.o (.text.DevInfo_setParameter)
                  00016478    000000d8     OneLib.a : OneLib_Host_GATT_gatt_server.obj (.text.GATT_SendRsp)
                  00016550    000000d8              : OneLib_LL_ll.obj (.text.LL_TxData)
                  00016628    000000d8     hsmddk_cc27xxx10_its.a : adapter_psa_asym_parse.c.obj (.text.PSAInt_AsymParse_EC_PubKey)
                  00016700    000000d8     rcl_cc27xxx10.a : ble5.c.obj (.text.RCL_BLE5_getStartTimeDelayInternal)
                  000167d8    000000d8     OneLib.a : OneLib_Host_SM_sm_pairing.obj (.text.SM_PasskeyUpdate)
                  000168b0    000000d8     drivers_cc27xxx10.a : UART2LPF3.c.obj (.text.UART2Support_dmaStartRx)
                  00016988    000000d8     OneLib.a : OneLib_LL_ll_data.obj (.text.llDynamicAlloc)
                  00016a60    000000d8              : OneLib_LL_ll_common.obj (.text.llSendConnEvtCallback)
                  00016b38    000000d8     hsmddk_cc27xxx10_its.a : adapter_psa_asym_parse.c.obj (.text.local_GetCurveInfo)
                  00016c10    000000d4     app_connection.o (.text.Connection_ConnEventHandler)
                  00016ce4    000000d4     rcl_cc27xxx10.a : RCLLPF3_Hal.c.obj (.text.RCL_Hal_checkClearTimerCompare)
                  00016db8    000000d4                     : ble5.c.obj (.text.RCL_Handler_BLE5_updateAdvScanInitStats)
                  00016e8c    000000d4     OneLib.a : OneLib_Host_SM_sm_mgr.obj (.text.SM_VerifyAuthenSig)
                  00016f60    000000d4              : OneLib_Host_Profiles_gattservapp.obj (.text.gattServApp_HandleConnStatusCB)
                  00017034    000000d4              : OneLib_LL_ll_scheduler.obj (.text.llAllocTask)
                  00017108    000000d4              : OneLib_Host_SM_sm_mgr.obj (.text.sm_g2)
                  000171dc    000000d0     secure_drivers_cc27xxx10.a : AESCommonXXF3.c.obj (.text.AESCommonXXF3_loadKeyFromKeyStore)
                  000172ac    000000d0     StackWrapper.a : StackWrapper_Host_gap.obj (.text.GAP_DeviceInit)
                  0001737c    000000d0     rcl_cc27xxx10.a : LRF.c.obj (.text.LRF_TxPowerTable_findValueExtended)
                  0001744c    000000d0                     : RCL.c.obj (.text.RCL_stopNextCmdHook)
                  0001751c    000000d0     drivers_cc27xxx10.a : UART2LPF3.c.obj (.text.UART2Support_dmaStartTx)
                  000175ec    000000d0     OneLib.a : OneLib_Host_SM_sm_mgr.obj (.text.sm_f4)
                  000176bc    000000cc     bleapputil_init.o (.text.BLEAppUtil_initGapBondParams)
                  00017788    000000cc     secure_drivers_cc27xxx10.a : CryptoKeyKeyStore_PSA_helpers.c.obj (.text.KeyStore_PSA_retrieveFromKeyStore)
                  00017854    000000cc     StackWrapper.a : StackWrapper_Host_gapbondmgr.obj (.text.gapBondMgr_FindAddr)
                  00017920    000000cc     OneLib.a : OneLib_Host_GAP_gap_scanner.obj (.text.gapScan_saveRptAndNotify)
                  000179ec    000000cc              : OneLib_Host_SM_sm_pairing.obj (.text.smProcessDataMsg)
                  00017ab8    000000c8     rcl_cc27xxx10.a : LRFLPF3.c.obj (.text.LRF_disable)
                  00017b80    000000c8     OneLib.a : OneLib_LL_ll_common.obj (.text.llAlignToNextEvent)
                  00017c48    000000c8     hsmddk_cc27xxx10_its.a : adapter_psa_key_management.c.obj (.text.local_GetFreeKeyEntry)
                  00017d10    000000c8     OneLib.a : OneLib_Host_SM_sm_mgr.obj (.text.sm_c1new)
                  00017dd8    000000c8              : OneLib_Host_SM_sm_intpairing.obj (.text.smpInitiatorProcessIncoming)
                  00017ea0    000000c6     secure_drivers_cc27xxx10.a : AESCCMXXF3.c.obj (.text.AESCCMXXF3HSM_postProcessingFxn)
                  00017f66    00000002     hsmddk_cc27xxx10_its.a : log.c.obj (.text.Log_FormattedMessage)
                  00017f68    000000c4     StackWrapper.a : StackWrapper_Host_gattservapp_util.obj (.text.GATTServApp_ProcessCharCfg)
                  0001802c    000000c4     OneLib.a : OneLib_Host_GATT_gatt_server.obj (.text.GATT_RegisterService)
                  000180f0    000000c4     hsmddk_cc27xxx10_its.a : adapter_vex_physicaltoken.c.obj (.text.vex_PhysicalTokenExchange)
                  000181b4    000000c0     drivers_cc27xxx10.a : Button.c.obj (.text.Button_open)
                  00018274    000000c0     OneLib.a : OneLib_Host_Profiles_gapgattserver.obj (.text.ggs_WriteAttrCB)
                  00018334    000000c0              : OneLib_LL_ll_scheduler.obj (.text.llExtScanSchedSetup)
                  000183f4    000000c0     ti_freertos_config.o (.text.pthread_create)
                  000184b4    000000c0     OneLib.a : OneLib_Host_SM_sm_rsppairing.obj (.text.smContPublicKeyExchange)
                  00018574    000000c0              : OneLib_Host_SM_sm_pairing.obj (.text.smGenerateAddrInput)
                  00018634    000000bc     hsmddk_cc27xxx10_its.a : eip130_domain_ecc_getcurve.c.obj (.text.Eip130Domain_ECC_GetCurve)
                  000186f0    000000bc     OneLib.a : OneLib_LL_ll_ae.obj (.text.LE_AE_SetData)
                  000187ac    000000bc     StackWrapper.a : StackWrapper_OSAL_osal.obj (.text.osal_set_event)
                  00018868    000000bc     OneLib.a : OneLib_Host_SM_sm_rsppairing.obj (.text.smpResponderSendPairRspEvent)
                  00018924    000000bc     ti_freertos_config.o (.text.xEventGroupWaitBits)
                  000189e0    000000bc     ti_freertos_config.o (.text.xTaskRemoveFromEventList)
                  00018a9c    000000b8     dev_info_service.o (.text.DevInfo_readAttrCB)
                  00018b54    000000b4     StackWrapper.a : StackWrapper_Host_gapbondmgr.obj (.text.GAPBondMgr_Init)
                  00018c08    000000b4     app_pairing.o (.text.Pairing_pairStateHandler)
                  00018cbc    000000b4     OneLib.a : OneLib_Host_GAP_gap_scanner.obj (.text.gapScan_defragAdvRpt)
                  00018d70    000000b4              : OneLib_Host_L2CAP_l2cap_util.obj (.text.l2capDisconnectAllChannels)
                  00018e24    000000b4              : OneLib_LL_ll_common.obj (.text.llFindNextConn)
                  00018ed8    000000b4     hsmddk_cc27xxx10_its.a : adapter_psa_asset.c.obj (.text.psaInt_AssetGetKeyBlobKEK)
                  00018f8c    000000b2     OneLib.a : OneLib_LL_ll_al.obj (.text.AL_AddEntry)
                  0001903e    00000002     rom_init.o (.text.MAP_Handover_ApplyCnData)
                  00019040    000000b0     OneLib.a : OneLib_Host_GAP_gap_linkmgr.obj (.text.GAP_Authenticate)
                  000190f0    000000b0              : OneLib_Host_GAP_gap_linkmgr.obj (.text.GAP_UpdateLinkParamReqReply)
                  000191a0    000000b0     rcl_cc27xxx10.a : LRFLPF3.c.obj (.text.LRF_enable)
                  00019250    000000b0                     : ble5.c.obj (.text.RCL_Handler_BLE5_readAuxPtrFromRxBuffer)
                  00019300    000000b0     OneLib.a : OneLib_Host_GAP_gap_advertiser.obj (.text.gapAdv_init)
                  000193b0    000000b0     StackWrapper.a : StackWrapper_Host_gapbondmgr.obj (.text.gapBondMgr_syncResolvingList)
                  00019460    000000b0     OneLib.a : OneLib_Host_GAP_gap_task.obj (.text.gapProcessHCICmdCompleteEvt)
                  00019510    000000b0              : OneLib_LL_ll_common.obj (.text.llPeriSetupConnWindow)
                  000195c0    000000b0     libclang_rt.builtins.a : udivmoddi4.S.obj (.text)
                  00019670    000000ac     main_freertos.o (.text.AssertHandler)
                  0001971c    000000ac     OneLib.a : OneLib_Host_L2CAP_l2cap_task.obj (.text.L2CAP_Init)
                  000197c8    000000ac              : OneLib_LL_ll.obj (.text.LL_EXT_GetConnInfo)
                  00019874    000000ac     drivers_cc27xxx10.a : PowerCC27XX.c.obj (.text.PowerLPF3_sleep)
                  00019920    000000ac     OneLib.a : OneLib_Host_SM_sm_mgr.obj (.text.SM_GenerateAuthenSig)
                  000199cc    000000ac     drivers_cc27xxx10.a : NVSLPF3.c.obj (.text.doErase)
                  00019a78    000000ac     OneLib.a : OneLib_Host_GAP_gap_scanner.obj (.text.gapScan_processStartEndCb)
                  00019b24    000000ac              : OneLib_LL_ll_adv_end_causes.obj (.text.llAdvSetPhyAndTxPowerInConn)
                  00019bd0    000000aa     rcl_cc27xxx10.a : LRF.c.obj (.text.LRF_loadImage)
                  00019c7a    00000002     rom_init.o (.text.MAP_L2CAP_HandoverInitSN)
                  00019c7c    000000a8     OneLib.a : OneLib_Host_GATT_gatt_client.obj (.text.GATT_InitClient)
                  00019d24    000000a8              : OneLib_Host_GATT_gatt_server.obj (.text.GATT_VerifyWritePermissions)
                  00019dcc    000000a8              : OneLib_LL_ll_ae.obj (.text.LL_GetAdvSet)
                  00019e74    000000a8     drivers_cc27xxx10.a : PowerCC27XX.c.obj (.text.PowerCC27XX_lfxtQual)
                  00019f1c    000000a8     OneLib.a : OneLib_Host_SM_sm_task.obj (.text.SM_ProcessEvent)
                  00019fc4    000000a8     StackWrapper.a : StackWrapper_OSAL_osal_cbtimer.obj (.text.cbTimerSetup)
                  0001a06c    000000a8     OneLib.a : OneLib_Host_Profiles_gattservapp.obj (.text.gattServApp_SetNumPrepareWrites)
                  0001a114    000000a8     hsmddk_cc27xxx10_its.a : adapter_psa_asset.c.obj (.text.psaInt_AssetLoadImport)
                  0001a1bc    000000a8     OneLib.a : OneLib_Host_SM_sm_pairing.obj (.text.smProcessEncryptChange)
                  0001a264    000000a4     secure_drivers_cc27xxx10.a : AESCCMXXF3.c.obj (.text.AESCCMXXF3_processSegmentedCTR)
                  0001a308    000000a4     OneLib.a : OneLib_HCI_hci_data.obj (.text.LL_RxDataCompleteCback)
                  0001a3ac    000000a4     rcl_cc27xxx10.a : LRFLPF3_FIFO.c.obj (.text.LRF_setRxFifoEffSz)
                  0001a450    000000a4     OneLib.a : OneLib_HCI_hci_event_raw.obj (.text.hciCreateEventAdvReport)
                  0001a4f4    000000a4     hsmddk_cc27xxx10_its.a : its_flash_fs_mblock.c.obj (.text.its_flash_fs_mblock_read_file_meta)
                  0001a598    000000a4     OneLib.a : OneLib_Host_SM_sm_pairing.obj (.text.smF5Wrapper)
                  0001a63c    000000a0     secure_drivers_cc27xxx10.a : AESCCMXXF3.c.obj (.text.AESCCMXXF3HSM_postProcessingCommon)
                  0001a6dc    000000a0                                : HSMXXF3.c.obj (.text.HSMXXF3_constructAESECBOneStepPhysicalToken)
                  0001a77c    000000a0     rcl_cc27xxx10.a : LRFLPF3_FIFO.c.obj (.text.LRF_readRxFifoWords)
                  0001a81c    000000a0     OneLib.a : OneLib_Host_GAP_gap_centlinkmgr.obj (.text.gapCentProcessSignalEvt)
                  0001a8bc    000000a0              : OneLib_Host_SM_sm_mgr.obj (.text.generate_subkey)
                  0001a95c    000000a0              : OneLib_LL_ll_data.obj (.text.llDynamicFree)
                  0001a9fc    000000a0              : OneLib_LL_ll_scheduler.obj (.text.llFreeTask)
                  0001aa9c    0000009e     rcl_cc27xxx10.a : RCL.c.obj (.text.RCL_scheduleHook)
                  0001ab3a    00000002     rom_init.o (.text.MAP_gapInit_initiatingEnd)
                  0001ab3c    0000009c     hsmddk_cc27xxx10_its.a : hwpal_device_mb.c.obj (.text.Device_Write32Array)
                  0001abd8    0000009c     OneLib.a : OneLib_Host_GAP_gap_linkmgr.obj (.text.GAP_Bond)
                  0001ac74    0000009c              : OneLib_Host_GATT_gatt_server.obj (.text.GATT_Indication)
                  0001ad10    0000009c     simple_gatt_profile.o (.text.SimpleGattProfile_setParameter)
                  0001adac    0000009c     StackWrapper.a : StackWrapper_Host_gapbondmgr.obj (.text.gapBondMgrEraseLocalInfo)
                  0001ae48    0000009c     OneLib.a : OneLib_Host_L2CAP_l2cap_util.obj (.text.l2capAllocChannel)
                  0001aee4    0000009c     StackWrapper.a : StackWrapper_OSAL_osal_bufmgr.obj (.text.osal_bm_free)
                  0001af80    0000009c     OneLib.a : OneLib_Host_SM_sm_pairing.obj (.text.smGenerateDHKeyCheck)
                  0001b01c    0000009a     drivers_cc27xxx10.a : UART2.c.obj (.text.UART2_writeCancel)
                  0001b0b6    00000002     rom_init.o (.text.MAP_gapInit_sendConnCancelledEvt)
                  0001b0b8    00000098     OneLib.a : OneLib_LL_crypto_port_simplelink.obj (.text.CryptoP_AESInit)
                  0001b150    00000098              : OneLib_HCI_hci_event.obj (.text.HCI_CommandCompleteEvent)
                  0001b1e8    00000098     rcl_cc27xxx10.a : LRFLPF3_FIFO.c.obj (.text.LRF_writeTxFifoWords)
                  0001b280    00000098     nvocmp.o (.text.NVOCMP_erase)
                  0001b318    00000098     StackWrapper.a : StackWrapper_Host_gapbondmgr.obj (.text.gapBondStateStartSecurity)
                  0001b3b0    00000098     OneLib.a : OneLib_LL_ll_ae.obj (.text.llHandleTargetAPriv)
                  0001b448    00000098              : OneLib_LL_ll_common.obj (.text.llProcessTxData)
                  0001b4e0    00000098              : OneLib_LL_ll_common.obj (.text.llReleaseConnId)
                  0001b578    00000098     StackWrapper.a : StackWrapper_OSAL_osal_cbtimer.obj (.text.osal_CbTimerProcessEvent)
                  0001b610    00000098     hsmddk_cc27xxx10_its.a : adapter_psa_asset.c.obj (.text.psaInt_AssetAlloc)
                  0001b6a8    00000098     ti_freertos_config.o (.text.xTaskPriorityInherit)
                  0001b740    00000096     OneLib.a : OneLib_Host_GAP_linkdb.obj (.text.linkDB_Add)
                  0001b7d6    00000002     rom_init.o (.text.MAP_l2capDisconnectChannel)
                  0001b7d8    00000094     hsmddk_cc27xxx10_its.a : eip130.c.obj (.text.EIP130_FirmwareCheck)
                  0001b86c    00000094     OneLib.a : OneLib_Host_Profiles_gattservapp.obj (.text.GATTServApp_Init)
                  0001b900    00000094     icall_POSIX.o (.text.ICall_send)
                  0001b994    00000094     OneLib.a : OneLib_LL_ll.obj (.text.LE_SetExtAdvParamsAdvConn)
                  0001ba28    00000094              : OneLib_Host_SM_sm_pairing.obj (.text.SM_StartPairing)
                  0001babc    00000094              : OneLib_LL_ll_scheduler.obj (.text.llScheduleTask)
                  0001bb50    00000094     rcl_cc27xxx10.a : RCL_Scheduler.c.obj (.text.rclSchedulerCancelStopTime)
                  0001bbe4    00000094     OneLib.a : OneLib_Host_SM_sm_intpairing.obj (.text.smpInitiatorContProcessPairingPubKey)
                  0001bc78    00000094     ti_freertos_config.o (.text.vTaskRemoveFromUnorderedEventList)
                  0001bd0c    00000004     OneLib.a : OneLib_Host_ATT_att_util.obj (.text.ATT_BuildReadMultiRsp)
                  0001bd10    00000092     driverlib.a : aes_ticlang.s.obj (.text)
                  0001bda2    00000002     rom_init.o (.text.MAP_l2capGetCoChannelInfo)
                  0001bda4    00000090     secure_drivers_cc27xxx10.a : AESCCMXXF3.c.obj (.text.AESCCMXXF3HSM_processFinalBlock)
                  0001be34    00000090     bleapputil_init.o (.text.BLEAppUtil_scanInit)
                  0001bec4    00000090     hsmddk_cc27xxx10_its.a : hwpal_device_mb.c.obj (.text.Device_Read32Array)
                  0001bf54    00000090     OneLib.a : OneLib_Host_GAP_gap_linkmgr.obj (.text.GAP_UpdateLinkParamReq)
                  0001bfe4    00000090              : OneLib_LL_ll_enc.obj (.text.LL_ENC_Decrypt)
                  0001c074    00000090              : OneLib_LL_ll_privacy.obj (.text.LL_PRIV_FindPeerInRL)
                  0001c104    00000090     app_menu.o (.text.Menu_workWithCB)
                  0001c194    00000090     nvocmp.o (.text.NVOCMP_getDstPage)
                  0001c224    00000090     rcl_cc27xxx10.a : RCL_Buffer.c.obj (.text.RCL_MultiBuffer_RxEntry_get)
                  0001c2b4    00000090                     : RCL_Scheduler.c.obj (.text.RCL_Scheduler_setStopTimes)
                  0001c344    00000090     simple_gatt_profile.o (.text.SimpleGattProfile_writeAttrCB)
                  0001c3d4    00000090     drivers_cc27xxx10.a : UART2LPF3.c.obj (.text.UART2_close)
                  0001c464    00000090     OneLib.a : OneLib_LL_ll_common.obj (.text.llInitFeatureSet)
                  0001c4f4    00000090              : OneLib_LL_ll_common.obj (.text.llRclUpdateFilterList)
                  0001c584    00000090     ti_freertos_config.o (.text.prvAddCurrentTaskToDelayedList)
                  0001c614    00000090     OneLib.a : OneLib_Host_SM_sm_pairing.obj (.text.smGetECCKeys)
                  0001c6a4    00000090              : OneLib_Host_SMP_smp.obj (.text.smpBuildPairingReqRsp)
                  0001c734    00000090     hsmddk_cc27xxx10_its.a : tfm_internal_trusted_storage.c.obj (.text.tfm_its_get)
                  0001c7c4    0000008e     OneLib.a : OneLib_Host_SMP_smp.obj (.text.smpParsePairingReq)
                  0001c852    00000002     rom_init.o (.text.MAP_l2capNotifyChannelEstEvt)
                  0001c854    0000008c     OneLib.a : OneLib_Host_L2CAP_l2cap_if.obj (.text.L2CAP_SendData)
                  0001c8e0    0000008c     drivers_cc27xxx10.a : NVSLPF3.c.obj (.text.NVSLPF3_open)
                  0001c96c    0000008c                         : TemperatureLPF3.c.obj (.text.TemperatureLPF3_temperatureEventCb)
                  0001c9f8    0000008c     OneLib.a : OneLib_Host_GAP_gap_scanner.obj (.text.gapScan_sendSessionEndEvt)
                  0001ca84    0000008c              : OneLib_Host_Profiles_gattservapp.obj (.text.gattServApp_EnqueueReTx)
                  0001cb10    0000008c              : OneLib_Host_L2CAP_l2cap_task.obj (.text.l2capProcessSignal)
                  0001cb9c    0000008c              : OneLib_Host_L2CAP_l2cap_util.obj (.text.l2capSendReq)
                  0001cc28    0000008c              : OneLib_LL_ll_ae.obj (.text.llGetSecondaryTaskEndTime)
                  0001ccb4    0000008c              : OneLib_LL_ll_ble.obj (.text.llManageControlPacketQueue)
                  0001cd40    0000008c              : OneLib_LL_ll_scheduler.obj (.text.llSelectTaskAdv)
                  0001cdcc    0000008c     StackWrapper.a : StackWrapper_OSAL_osal.obj (.text.osal_msg_enqueue_push)
                  0001ce58    0000008c     OneLib.a : OneLib_Host_SM_sm_rsppairing.obj (.text.smpResponderProcessPairingConfirm)
                  0001cee4    0000008c     ti_freertos_config.o (.text.vTaskDelete)
                  0001cf70    0000008c     ti_freertos_config.o (.text.vTaskSuspend)
                  0001cffc    0000008a     OneLib.a : OneLib_Host_GAP_gap_linkmgr.obj (.text.sendEstLinkEventV2)
                  0001d086    00000002     rom_init.o (.text.MAP_l2capNotifyChannelTermEvt)
                  0001d088    00000088     secure_drivers_cc27xxx10.a : CryptoKeyKeyStore_PSA_helpers.c.obj (.text.KeyStore_PSA_assetPostProcessing)
                  0001d110    00000088     rcl_cc27xxx10.a : RCL_Buffer.c.obj (.text.RCL_MultiBuffer_RxEntry_next)
                  0001d198    00000088     StackWrapper.a : StackWrapper_Host_gapbondmgr.obj (.text.gapBondMgr_ServiceChangeInd)
                  0001d220    00000088     OneLib.a : OneLib_Host_GATT_gatt_client.obj (.text.gattClientHandleConnStatusCB)
                  0001d2a8    00000088              : OneLib_Host_GATT_gatt_server.obj (.text.gattServerHandleConnStatusCB)
                  0001d330    00000088              : OneLib_Host_L2CAP_l2cap_util.obj (.text.l2capEncapSendData)
                  0001d3b8    00000088              : OneLib_LL_ll_common.obj (.text.llCBTimer_AptoExpiredCback)
                  0001d440    00000088              : OneLib_LL_ll_ae.obj (.text.llGetNextOrPreviousExtScanChannelIndex)
                  0001d4c8    00000088              : OneLib_LL_ll_common.obj (.text.llProcessScanTimeout)
                  0001d550    00000088              : OneLib_LL_ll_ble.obj (.text.llReplaceRxBuffers)
                  0001d5d8    00000088     hsmddk_cc27xxx10_its.a : adapter_vex_device.c.obj (.text.vex_DeviceInit)
                  0001d660    00000088     ti_freertos_config.o (.text.xQueueGenericReset)
                  0001d6e8    00000086     secure_drivers_cc27xxx10.a : AESCCMXXF3.c.obj (.text.AESCCMXXF3HSM_processFinalBlockPostProcessing)
                  0001d76e    00000086                                : AESECBXXF3.c.obj (.text.AESECB_oneStepEncrypt)
                  0001d7f4    00000086     hsmddk_cc27xxx10_its.a : asn1der_parse.c.obj (.text.Asn1Der_GetLength)
                  0001d87a    00000086     OneLib.a : OneLib_LL_ll_common.obj (.text.llValidateConnParams)
                  0001d900    00000084     secure_drivers_cc27xxx10.a : AESCCMXXF3.c.obj (.text.AESCCMXXF3HSM_getKeyMaterial)
                  0001d984    00000084                                : AESCTRXXF3.c.obj (.text.AESCTRXXF3_processData)
                  0001da08    00000084     hsmddk_cc27xxx10_its.a : asn1der_parse.c.obj (.text.Asn1Der_GetAlgorithm)
                  0001da8c    00000084     OneLib.a : OneLib_LL_crypto_port_simplelink.obj (.text.CryptoP_ECDHGenerateDHKey)
                  0001db10    00000084              : OneLib_Host_GATT_gatt_server.obj (.text.GATT_FindNextAttr)
                  0001db94    00000084              : OneLib_Host_GAP_gap_scanner.obj (.text.GapScan_getAdvReport)
                  0001dc18    00000084              : OneLib_Host_GAP_gap_scanner.obj (.text.GapScan_setEventMask)
                  0001dc9c    00000084              : OneLib_Host_L2CAP_l2cap_if.obj (.text.L2CAP_ConnParamUpdateReq)
                  0001dd20    00000084              : OneLib_LL_ll_enc.obj (.text.LL_ENC_Encrypt)
                  0001dda4    00000084              : OneLib_LL_ll_isr.obj (.text.LL_rclPeripheralCallback)
                  0001de28    00000084     drivers_cc27xxx10.a : PowerCC27XX.c.obj (.text.Power_sleep)
                  0001deac    00000084     StackWrapper.a : StackWrapper_Host_gapbondmgr.obj (.text.gapBondMgr_SyncCharCfg)
                  0001df30    00000084     OneLib.a : OneLib_Host_Profiles_gattservapp.obj (.text.gattServApp_buildReadByTypeRsp)
                  0001dfb4    00000084              : OneLib_LL_ll_common.obj (.text.llReplaceCtrlPkt)
                  0001e038    00000084     hsmddk_cc27xxx10_its.a : adapter_psa_asset.c.obj (.text.psaInt_AssetLoadPlaintext)
                  0001e0bc    00000084     ti_freertos_config.o (.text.vTaskSwitchContext)
                  0001e140    00000082     OneLib.a : OneLib_LL_ll.obj (.text.LL_RemoteConnParamReqReply)
                  0001e1c2    00000002     rom_init.o (.text.MAP_l2capProcessConnectReq)
                  0001e1c4    00000080     bleapputil_init.o (.text.BLEAppUtil_initGatt)
                  0001e244    00000080     nvocmp.o (.text.NVOCMP_getFreeNvApi)
                  0001e2c4    00000080     OneLib.a : OneLib_LL_ll_ae.obj (.text.llParseScanRXEntry)
                  0001e344    00000080              : OneLib_LL_ll_common.obj (.text.llWriteTxData)
                  0001e3c4    00000080              : OneLib_Host_SM_sm_pairing.obj (.text.smUpdateEncInfo)
                  0001e444    0000007e     nvocmp.o (.text.NVOCMP_readHeader)
                  0001e4c2    0000007e     StackWrapper.a : StackWrapper_Host_gattservapp_util.obj (.text.gattServApp_SendNotiInd)
                  0001e540    0000007c     bleapputil_process.o (.text.BLEAppUtil_convertGAPEvents)
                  0001e5bc    0000007c     drivers_cc27xxx10.a : BatMonSupportLPF3.c.obj (.text.BatMonSupportLPF3_init)
                  0001e638    0000007c     ti_drivers_config.o (.text.Board_init)
                  0001e6b4    0000007c     ti_freertos_config.o (.text.ClockP_startup)
                  0001e730    0000007c     secure_drivers_cc27xxx10.a : ECDHXXF3HSM.c.obj (.text.ECDH_computeSharedSecret)
                  0001e7ac    0000007c     OneLib.a : OneLib_Host_GATT_gatt_task.obj (.text.GATT_bm_alloc)
                  0001e828    0000007c              : OneLib_Host_L2CAP_l2cap_task.obj (.text.L2CAP_ProcessEvent)
                  0001e8a4    0000007c     rcl_cc27xxx10.a : LRFLPF3_FIFO.c.obj (.text.LRF_prepareRxFifo)
                  0001e920    0000007c     menu_module.o (.text.MenuModule_printMenuNavBar)
                  0001e99c    0000007c     OneLib.a : OneLib_Host_GAP_gap_task.obj (.text.gapProcessOSALMsg)
                  0001ea18    0000007c              : OneLib_LL_ll_common.obj (.text.llApplyParamUpdate)
                  0001ea94    0000007c              : OneLib_LL_ll_ae.obj (.text.llHandleScanRxEntry)
                  0001eb10    0000007c     hsmddk_cc27xxx10_its.a : adapter_psa_asset.c.obj (.text.psaInt_AssetSearch)
                  0001eb8c    0000007c     rcl_cc27xxx10.a : RCL_Scheduler.c.obj (.text.rclSchedulerSetNewStopTime)
                  0001ec08    0000007c     ti_freertos_config.o (.text.vPortGetHeapStats)
                  0001ec84    0000007c     ti_freertos_config.o (.text.vTaskPriorityDisinheritAfterTimeout)
                  0001ed00    0000007c     ti_freertos_config.o (.text.xQueueGenericSendFromISR)
                  0001ed7c    0000007a     StackWrapper.a : StackWrapper_Host_gapbondmgr.obj (.text.GAPBondMgr_checkRandomAddr)
                  0001edf6    0000007a     OneLib.a : OneLib_Host_GATT_gatt_client.obj (.text.gattResetClientInfo)
                  0001ee70    0000007a              : OneLib_LL_ll_common.obj (.text.llVerifyConnParamReqParams)
                  0001eeea    0000007a     ti_freertos_config.o (.text.memalign)
                  0001ef64    0000007a     ti_freertos_config.o (.text.prvInitialiseNewTask)
                  0001efde    00000002     OneLib.a : common_lib_opt_ctrl_stub_initiator.obj (.text.OPT_LL_DisableScanningForInitiator)
                  0001efe0    00000078     secure_drivers_cc27xxx10.a : ECDHXXF3HSM.c.obj (.text.ECDH_generatePublicKey)
                  0001f058    00000078     hsmddk_cc27xxx10_its.a : eip201.c.obj (.text.EIP201_Config_Change)
                  0001f0d0    00000078     OneLib.a : OneLib_Host_GATT_gatt_server.obj (.text.GATT_Notification)
                  0001f148    00000078     rcl_cc27xxx10.a : LRFLPF3_FIFO.c.obj (.text.LRF_peekRxFifo)
                  0001f1c0    00000078                     : LRFLPF3_FIFO.c.obj (.text.LRF_writeFifoPtr)
                  0001f238    00000078                     : ble5.c.obj (.text.RCL_Handler_BLE5_updateBackoffParams)
                  0001f2b0    00000078     StackWrapper.a : StackWrapper_Host_gapbondmgr.obj (.text.gapBondMgrSetStateFlagFromConnhandle)
                  0001f328    00000078     OneLib.a : OneLib_Host_L2CAP_l2cap_task.obj (.text.l2capProcessRxData)
                  0001f3a0    00000078              : OneLib_LL_ll_common.obj (.text.llPeriSetConnChannelParams)
                  0001f418    00000078     StackWrapper.a : StackWrapper_OSAL_osal.obj (.text.osal_init_system)
                  0001f490    00000078     OneLib.a : OneLib_Host_SM_sm_intpairing.obj (.text.smpInitiatorProcessPairingPubKey)
                  0001f508    00000078     driverlib.a : udma.c.obj (.text.uDMASetChannelTransfer)
                  0001f580    00000078     ti_freertos_config.o (.text.xEventGroupSetBits)
                  0001f5f8    00000076     OneLib.a : OneLib_Host_GAP_gap_linkmgr.obj (.text.sendEstLinkEvent)
                  0001f66e    00000002              : common_lib_opt_ctrl_stub_connection_handover.obj (.text.OPT_LL_Handover_SetRxBlockValue)
                  0001f670    00000074     ti_freertos_config.o (.text.ClockP_hwiCallback)
                  0001f6e4    00000074     OneLib.a : OneLib_LL_crypto_port_simplelink.obj (.text.CryptoP_ECDHGenerateKeyPair)
                  0001f758    00000074              : OneLib_Host_GAP_gap_configmgr.obj (.text.GAP_GetDevAddress)
                  0001f7cc    00000074              : OneLib_Host_Profiles_gattservapp.obj (.text.GATTServApp_RegisterService)
                  0001f840    00000074              : OneLib_Host_GATT_gatt_server.obj (.text.GATT_VerifyReadPermissions)
                  0001f8b4    00000074     secure_drivers_cc27xxx10.a : HSMXXF3Utility.c.obj (.text.HSMXXF3_asymDHPubKeyToHW)
                  0001f928    00000074                                : HSMXXF3.c.obj (.text.HSMXXF3_submitToken)
                  0001f99c    00000074                                : HSMXXF3.c.obj (.text.HSMXXF3_wakeUp)
                  0001fa10    00000074     ti_freertos_config.o (.text.HwiP_construct)
                  0001fa84    00000074     OneLib.a : OneLib_LL_ll.obj (.text.LL_RemoveDeviceFromResolvingList)
                  0001faf8    00000074              : OneLib_LL_ll.obj (.text.LL_SetRandomAddress)
                  0001fb6c    00000074     rcl_cc27xxx10.a : RCLLPF3_Hal.c.obj (.text.RCL_Hal_initFsm)
                  0001fbe0    00000074     drivers_cc27xxx10.a : UART2LPF3.c.obj (.text.UART2Support_dmaStopTx)
                  0001fc54    00000074     OneLib.a : OneLib_Host_GAP_gap_linkmgr.obj (.text.gapProcessDisconnectCompleteEvt)
                  0001fcc8    00000074     hsmddk_cc27xxx10_its.a : its_flash_fs_mblock.c.obj (.text.its_flash_fs_mblock_read_block_metadata)
                  0001fd3c    00000074     OneLib.a : OneLib_Host_L2CAP_l2cap_task.obj (.text.l2capProcessOSALMsg)
                  0001fdb0    00000074              : OneLib_LL_ll_scheduler.obj (.text.llLinkSchedSetup)
                  0001fe24    00000072     secure_drivers_cc27xxx10.a : ECDHXXF3HSM.c.obj (.text.ECDHXXF3HSM_readSharedSecret)
                  0001fe96    00000072     OneLib.a : OneLib_HCI_hci_event_raw.obj (.text.HCI_SendCommandCompleteEvent)
                  0001ff08    00000070              : OneLib_Host_Profiles_gattservapp.obj (.text.GATTServApp_WriteAttr)
                  0001ff78    00000070     secure_drivers_cc27xxx10.a : HSMXXF3.c.obj (.text.HSMXXF3_waitForResult)
                  0001ffe8    00000070     icall_POSIX.o (.text.ICall_createRemoteTasksAtRuntime)
                  00020058    00000070     icall_POSIX.o (.text.ICall_setTimer)
                  000200c8    00000070     OneLib.a : OneLib_LL_ll.obj (.text.LE_SetExtAdvAndScanRspData)
                  00020138    00000070              : OneLib_LL_ll_isr.obj (.text.LL_rclAdvCallback)
                  000201a8    00000070     nvocmp.o (.text.NVOCMP_readItemApi)
                  00020218    00000070     drivers_cc27xxx10.a : PowerCC27XX.c.obj (.text.Power_releaseDependency)
                  00020288    00000070                         : PowerCC27XX.c.obj (.text.Power_setDependency)
                  000202f8    00000070     app_simple_gatt.o (.text.SimpleGatt_start)
                  00020368    00000070     ti_freertos_config.o (.text.formatNum)
                  000203d8    00000070     OneLib.a : OneLib_Host_GAP_gap_perilinkmgr.obj (.text.gapPeriProcessSignalEvt)
                  00020448    00000070              : OneLib_Host_L2CAP_l2cap_util.obj (.text.l2capSendCmd)
                  000204b8    00000070              : OneLib_LL_ll_common.obj (.text.llUpdateRxBuffersForActiveConnections)
                  00020528    00000070     osal_icall_ble.o (.text.osalInitTasks)
                  00020598    00000070     StackWrapper.a : StackWrapper_OSAL_osal.obj (.text.osal_msg_receive)
                  00020608    00000070     ti_freertos_config.o (.text.prvCheckForValidListAndQueue)
                  00020678    00000070     ti_freertos_config.o (.text.prvCopyDataToQueue)
                  000206e8    00000070     ti_freertos_config.o (.text.prvUnlockQueue)
                  00020758    00000070     OneLib.a : OneLib_Host_SM_sm_pairing.obj (.text.smOobSCAuthentication)
                  000207c8    00000070     ti_freertos_config.o (.text.xQueueReceiveFromISR)
                  00020838    00000070     libc.a : copy_decompress_lzss.c.obj (.text:decompress:lzss)
                  000208a8    0000006c     hsmddk_cc27xxx10_its.a : adapter_init.c.obj (.text.Adapter_Init)
                  00020914    0000006c     app_connection.o (.text.Connection_HciGAPEventHandler)
                  00020980    0000006c     OneLib.a : OneLib_LL_crypto_port_simplelink.obj (.text.CryptoP_AESCCM)
                  000209ec    0000006c     hsmddk_cc27xxx10_its.a : device_generic.c.obj (.text.Device_Find)
                  00020a58    0000006c                            : eip130.c.obj (.text.EIP130_MailboxWriteAndSubmitToken)
                  00020ac4    0000006c     OneLib.a : OneLib_Host_GATT_gatt_server.obj (.text.GATT_InitServer)
                  00020b30    0000006c     secure_drivers_cc27xxx10.a : HSMXXF3.c.obj (.text.HSMXXF3_constructECDHGenPubPhysicalToken)
                  00020b9c    0000006c     OneLib.a : OneLib_LL_ll.obj (.text.LL_EXT_SetMaxDataLen)
                  00020c08    0000006c     nvocmp.o (.text.NVOCMP_eraseNvApi)
                  00020c74    0000006c     nvocmp.o (.text.NVOCMP_writeItemApi)
                  00020ce0    0000006c     rcl_cc27xxx10.a : ble5.c.obj (.text.RCL_Handler_BLE5_findRfFreq)
                  00020d4c    0000006c     OneLib.a : OneLib_Host_SM_sm_rsppairing.obj (.text.SM_ResponderInit)
                  00020db8    0000006c     simple_gatt_profile.o (.text.SimpleGattProfile_readAttrCB)
                  00020e24    0000006c     OneLib.a : OneLib_LL_ll_common.obj (.text.llAllocConnection)
                  00020e90    0000006c              : OneLib_LL_ll_common.obj (.text.llEnqueueCtrlPkt)
                  00020efc    0000006c              : OneLib_LL_ll_ae.obj (.text.llFindNextSecCmd)
                  00020f68    0000006c              : OneLib_LL_ll_common.obj (.text.llPeriSetConnSyncParams)
                  00020fd4    0000006c              : OneLib_LL_ll_common.obj (.text.llSetNextDataChan)
                  00021040    0000006c              : OneLib_LL_ll_ae.obj (.text.llUpdateSortedAdvList)
                  000210ac    0000006c     hsmddk_cc27xxx10_its.a : adapter_psa_asym_parse.c.obj (.text.local_GetAlgorithm)
                  00021118    0000006c     StackWrapper.a : StackWrapper_OSAL_osal.obj (.text.osal_event_send)
                  00021184    0000006c     ti_freertos_portable_config.o (.text.pxPortInitialiseStack)
                  000211f0    0000006c     hsmddk_cc27xxx10_its.a : adapter_vex_device.c.obj (.text.vexLocal_DeviceInit)
                  0002125c    0000006a     secure_drivers_cc27xxx10.a : ECDHXXF3HSM.c.obj (.text.ECDHXXF3HSM_freeAllAssets)
                  000212c6    0000006a     libclang_rt.builtins.a : comparedf2.c.obj (.text.__gedf2)
                  00021330    0000006a                            : comparedf2.c.obj (.text.__ledf2)
                  0002139a    0000006a     OneLib.a : OneLib_LL_ll_common.obj (.text.llFragmentPDU)
                  00021404    00000068     app_main.o (.text.App_StackInitDoneHandler)
                  0002146c    00000068     secure_drivers_cc27xxx10.a : ECDHXXF3HSM.c.obj (.text.ECDH_construct)
                  000214d4    00000068     StackWrapper.a : StackWrapper_Host_gap.obj (.text.GAP_DeviceInit_validate_params)
                  0002153c    00000068     OneLib.a : OneLib_Host_GATT_gatt_server.obj (.text.GATT_ServiceChangedInd)
                  000215a4    00000068              : OneLib_HCI_hci_event.obj (.text.HCI_VendorSpecifcCommandCompleteEvent)
                  0002160c    00000068     secure_drivers_cc27xxx10.a : HSMXXF3Utility.c.obj (.text.HSMXXF3_asymDHPubKeyFromHW)
                  00021674    00000068     icall_POSIX.o (.text.ICall_enrollService)
                  000216dc    00000068     hsmddk_cc27xxx10_its.a : adapter_psa_preprovisioned_keys.c.obj (.text.KeyMgmt_getPreProvisionedKey)
                  00021744    00000068     OneLib.a : OneLib_LL_ll.obj (.text.LE_RemoveAdvSet)
                  000217ac    00000068              : OneLib_LL_ll.obj (.text.LL_ClearAdvSets)
                  00021814    00000068              : OneLib_LL_ll_privacy.obj (.text.LL_PRIV_Init)
                  0002187c    00000068              : OneLib_HCI_hci_event.obj (.text.LL_PhyUpdateCompleteEventCback)
                  000218e4    00000068              : OneLib_LL_ll.obj (.text.LL_WriteDefaultDataLen)
                  0002194c    00000068              : OneLib_LL_ll_isr.obj (.text.LL_rclScanCallback)
                  000219b4    00000068     rcl_cc27xxx10.a : ble5.c.obj (.text.RCL_Handler_BLE5_setCoexRegister)
                  00021a1c    00000068     OneLib.a : OneLib_LL_ll_common.obj (.text.RfBleDpl_setConnPhy)
                  00021a84    00000068              : OneLib_Host_GAP_gap_perilinkmgr.obj (.text.gapPeriProcessConnUpdateCompleteEvt)
                  00021aec    00000068              : OneLib_Host_GAP_gap_configmgr.obj (.text.gapSendDeviceInitDoneEvent)
                  00021b54    00000068              : OneLib_LL_ll_ble.obj (.text.llSetupConnRxDataEntryQueue)
                  00021bbc    00000068              : OneLib_Host_SM_sm_rsppairing.obj (.text.smpResponderProcessPairingDHKeyCheck)
                  00021c24    00000068     ti_freertos_config.o (.text.xTaskPriorityDisinherit)
                  00021c8c    00000066     tpms_parser.o (.text.Tpms_parseTestPacket)
                  00021cf2    00000066     hsmddk_cc27xxx10_its.a : its_flash_fs_mblock.c.obj (.text.its_flash_fs_mblock_get_file_idx_meta)
                  00021d58    00000066     OneLib.a : OneLib_LL_ll_common.obj (.text.llIsThereACollisionBetweenConn)
                  00021dbe    00000066     rcl_cc27xxx10.a : RCL_Scheduler.c.obj (.text.rclSchedulerFindEarliestStopTime)
                  00021e24    00000064     secure_drivers_cc27xxx10.a : AESCommonXXF3.c.obj (.text.AESCommonXXF3_construct)
                  00021e88    00000064     bleapputil_task.o (.text.BLEAppUtil_createBLEAppUtilTask)
                  00021eec    00000064     bleapputil_task.o (.text.BLEAppUtil_enqueueMsg)
                  00021f50    00000064     ti_freertos_config.o (.text.ClockP_start)
                  00021fb4    00000064     hsmddk_cc27xxx10_its.a : hwpal_device_mb.c.obj (.text.Device_Read32Check)
                  00022018    00000064                            : hwpal_device_mb.c.obj (.text.Device_Write32)
                  0002207c    00000064     OneLib.a : OneLib_Host_GAP_gap_task.obj (.text.GAP_ProcessEvent)
                  000220e0    00000064              : OneLib_Host_GATT_gatt_server.obj (.text.GATT_FindHandleUUID)
                  00022144    00000064     icall_POSIX.o (.text.ICall_sendServiceComplete)
                  000221a8    00000064     OneLib.a : OneLib_LL_ll.obj (.text.LL_EXT_GetActiveConnInfo)
                  0002220c    00000004              : OneLib_Host_ATT_att_util.obj (.text.ATT_BuildReadRsp)
                  00022210    00000064     ti_freertos_portable_config.o (.text.PendSV_Handler)
                  00022274    00000064     rcl_cc27xxx10.a : RCL_Scheduler.c.obj (.text.RCL_Scheduler_updateStopStatus)
                  000222d8    00000064     StackWrapper.a : StackWrapper_Host_gapbondmgr.obj (.text.gapBondMgrUpdateLruBondList)
                  0002233c    00000064                    : StackWrapper_Host_gapbondmgr.obj (.text.gapBondMgr_Pair)
                  000223a0    00000064     OneLib.a : OneLib_Host_GAP_gap_linkmgr.obj (.text.gapSendPairingReqEvent)
                  00022404    00000064              : OneLib_LL_ll_common.obj (.text.llDequeueCtrlPkt)
                  00022468    00000064     hsmddk_cc27xxx10_its.a : adapter_psa_key_management.c.obj (.text.local_AsymBigIntToHW)
                  000224cc    00000064     OneLib.a : OneLib_Host_SM_sm_pairing.obj (.text.smFreePairingParams)
                  00022530    00000064              : OneLib_Host_SM_sm_intpairing.obj (.text.smInitiatorAuthStageTwo)
                  00022594    00000064     ti_freertos_config.o (.text.xQueueGiveFromISR)
                  000225f8    00000062     OneLib.a : OneLib_Host_SM_sm_intpairing.obj (.text.SM_StartEncryption)
                  0002265a    00000002              : common_lib_opt_ctrl_stub_past_receiver.obj (.text.OPT_LL_PAST_R_DynamicFree)
                  0002265c    00000062     libclang_rt.builtins.a : aeabi_dcmp.S.obj (.text.__aeabi_dcmp)
                  000226be    00000062     StackWrapper.a : StackWrapper_Host_gapbondmgr.obj (.text.gapBondMgrBondReq)
                  00022720    00000062     OneLib.a : OneLib_LL_ll_scheduler.obj (.text.llSelectTaskScan)
                  00022782    00000002              : common_lib_opt_ctrl_stub_past_receiver.obj (.text.OPT_LL_PAST_R_ProcessIndPackets)
                  00022784    00000060     secure_drivers_cc27xxx10.a : AESECBXXF3.c.obj (.text.AESECBXXF3_hwiFxn)
                  000227e4    00000060     bleapputil_init.o (.text.BLEAppUtil_initHostAdvSet)
                  00022844    00000060     ti_freertos_config.o (.text.ClockP_stop)
                  000228a4    00000060     secure_drivers_cc27xxx10.a : CryptoResourceXXF3.c.obj (.text.CryptoResourceXXF3_constructRTOSObjects)
                  00022904    00000060     hsmddk_cc27xxx10_its.a : eip130_token_common.c.obj (.text.Eip130Token_Command_WriteByteArray)
                  00022964    00000060     OneLib.a : OneLib_Host_Profiles_gapgattserver.obj (.text.GGS_SetParameter)
                  000229c4    00000060     drivers_cc27xxx10.a : GPIOLPF3.c.obj (.text.GPIO_setConfigAndMux)
                  00022a24    00000060     OneLib.a : OneLib_Host_GAP_gap_advertiser.obj (.text.GapAdv_abortLoad)
                  00022a84    00000060     secure_drivers_cc27xxx10.a : CryptoKeyKeyStore_PSA_helpers.c.obj (.text.KeyStore_PSA_getKey)
                  00022ae4    00000060     OneLib.a : OneLib_LL_ll_ae.obj (.text.LL_DisableAdvSets)
                  00022b44    00000060              : OneLib_HCI_hci_event.obj (.text.LL_RemoteConnParamReqCback)
                  00022ba4    00000060     rcl_cc27xxx10.a : LRFLPF3_FIFO.c.obj (.text.LRF_prepareTxFifo)
                  00022c04    00000060     menu_module.o (.text.MenuModule_doInit)
                  00022c64    00000060     nvocmp.o (.text.NVOCMP_checkItem)
                  00022cc4    00000060     nvocmp.o (.text.NVOCMP_verifyCRC)
                  00022d24    00000060     rcl_cc27xxx10.a : RCLLPF3_Hal.c.obj (.text.RCL_Hal_setupSetupTime)
                  00022d84    00000060     OneLib.a : OneLib_Host_GAP_gap_task.obj (.text.gapProcessCommandStatusEvt)
                  00022de4    00000060              : OneLib_Host_GAP_gap_scanner.obj (.text.gapScan_filterDiscMode)
                  00022e44    00000060              : OneLib_Host_GAP_gap_configmgr.obj (.text.gapSetIRK)
                  00022ea4    00000060              : OneLib_Host_GAP_gap_configmgr.obj (.text.gap_ParamsInit)
                  00022f04    00000060              : OneLib_Host_GATT_gatt_client.obj (.text.gattReadByType)
                  00022f64    00000060              : OneLib_Host_GAP_linkdb.obj (.text.linkDB_Authen)
                  00022fc4    00000060              : OneLib_Host_GAP_linkdb.obj (.text.linkDB_Init)
                  00023024    00000060              : OneLib_LL_ll_common.obj (.text.llAdjustScanStartTimeForConnWindow)
                  00023084    00000060              : OneLib_LL_ll_ae.obj (.text.llCompareSecondaryPrimaryTasksQoSParam)
                  000230e4    00000060     hsmddk_cc27xxx10_its.a : adapter_psa_system.c.obj (.text.psaInt_IsAccessSecure)
                  00023144    00000060     OneLib.a : OneLib_Host_SM_sm_rsppairing.obj (.text.smResponderAuthStageTwo)
                  000231a4    00000060              : OneLib_Host_SM_sm_rsppairing.obj (.text.smpResponderProcessCentralID)
                  00023204    00000060              : OneLib_Host_SM_sm_rsppairing.obj (.text.smpResponderProcessPairingPublicKey)
                  00023264    0000005e              : OneLib_Host_ATT_att_util.obj (.text.ATT_ParsePacket)
                  000232c2    0000005e     StackWrapper.a : StackWrapper_Host_gapbondmgr.obj (.text.GapBondMgr_GetPrevAuth)
                  00023320    0000005e     libclang_rt.builtins.a : divmoddi4.c.obj (.text.__divmoddi4)
                  0002337e    00000002     OneLib.a : common_lib_opt_ctrl_stub_past_receiver.obj (.text.OPT_LL_PAST_R_Reset)
                  00023380    0000005c     bleapputil_init.o (.text.BLEAppUtil_init)
                  000233dc    0000005c     bleapputil_init.o (.text.BLEAppUtil_stackInit)
                  00023438    0000005c     ti_freertos_config.o (.text.ClockP_walkQueueDynamic)
                  00023494    0000005c     secure_drivers_cc27xxx10.a : HSMXXF3.c.obj (.text.HSMXXF3_constructRTOSObjects)
                  000234f0    0000005c                                : HSMXXF3.c.obj (.text.HSMXXF3_hwiFxn)
                  0002354c    0000005c     OneLib.a : OneLib_LL_ll.obj (.text.LL_ClearResolvingList)
                  000235a8    0000005c              : OneLib_LL_ll.obj (.text.LL_EncLtkNegReply)
                  00023604    0000005c              : OneLib_HCI_hci_event.obj (.text.LL_ReadLocalP256PublicKeyCompleteEventCback)
                  00023660    0000005c     rcl_cc27xxx10.a : ble5.c.obj (.text.RCL_BLE5_updateFilterList)
                  000236bc    0000005c     app_simple_gatt.o (.text.SimpleGatt_changeCB)
                  00023718    0000005c     drivers_cc27xxx10.a : UART2LPF3.c.obj (.text.UART2Support_dmaStopRx)
                  00023774    0000005c     StackWrapper.a : StackWrapper_Host_gapbondmgr.obj (.text.gapBondStateDoGATTDisc)
                  000237d0    0000005c     icall_POSIX.o (.text.icall_directAPIva)
                  0002382c    0000005c     OneLib.a : OneLib_Host_L2CAP_l2cap_util.obj (.text.l2capNotifyEvent)
                  00023888    0000005c              : OneLib_Host_L2CAP_l2cap_util.obj (.text.l2capParsePacket)
                  000238e4    0000005c              : OneLib_LL_ll_scheduler.obj (.text.llSchedulerInit)
                  00023940    0000005c              : OneLib_LL_ll_scheduler.obj (.text.llScheduler_getHandle)
                  0002399c    0000005c              : OneLib_LL_ll_ae.obj (.text.llSendAdvSetTermEvent)
                  000239f8    0000005c     hsmddk_cc27xxx10_its.a : adapter_psa_asset.c.obj (.text.psaInt_AsymEccInstallCurve)
                  00023a54    0000005c     OneLib.a : OneLib_Host_SM_sm_intpairing.obj (.text.smpInitiatorProcessCentralID)
                  00023ab0    0000005c              : OneLib_Host_SM_sm_intpairing.obj (.text.smpInitiatorProcessPairingDHKeyCheck)
                  00023b0c    0000005c     ti_freertos_config.o (.text.vTaskStartScheduler)
                  00023b68    0000005a     hsmddk_cc27xxx10_its.a : eip130.c.obj (.text.EIP130_MailboxGetOptions)
                  00023bc2    0000005a     OneLib.a : OneLib_LL_ll_dfl.obj (.text.LL_DFL_AddEntry)
                  00023c1c    0000005a              : OneLib_LL_ll_dfl.obj (.text.llDFLUpdateRanks)
                  00023c76    00000002              : common_lib_opt_ctrl_stub_past_receiver.obj (.text.OPT_LL_PAST_R_ResetConnParamsToDefault)
                  00023c78    00000058     secure_drivers_cc27xxx10.a : AESCommonXXF3.c.obj (.text.AESCommonXXF3_cleanup)
                  00023cd0    00000058     bleapputil_process.o (.text.BLEAppUtil_processStackEvents)
                  00023d28    00000058     drivers_cc27xxx10.a : Button.c.obj (.text.Button_gpioCallbackFxn)
                  00023d80    00000058     OneLib.a : OneLib_LL_crypto_port_simplelink.obj (.text.CryptoP_RNGInit)
                  00023dd8    00000058              : OneLib_HCI_hci.obj (.text.HCI_HostNumCompletedPktCmd)
                  00023e30    00000058     icall_POSIX.o (.text.ICall_fetchMsg)
                  00023e88    00000058     icall_POSIX.o (.text.ICall_registerApp)
                  00023ee0    00000058     OneLib.a : OneLib_LL_ll.obj (.text.LE_checkAdvConnStatus)
                  00023f38    00000058              : OneLib_LL_ll_enc.obj (.text.LL_ENC_DecryptMsg)
                  00023f90    00000058              : OneLib_LL_ll.obj (.text.LL_GenerateDHKeyCmd)
                  00023fe8    00000058     menu_module.o (.text.MenuModule_initButtons)
                  00024040    00000058     rcl_cc27xxx10.a : RCLLPF3_Hal.c.obj (.text.RCL_Hal_setupStartTime)
                  00024098    00000058                     : RCL.c.obj (.text.RCL_open)
                  000240f0    00000058     StackWrapper.a : StackWrapper_Host_sm_ecc.obj (.text.SM_p256KeyCB)
                  00024148    00000058                    : StackWrapper_Host_gapbondmgr.obj (.text.gapBondMgrChangeState)
                  000241a0    00000058                    : StackWrapper_Host_gapbondmgr.obj (.text.gapBondMgr_UpdateCharCfg)
                  000241f8    00000058     OneLib.a : OneLib_Host_GAP_gap_linkmgr.obj (.text.gapPasskeyNeededCB)
                  00024250    00000058              : OneLib_LL_ll_common.obj (.text.llCreateCommonFeatureSet)
                  000242a8    00000058              : OneLib_LL_ll_common.obj (.text.llPeriUpdateConnParamsByInitiatorPhy)
                  00024300    00000058              : OneLib_LL_ll_common.obj (.text.llQueryTxQueue)
                  00024358    00000058              : OneLib_LL_ll_ecc.obj (.text.ll_GenerateDHKey)
                  000243b0    00000058     ti_freertos_config.o (.text.mq_send)
                  00024408    00000058     StackWrapper.a : StackWrapper_OSAL_osal_cbtimer.obj (.text.osal_CbTimerUpdate)
                  00024460    00000058     ti_freertos_config.o (.text.prvIdleTask)
                  000244b8    00000058     hsmddk_cc27xxx10_its.a : adapter_psa_asset.c.obj (.text.psaInt_AssetFree)
                  00024510    00000058     OneLib.a : OneLib_Host_SM_sm_intpairing.obj (.text.setupInitiatorKeys)
                  00024568    00000058              : OneLib_Host_SM_sm_pairing.obj (.text.smDetermineIOCaps)
                  000245c0    00000058              : OneLib_Host_SM_sm_task.obj (.text.smProcessLTKRequest_gapBond)
                  00024618    00000058              : OneLib_Host_SM_sm_pairing.obj (.text.smSendPublicKeys)
                  00024670    00000058     osal_icall_ble.o (.text.stack_main)
                  000246c8    00000058     ti_freertos_config.o (.text.xTaskCreate)
                  00024720    00000056     OneLib.a : OneLib_Host_ATT_att_util.obj (.text.ATT_CompareUUID)
                  00024776    00000056     bleapputil_stack_callbacks.o (.text.BLEAppUtil_scanCB)
                  000247cc    00000056     StackWrapper.a : StackWrapper_Host_gapbondmgr.obj (.text.GAPBondMgr_ReadLocalLTK)
                  00024822    00000056     drivers_cc27xxx10.a : UART2.c.obj (.text.UART2_readCancel)
                  00024878    00000056     OneLib.a : OneLib_Host_GATT_gatt_task.obj (.text.gattNotifyEvent)
                  000248ce    00000056              : OneLib_LL_ll_common.obj (.text.llSetCodedMaxTxTime)
                  00024924    00000056              : OneLib_LL_ll_common.obj (.text.llShellSortActiveConns)
                  0002497a    00000056     ti_freertos_config.o (.text.pthread_exit)
                  000249d0    00000054     secure_drivers_cc27xxx10.a : AESECBXXF3.c.obj (.text.AESECBXXF3_processData)
                  00024a24    00000054     OneLib.a : OneLib_LL_ll_al.obj (.text.AL_FindEntry)
                  00024a78    00000054     bleapputil_stack_callbacks.o (.text.BLEAppUtil_advCB)
                  00024acc    00000054     bleapputil_process.o (.text.BLEAppUtil_convertGATTEvents)
                  00024b20    00000054     bleapputil_init.o (.text.BLEAppUtil_initGap)
                  00024b74    00000054     ti_drivers_config.o (.text.Board_sendExtFlashByte)
                  00024bc8    00000054     app_dev_info.o (.text.DevInfo_start)
                  00024c1c    00000054     StackWrapper.a : StackWrapper_Host_gapbondmgr.obj (.text.GapBondMgr_StartEnc)
                  00024c70    00000054     OneLib.a : OneLib_Host_GAP_gap_scanner.obj (.text.GapScan_setPhyParams)
                  00024cc4    00000054     icall_POSIX.o (.text.ICall_workerThreadSendMsg)
                  00024d18    00000054     driverlib.a : interrupt.c.obj (.text.IntSetPend)
                  00024d6c    00000054     OneLib.a : OneLib_LL_ll.obj (.text.LL_Disconnect)
                  00024dc0    00000054              : OneLib_LL_ll.obj (.text.LL_SetAddressResolutionEnable)
                  00024e14    00000054     nvocmp.o (.text.NVOCMP_compactNvApi)
                  00024e68    00000054     rcl_cc27xxx10.a : RCL_Scheduler.c.obj (.text.RCL_Scheduler_setStartStopTimeEarliestStart)
                  00024ebc    00000054     StackWrapper.a : StackWrapper_Host_gapbondmgr.obj (.text.gapBondMgrReadBonds)
                  00024f10    00000054     OneLib.a : OneLib_Host_GATT_gatt_server.obj (.text.gattProcessReadMultiReq)
                  00024f64    00000054              : OneLib_Host_L2CAP_l2cap_util.obj (.text.l2capSendFCPkt)
                  00024fb8    00000054              : OneLib_LL_ll_common.obj (.text.llEstimateConnMinTimeLength)
                  0002500c    00000054              : OneLib_LL_ll_common.obj (.text.llGetNextDataChanAlgo1)
                  00025060    00000054              : OneLib_LL_ll_common.obj (.text.llReleaseAllConnId)
                  000250b4    00000054              : OneLib_LL_ll_common.obj (.text.llSetupDenyList)
                  00025108    00000054              : OneLib_LL_ll_common.obj (.text.llVerifyCodedConnInterval)
                  0002515c    00000054     StackWrapper.a : StackWrapper_OSAL_osal_cbtimer.obj (.text.osal_CbTimerStop)
                  000251b0    00000054                    : StackWrapper_OSAL_osal_timers.obj (.text.osal_timer_refTimeUpdate)
                  00025204    00000052     display_cc27xxx10.a : DisplayUart2.c.obj (.text.DisplayUart2Min_vprintf)
                  00025256    00000002     OneLib.a : common_lib_opt_ctrl_stub_past_receiver.obj (.text.OPT_LL_PAST_R_SetFeatureBit)
                  00025258    00000050     secure_drivers_cc27xxx10.a : AESCCMXXF3.c.obj (.text.AESCCMXXF3HSM_createTempAssetID)
                  000252a8    00000050                                : AESCCMXXF3.c.obj (.text.AESCCMXXF3_processB1withAAD)
                  000252f8    00000050                                : AESCCMXXF3.c.obj (.text.AESCCMXXF3_processOneStepCTRPolling)
                  00025348    00000050     bleapputil_process.o (.text.BLEAppUtil_isStackEventRequired)
                  00025398    00000050     bleapputil_stack_callbacks.o (.text.BLEAppUtil_passcodeCB)
                  000253e8    00000050     ti_drivers_config.o (.text.Board_shutDownExtFlash)
                  00025438    00000050     display_cc27xxx10.a : Display.c.obj (.text.Display_doOpen)
                  00025488    00000050     OneLib.a : OneLib_Host_GAP_gap_linkmgr.obj (.text.GAP_PasscodeUpdate)
                  000254d8    00000050              : OneLib_Host_GAP_gap_perilinkmgr.obj (.text.GAP_SendPeripheralSecurityRequest)
                  00025528    00000050              : OneLib_HCI_hci_event.obj (.text.HCI_NumOfCompletedPacketsEvent)
                  00025578    00000050              : OneLib_HCI_hci_event_raw.obj (.text.HCI_SendEventToHost)
                  000255c8    00000050     secure_drivers_cc27xxx10.a : HSMXXF3.c.obj (.text.HSMXXF3_constructECDHGenShrdSecPhysicalToken)
                  00025618    00000050                                : HSMXXF3.c.obj (.text.HSMXXF3_sleep)
                  00025668    00000050     OneLib.a : OneLib_HCI_hci_event.obj (.text.LL_ConnParamUpdateRejectCback)
                  000256b8    00000050              : OneLib_LL_ll_enc.obj (.text.LL_ENC_AES128_Encrypt)
                  00025708    00000050              : OneLib_HCI_hci_event.obj (.text.LL_GenerateDHKeyCompleteEventCback)
                  00025758    00000050     menu_module.o (.text.MenuModule_displayMenu)
                  000257a8    00000050     nvocmp.o (.text.NVOCMP_loadApiPtrsMin)
                  000257f8    00000050     rcl_cc27xxx10.a : ble5.c.obj (.text.RCL_Handler_BLE5_InitializeFilterList)
                  00025848    00000050     drivers_cc27xxx10.a : UDMALPF3.c.obj (.text.UDMALPF3_init)
                  00025898    00000050     StackWrapper.a : StackWrapper_Host_gapbondmgr.obj (.text.gapBondMgr_SupportsCentAddrRes)
[...]
20013674  ownPublicAddr                                    
2001367a  connInitialMaxTxOctets                           
2001367c  ownRandomAddr                                    
20013682  connInitialMaxTxTime                             
20013684  ownSavedPublicAddr                               
2001368a  verInfo                                          
20013695  gAntennasInfo                                    
200136b8  BDAddrPerConnHandle                              
200136bc  SysBootMsg                                       
200136c0  activeConns                                      
200136c4  appInitDoneHandler                               
200136c8  dtmInfo                                          
200136cc  ecdhHandle                                       
200136d0  encHandleCCM                                     
200136d4  encHandleECB                                     
200136d8  errorHandlerCb                                   
200136dc  extStackSettings                                 
200136e0  gapScanUarg                                      
200136e4  handle_left                                      
200136e8  handle_right                                     
200136ec  l2capChannels                                    
200136f0  l2capPsm                                         
200136f4  linkDB                                           
200136f8  llECCCurveParams                                 
200136fc  operationResult                                  
20013700  osal_last_timestamp                              
20013704  osal_max_msecs                                   
20013708  osal_qHead                                       
2001370c  osal_syncHandle                                  
20013710  osal_tickperiod                                  
20013714  pNextAdvSet                                      
20013718  pRfPathComp                                      
2001371c  resolvingList                                    
20013720  rfHandle                                         
20013724  rngHandle                                        
20013728  taskEndAction                                    
2001372c  tasksEvents                                      
20013730  timerHead                                        
20013734  connInitialMaxTxTimeCoded                        
20013736  connInitialMaxTxTimeUncoded                      
20013738  maximumPduSize                                   
2001373a  pwrmgr_attribute                                 
2001373c  supportedMaxRxOctets                             
2001373e  supportedMaxRxTime                               
20013740  supportedMaxTxOctets                             
20013742  supportedMaxTxTime                               
20013745  LL_TaskID                                        
20013746  NVOCMP_size                                      
20013747  NVSLPF3_objects                                  
20013748  aeCurAdvEnableHandle                             
20013749  aeCurConnHandle                                  
2001374a  aeCurHandle                                      
2001374b  alSize                                           
2001374c  defaultPhy                                       
2001374d  extInitIndex                                     
2001374e  extScanIndex                                     
2001374f  fastTxRespTime                                   
20013750  fltPduTypeMask                                   
20013751  fltPduTypeWanted                                 
20013752  gAction                                          
20013753  gCurTxPowerVal                                   
20013754  gNumActiveAdvSets                                
20013755  gapDeviceAddrMode                                
20013756  gapScanEndReason                                 
20013757  gapScanMaxNumReport                              
20013758  gapScanPackedAdvRptSize                          
20013759  gapTaskID                                        
2001375a  gattNumConns                                     
2001375b  gattTaskID                                       
2001375c  hciGapTaskID                                     
2001375d  hciL2capTaskID                                   
2001375e  hciSmpTaskID                                     
2001375f  hciTaskID                                        
20013760  hciTestTaskID                                    
20013761  hciVsEvtMask                                     
20013762  icall_liteTaskId                                 
20013763  l2capNumChannels                                 
20013764  l2capTaskID                                      
20013765  l2cap_gattServAppTaskID                          
20013766  linkDBNumConns                                   
20013767  llCryptoMode                                     
20013768  llECDHMode                                       
20013769  llState                                          
2001376a  maxNumConns                                      
2001376b  maxNumTxDataBufs                                 
2001376c  maxTxPwrForDTM                                   
2001376d  numComplPkts                                     
2001376e  numComplPktsFlush                                
2001376f  numComplPktsLimit                                
20013770  numTxDataBufs                                    
20013771  onePktPerEvt                                     
20013772  osal_entity                                      
20013773  peripheralAdvHandles                             
20013774  rlSize                                           
20013775  rxFifoFlowCtrl                                   
20013776  secondaryAdvChannelMapPopCount                   
20013777  slOverride                                       
20013778  smGenerateDHKeyStatus                            
20013779  smReadLocalP256PublicKeyStatus                   
2001377a  smTaskID                                         
20013b7c  gapAttrTbl                                       
20013ccc  defaultTxPowerDbm                                
20013cce  bleUserCfg_maxPduSize                            
20013d4a  smExpectAppKeysInd                               
20013d4b  SM_appTaskID                                     
20013d4c  gpioPinConfigs                                   
20013eec  HwiP_swiPIntNum                                  
20013fd0  gapBond_removeLRUBond                            
20013fd1  gapBond_syncRL                                   
20013fec  gapBondStateNodeHead                             
20013ff0  gapBond_lruBondList                              
20014000  clientCbs                                        
20014014  gapBond_remoteOobData                            
20014150  KeyStore_semaphoreObject                         
20014244  pairMode                                         
20014245  mitm                                             
20014246  ioCap                                            
20014247  bonding                                          
20014248  secureConnection                                 
20014249  authenPairingOnly                                
2001424a  autoSyncAL                                       
2001424b  eccReGenPolicy                                   
2001424c  KeySize                                          
2001424d  removeLRUBond                                    
2001424e  KeyDistList                                      
2001424f  eccDebugKeys                                     
20014250  allowDebugKeys                                   
20014251  eraseBondWhileInConn                             
20014252  sameIrkAction                                    
20014253  advData1                                         
20014264  scanResData1                                     
20014278  advParams1                                       
200142e0  llUserConfig                                     
20014328  sm_eccKeys_sc_host_debug                         
20014368  scanResToDiscard                                 
20014369  gapScanSetParamsCmdSize                          
2001436a  gapScanPhyParamSize                              
2001436b  gapScanEnableCmdSize                             
2001436c  gapScanAdvRptFragSize                            
2001436d  gapScanEvtAdvRptSize                             
2001436e  gapScanEvtEndSize                                
2001436f  gapScanAdvRptSessionSize                         
20014370  gapScanSessionEndEventSize                       
20014374  gapScanEvtMask                                   
20014378  pGapScanSession                                  
2001437c  pGapScanSetParamsCmd                             
20014380  pGapScanSetEnableCmd                             
20014384  pGapScanAdvRptList                               
20014388  gapScan_appEvtProcess                            
2001438c  gapScanPhyParams                                 
20014396  gapScanParams                                    
200143a0  centAddrRes                                      
200143a1  resolvablePrivateAddressOnly                     
200143a2  appearance                                       
200143a8  periConnParameters                               
200143b0  deviceName                                       
2001448c  linkParam                                        
20014490  rxDataQ                                          
200144b4  appMainPeriCentParams                            
200144bc  appMainParams                                    
200144e0  dispHandle                                       
20014504  eccParams_NISTP256                               
20014528  gapProfileRole                                   
20014529  gapConfig_IRK                                    
20014539  gapConfig_SRK                                    
2001454a  baseTaskID                                       
2001454c  enckey                                           
2001456c  attDeviceName                                    
2001458c  gapParameters                                    
200145aa  devInfo11073CertUUID                             
200145ae  rclTemperatureThreshold                          
200145c8  hciEvtMaskLe                                     
200145d0  hciEvtMaskPage1                                  
200145d8  hciEvtMaskPage2                                  
200145e0  connectionConnHandler                            
200145ec  connectionHciGAPHandler                          
200145f8  pairingPasscodeHandler                           
20014604  PairingPairStateHandler                          
20014610  peripheralConnHandler                            
2001461c  peripheralAdvHandler                             
20014654  randomAddressConfigured                          
20014658  defaultChannelMap                                
20014660  gSecondaryAdvChannelMap                          
200146ba  devInfoFirmwareRevUUID                           
200146dc  aePeripheralSCA                                  
200146e0  advSetList                                       
200146e4  extScanInfo                                      
200146e8  extInitInfo                                      
200146f0  osal_eventloop_hook                              
200146f4  osal_icallMsg_hook                               
200146fc  BLEAppUtilLocal_GeneralParams                    
20014700  BLEAppUtilLocal_PeriCentParams                   
20014704  BLEAppUtil_bondMgrCBs                            
2001471c  eccCryptoKey                                     
2001472c  encCryptoKey                                     
2001473c  smInitiatorCBs                                   
2001475b  gapBondParams                                    
2001476a  devInfoHardwareRevUUID                           
2001476c  pPairingParams                                   
20014770  pfnResponderCBs                                  
20014774  pfnInitiatorCBs                                  
20014778  alTable                                          
2001477c  alTableScan                                      
20014780  gDenyList                                        
20014790  ICall_enterCriticalSection                       
20014794  ICall_leaveCriticalSection                       
20014798  ICall_dispatcher                                 
2001479c  halSchedFsmCb                                    
200147a0  halDispatchFsmCb                                 
200147a4  halCommandFsmCb                                  
200147a8  bleAppServiceInfoTable                           
200147b4  dataGATTHandler                                  
200147c0  hciEvtMask                                       
200147cc  observerScanHandler                              
200147d8  gapAppTaskID                                     
200147d9  gapEndAppTaskID                                  
200147da  gapDefaultLeEvtMask                              
200147e2  devInfoMfrNameUUID                               
200147ed  devInfoModelNumberUUID                           
20014800  terminateReason                                  
20014802  gParamUpdateConnHandle                           
20014804  pAuthLink                                        
20014820  assertSubcause                                   
20014821  legacyMode                                       
20014824  halAssertCback                                   
20014828  bm_preReleaseBuffCB                              
20014830  OSAL_timeSeconds                                 
20014848  fXtalInv                                         
20014850  rclHandles                                       
20014858  user0Cfg                                         
20014860  l2capNumDataPkts                                 
20014861  flowCtrlTaskId                                   
20014862  flowCtrlFwdTaskId                                
20014863  l2capNumPSM                                      
20014864  l2capNumCoChannels                               
20014865  l2capUserConfig                                  
20014868  ctrlToHostEnable                                 
2001486a  numHostBufs                                      
2001486e  pRandomAddress                                   
2001487c  AESCommonXXF3_dmaChannelMaskChA                  
20014880  AESCommonXXF3_dmaChannelMaskChB                  
20014884  AESCommonXXF3_dmaPriControlTableEntryChA         
20014888  AESCommonXXF3_dmaPriControlTableEntryChB         
2001488c  BLEAppUtilEventHandlersHead                      
20014894  RemoteTask                                       
20014898  appAssertCback                                   
2001489c  attClientNotifyTxCB                              
200148a0  attServerNotifyTxCB                              
200148a4  enckeyLen                                        
200148ac  ggs_AppCBs                                       
200148b4  linkCmd                                          
200148b8  llSystemStatus                                   
200148bc  localPrivKeyMaterialLen                          
200148c0  pAdvDataEntry                                    
200148c4  pGapCentralConnCBs                               
200148c8  pGapPeripheralConnCBs                            
200148d0  pSmResponderCBs                                  
200148d4  pfnBMAlloc                                       
200148d8  pfnBMFree                                        
200148dc  pfnBondMgrCBs                                    
200148e0  pfnCentralConnCBs                                
200148e4  pfnPeripheralConnCBs                             
200148ec  pxCurrentTCB                                     
200148fc  txDataQ                                          
20014904  devInfoPnpIdUUID                                 
20014906  devInfoSerialNumberUUID                          
20014908  devInfoServUUID                                  
2001490a  devInfoSoftwareRevUUID                           
2001490c  devInfoSystemIdUUID                              
2001490e  disconnectImmedConnId                            
20014910  gMaxExtAdvDataLen                                
20014914  l2capMtuSize                                     
20014918  llUserConfig_maxPduSize                          
2001491a  simpleGattProfile_ServUUID                       
2001491c  simpleGattProfile_char1UUID                      
2001491e  simpleGattProfile_char2UUID                      
20014920  simpleGattProfile_char3UUID                      
20014922  simpleGattProfile_char4UUID                      
20014924  simpleGattProfile_char5UUID                      
20014926  smRspWaitingConnHandle                           
2001492c  appTaskID                                        
2001492d  appearanceCharProps                              
2001492e  att_sendRspOnly                                  
2001492f  centAddrResCharProps                             
20014930  channel2usage                                    
2001493a  deviceNameCharProps                              
2001493b  extScanChanMap                                   
2001493c  gMaxSupportedAdvSets                             
2001493d  gapState                                         
2001493e  gapUnwantedTaskID                                
20014940  hciPTMenabled                                    
20014945  l2capFlowCtrlMode                                
20014946  l2capId                                          
20014947  linkDB_secureConnectionOnlyMode                  
20014948  llUsePreemption                                  
2001494a  periConnParamCharProps                           
2001494b  pwrmgr_initialized                               
2001494c  qosDefaultPriorityAdvParameter                   
2001494d  qosDefaultPriorityConnParameter                  
2001494e  qosDefaultPriorityScnParameter                   
2001494f  rclPbeGpoMask                                    
20014950  rclRegulatoryMask                                
20014952  resolvablePrivateAddressOnlyCharProps            
20014954  scanState                                        
2001495b  smAllowDebugKeysMode                             
2001495c  smAppProcessLTKRequest                           
2001495d  smAuthenPairingOnlyMode                          
20028400  __stack                                          
20028800  __STACK_END                                      
20028800  __STACK_TOP                                      
4e020000  ccfg                                             
4e020000  ti_utils_build_GenMap_sym_CRC_CCFG_BOOT_CFG_begin
4e02000b  ti_utils_build_GenMap_sym_CRC_CCFG_BOOT_CFG_end  
4e020010  ti_utils_build_GenMap_sym_CRC_CCFG_begin         
4e02074b  ti_utils_build_GenMap_sym_CRC_CCFG_end           
4e0207d0  ti_utils_build_GenMap_sym_CRC_CCFG_DEBUG_begin   
4e0207fb  ti_utils_build_GenMap_sym_CRC_CCFG_DEBUG_end     
4e040000  scfg                                             
4e040000  ti_utils_build_GenMap_sym_CRC_SCFG_begin         
4e0400e3  ti_utils_build_GenMap_sym_CRC_SCFG_end           
90000000  TimestampP_nativeFormat64_copy                   
90000004  TimestampP_nativeFormat32_copy                   
ffffffff  __TI_pprof_out_hndl                              
ffffffff  __TI_prof_data_size                              
ffffffff  __TI_prof_data_start                             
ffffffff  __binit__                                        
ffffffff  binit                                            
UNDEFED   ITM_flush                                        
UNDEFED   ITM_restore                                      
UNDEFED   RCL_Debug_assertProxy                            
UNDEFED   RCL_Profiling_eventHook                          
UNDEFED   __mpu_init                                       
UNDEFED   _system_post_cinit                               

[2633 symbols]
