******************************************************************************
            TI ARM Clang Linker PC v3.2.2                      
******************************************************************************
>> Linked Thu Jun 25 16:05:13 2026

OUTPUT FILE NAME:   <basic_ble_LP_EM_CC2745R10_Q1_freertos_ticlang.out>
ENTRY POINT SYMBOL: "resetISR"  address: 0002c08b


MEMORY CONFIGURATION

         name            origin    length      used     unused   attr    fill
----------------------  --------  ---------  --------  --------  ----  --------
  FLASH                 00000000   000e5000  000330a3  000b1f5d  R  X
  NVS_SLOT              000e5000   00003000  00003000  00000000  R  X
  SRAM                  20000000   00028800  00014406  000143fa  RW X
  S2RRAM                40098000   00001000  00000000  00001000  RW  
  CCFG                  4e020000   00000800  00000800  00000000  R   
  SCFG                  4e040000   00000400  00000400  00000000  R   
  LOG_DATA              90000000   00040000  00000000  00040000  R   
  LOG_PTR               94000008   00040000  00000000  00040000  R   


SEGMENT ALLOCATION MAP

run origin  load origin   length   init length attrs members
----------  ----------- ---------- ----------- ----- -------
00000000    00000000    000000cc   000000cc    r--
  00000000    00000000    000000cc   000000cc    r-- .resetVecs
000000e0    000000e0    0002d312   0002d312    r-x
  000000e0    000000e0    0002d312   0002d312    r-x .text
0002d400    0002d400    00005cc8   00005cc8    r--
  0002d400    0002d400    000057e1   000057e1    r-- .rodata
  00032be4    00032be4    000004e4   000004e4    r-- .cinit
000e5000    000e5000    00003000   00000000    rw-
  000e5000    000e5000    00003000   00000000    rw- .TI.bound:flashBuf0
20000420    20000420    00000040   00000000    rw-
  20000420    20000420    00000010   00000000    rw- .TI.bound:dmaChannel2ControlTableEntry
  20000430    20000430    00000010   00000000    rw- .TI.bound:dmaChannel3ControlTableEntry
  20000440    20000440    00000010   00000000    rw- .TI.bound:dmaChannel4ControlTableEntry
  20000450    20000450    00000010   00000000    rw- .TI.bound:dmaChannel5ControlTableEntry
20000460    20000460    00013efc   00000000    rw-
  20000460    20000460    00012e3e   00000000    rw- .bss
  200132a0    200132a0    000010bc   00000000    rw- .data
20028400    20028400    00000400   00000000    rw-
  20028400    20028400    00000400   00000000    rw- .stack
4e020000    4e020000    00000800   00000800    r--
  4e020000    4e020000    00000800   00000800    r-- .ccfg
4e040000    4e040000    00000400   00000400    r--
  4e040000    4e040000    00000400   00000400    r-- .scfg


SECTION ALLOCATION MAP

 output                                  attributes/
section   page    origin      length       input sections
--------  ----  ----------  ----------   ----------------
.resetVecs 
*          0    00000000    000000cc     
                  00000000    000000cc     ti_freertos_config.o (.resetVecs)

.text      0    000000e0    0002d312     
                  000000e0    00000f38     rcl_cc27xxx10.a : ble5.c.obj (.text.RCL_Handler_BLE5_adv)
                  00001018    00000a10     OneLib.a : OneLib_Host_Profiles_gattservapp.obj (.text.GATTServApp_ProcessEvent)
                  00001a28    000009dc              : OneLib_LL_ll_ble.obj (.text.llProcessPeripheralControlPacket)
                  00002404    00000874     rcl_cc27xxx10.a : ble5.c.obj (.text.RCL_Handler_BLE5_conn)
                  00002c78    000007b4     StackWrapper.a : StackWrapper_Host_gapbondmgr.obj (.text.GAPBondMgr_ProcessGAPMsg)
                  0000342c    000005f8     OneLib.a : OneLib_Host_GATT_gatt_client.obj (.text.gattClientProcessMsgCB)
                  00003a24    000005cc              : OneLib_LL_ll_peripheral_end_causes.obj (.text.llProcessPeripheralControlProcedures)
                  00003ff0    0000058c     secure_drivers_cc27xxx10.a : ECDHXXF3HSM.c.obj (.text.ECDHXXF3HSM_initializeHSMOperations)
                  0000457c    00000544     hsmddk_cc27xxx10_its.a : adapter_psa_key_management.c.obj (.text.local_AsymKeyType)
                  00004ac0    00000540     nvocmp.o (.text.NVOCMP_compactPage)
                  00005000    00000530     nvocmp.o (.text.NVOCMP_initNvApi)
                  00005530    000004a4     rcl_cc27xxx10.a : LRFLPF3.c.obj (.text.LRF_programFrequency)
                  000059d4    0000048c                     : LRFLPF3.c.obj (.text.LRF_temperatureCompensateTrim)
                  00005e60    000003f8     OneLib.a : OneLib_LL_ll_peripheral_end_causes.obj (.text.llPeripheral_TaskEnd)
                  00006258    000003f4     rcl_cc27xxx10.a : LRFLPF3.c.obj (.text.LRF_setupRadio)
                  0000664c    000003b0     hsmddk_cc27xxx10_its.a : adapter_psa_key_management.c.obj (.text.psaInt_KeyMgmtLoadKey)
                  000069fc    00000374     OneLib.a : OneLib_LL_ll_ae.obj (.text.llSetupExtAdvLegacy)
                  00006d70    00000360              : OneLib_LL_ll_peripheral_end_causes.obj (.text.llSetupNextPeripheralEvent)
                  000070d0    00000360     hsmddk_cc27xxx10_its.a : adapter_psa_key_management.c.obj (.text.local_SymKeyType)
                  00007430    00000354     rcl_cc27xxx10.a : LRF.c.obj (.text.LRF_applySettings)
                  00007784    00000344     OneLib.a : OneLib_LL_ll.obj (.text.LL_ProcessEvent)
                  00007ac8    00000330     StackWrapper.a : StackWrapper_Host_gapbondmgr.obj (.text.GAPBondMgr_SetParameter)
                  00007df8    0000031c     ti_freertos_config.o (.text.doPrint)
                  00008114    0000030c     OneLib.a : OneLib_LL_ll_scheduler.obj (.text.llSchedulerConnectable)
                  00008420    000002dc     libc.a : strcmp_t2.S.obj (.text:strcmp)
                  000086fc    00000290     StackWrapper.a : StackWrapper_Host_gapbondmgr.obj (.text.GAPBondMgr_ProcessEvent)
                  0000898c    00000264     OneLib.a : OneLib_LL_ll_common.obj (.text.llRealignConn)
                  00008bf0    00000260              : OneLib_LL_ll.obj (.text.LE_SetExtAdvParams)
                  00008e50    00000254     secure_drivers_cc27xxx10.a : AESCCMXXF3.c.obj (.text.AESCCMXXF3HSM_performHSMOperation)
                  000090a4    00000250     OneLib.a : OneLib_LL_ll_common.obj (.text.llAllocConnId)
                  000092f4    0000024c     nvocmp.o (.text.NVOCMP_addItem)
                  00009540    0000023c     OneLib.a : OneLib_Host_Profiles_gattservapp.obj (.text.GATTServApp_ReadAttr)
                  0000977c    00000228              : OneLib_LL_ll_common.obj (.text.llProcessPeripheralConnectionCreated)
                  000099a4    00000210              : OneLib_LL_ll.obj (.text.LE_SetExtAdvEnable)
                  00009bb4    00000210              : OneLib_LL_ll_common.obj (.text.llSetupCtrlPkt)
                  00009dc4    0000020c     hsmddk_cc27xxx10_its.a : adapter_psa_key_management.c.obj (.text.local_AsymKeyGenPub)
                  00009fd0    00000208     OneLib.a : OneLib_LL_ll_isr.obj (.text.llRxEntryDoneEventHandleStateConnection)
                  0000a1d8    000001f8     secure_drivers_cc27xxx10.a : AESCCMXXF3.c.obj (.text.AESCCMXXF3_processSegmentedCBCMAC)
                  0000a3d0    000001f2     OneLib.a : OneLib_LL_ll_common.obj (.text.llSelectConn)
                  0000a5c2    000001ec     drivers_cc27xxx10.a : UART2LPF3.c.obj (.text.UART2LPF3_hwiIntFxn)
                  0000a7ae    00000002     hsmddk_cc27xxx10_its.a : adapter_init.c.obj (.text.Adapter_Report_Build_Params)
                  0000a7b0    000001d4     secure_drivers_cc27xxx10.a : AESCCMXXF3.c.obj (.text.AESCCMXXF3_oneStepOperation)
                  0000a984    000001c4     rcl_cc27xxx10.a : ble5.c.obj (.text.RCL_Handler_BLE5_updateConnStats)
                  0000ab48    000001c4     OneLib.a : OneLib_LL_ll_scheduler.obj (.text.llFindNextSecTask)
                  0000ad0c    000001c0     rcl_cc27xxx10.a : LRFLPF3.c.obj (.text.LRF_programTxPower)
                  0000aecc    000001c0                     : RCL.c.obj (.text.rclCommandHwi)
                  0000b08c    000001b6     libclang_rt.builtins.a : adddf3.S.obj (.text.adddf3_subdf3)
                  0000b242    00000002     ti_drivers_config.o (.text.Board_initHook)
                  0000b244    000001b4     OneLib.a : OneLib_Host_GAP_gap_advertiser.obj (.text.GapAdv_create)
                  0000b3f8    000001b4              : OneLib_Host_SM_sm_pairing.obj (.text.smSavePairInfo)
                  0000b5ac    000001b0              : OneLib_Host_SM_sm_rsppairing.obj (.text.smResponderSendNextKeyInfo)
                  0000b75c    000001a8     hsmddk_cc27xxx10_its.a : adapter_psa_key_management.c.obj (.text.psaInt_KeyMgmtGetKey)
                  0000b904    000001a0     OneLib.a : OneLib_LL_ll_common.obj (.text.llCombinePDU)
                  0000baa4    000001a0     ti_freertos_config.o (.text.mq_open)
                  0000bc44    00000198     StackWrapper.a : StackWrapper_OSAL_osal.obj (.text.osal_run_system)
                  0000bddc    00000194     ti_freertos_config.o (.text.PowerCC27XX_standbyPolicy)
                  0000bf70    00000194     OneLib.a : OneLib_LL_ll_adv_end_causes.obj (.text.llExtAdv_PostProcess)
                  0000c104    00000194              : OneLib_Host_SM_sm_task.obj (.text.smProcessHCIBLEMetaEventCode)
                  0000c298    00000188              : OneLib_Host_L2CAP_l2cap_task.obj (.text.l2capProcessRsp)
                  0000c420    00000184              : OneLib_Host_L2CAP_l2cap_task.obj (.text.l2capProcessReq)
                  0000c5a4    00000184              : OneLib_LL_ll_common.obj (.text.llGetNextConn)
                  0000c728    00000180              : OneLib_LL_ll_scheduler.obj (.text.llScheduler)
                  0000c8a8    0000017c     nvocmp.o (.text.NVOCMP_findItem)
                  0000ca24    00000178     OneLib.a : OneLib_LL_ll_adv_end_causes.obj (.text.llAdv_TaskConnect)
                  0000cb9c    00000174              : OneLib_Host_GAP_gap_advertiser.obj (.text.gapAdv_controllerCb)
                  0000cd10    00000174              : OneLib_LL_ll_scheduler.obj (.text.llSchedulerSecondaryTasksConn)
                  0000ce84    00000170              : OneLib_Host_SM_sm_mgr.obj (.text.sm_f5)
                  0000cff4    0000016c     secure_drivers_cc27xxx10.a : AESCCMXXF3.c.obj (.text.AESCCMXXF3_hwiFxn)
                  0000d160    0000016c     OneLib.a : OneLib_Host_GAP_gap_task.obj (.text.gapProcessBLEEvents)
                  0000d2cc    0000016a     drivers_cc27xxx10.a : UART2.c.obj (.text.UART2_writeTimeoutBlocking)
                  0000d436    00000002     ble_user_config.o (.text.DefaultAssertCback)
                  0000d438    00000168     app_simple_gatt.o (.text.SimpleGatt_changeCB)
                  0000d5a0    00000168     StackWrapper.a : StackWrapper_Host_gapbondmgr.obj (.text.gapBondMgrAuthenticate)
                  0000d708    00000168     OneLib.a : OneLib_LL_ll_common.obj (.text.llConnCleanup)
                  0000d870    00000160     drivers_cc27xxx10.a : UART2LPF3.c.obj (.text.UART2_open)
                  0000d9d0    0000015c     OneLib.a : OneLib_LL_ll.obj (.text.LL_AddDeviceToResolvingList)
                  0000db2c    0000015c     drivers_cc27xxx10.a : NVSLPF3.c.obj (.text.NVSLPF3_write)
                  0000dc88    00000158     secure_drivers_cc27xxx10.a : HSMXXF3.c.obj (.text.HSMXXF3_constructCCMToken)
                  0000dde0    00000158     OneLib.a : OneLib_Host_GATT_gatt_server.obj (.text.gattServerProcessMsgCB)
                  0000df38    00000150     secure_drivers_cc27xxx10.a : RNGXXF3HSM.c.obj (.text.RNGXXF3HSM_getValidatedNumber)
                  0000e088    00000150     OneLib.a : OneLib_Host_SM_sm_mgr.obj (.text.sm_CMAC)
                  0000e1d8    0000014c              : OneLib_Host_Profiles_gattservapp.obj (.text.gattServApp_ProcessReadByTypeReq)
                  0000e324    00000148     ti_freertos_config.o (.text.prvTimerTask)
                  0000e46c    00000148     hsmddk_cc27xxx10_its.a : psa_crypto_storage.c.obj (.text.psa_load_persistent_key_into_slot)
                  0000e5b4    00000144                            : eip201.c.obj (.text.EIP201_Initialize)
                  0000e6f8    00000144     OneLib.a : OneLib_LL_ll_isr.obj (.text.LL_rclAdvRxEntryDone)
                  0000e83c    00000144     rcl_cc27xxx10.a : RCL_Scheduler.c.obj (.text.rclSchedulerProcessCmdStartStopTime)
                  0000e980    0000013c     OneLib.a : OneLib_HCI_hci_event.obj (.text.LL_EnhancedConnectionCompleteCback)
                  0000eabc    0000013c     rcl_cc27xxx10.a : LRFLPF3.c.obj (.text.LRF_setTrimCommon)
                  0000ebf8    0000013c                     : ble5.c.obj (.text.RCL_Handler_BLE5_updateTxBuffers)
                  0000ed34    0000013a     icall_POSIX.o (.text.ICall_waitMatch)
                  0000ee6e    00000002     display_cc27xxx10.a : DisplayUart2.c.obj (.text.DisplayUart2Min_clear)
                  0000ee70    00000138     drivers_cc27xxx10.a : Button.c.obj (.text.Button_clockTimeoutHandler)
                  0000efa8    00000134     secure_drivers_cc27xxx10.a : HSMXXF3.c.obj (.text.HSMXXF3_init)
                  0000f0dc    00000130     OneLib.a : OneLib_LL_ll.obj (.text.LL_Init)
                  0000f20c    00000130     rcl_cc27xxx10.a : LRFLPF3.c.obj (.text.LRF_programTemperatureCompensatedTxPower)
                  0000f33c    00000130     ti_freertos_config.o (.text.prvAddNewTaskToReadyList)
                  0000f46c    0000012c     OneLib.a : OneLib_LL_ll.obj (.text.LL_Reset)
                  0000f598    0000012c     hsmddk_cc27xxx10_its.a : adapter_psa_system.c.obj (.text.psaInt_SystemGetState)
                  0000f6c4    00000128     OneLib.a : OneLib_LL_ll_ae.obj (.text.llFindNextAdvSet)
                  0000f7ec    00000124              : OneLib_Host_SM_sm_rsppairing.obj (.text.smResponderProcessLTKReq)
                  0000f910    00000124     ti_freertos_config.o (.text.xQueueSemaphoreTake)
                  0000fa34    00000120     drivers_cc27xxx10.a : GPIOLPF3.c.obj (.text.GPIO_init)
                  0000fb54    00000120     OneLib.a : OneLib_Host_GAP_gap_advertiser.obj (.text.GapAdv_enable)
                  0000fc74    00000120     StackWrapper.a : StackWrapper_OSAL_osal_timers.obj (.text.osalTimerUpdate)
                  0000fd94    0000011e     secure_drivers_cc27xxx10.a : ECDHXXF3HSM.c.obj (.text.ECDHXXF3HSM_ecdhPostProcessing)
                  0000feb2    00000002     display_cc27xxx10.a : DisplayUart2.c.obj (.text.DisplayUart2Min_clearLines)
                  0000feb4    0000011c     StackWrapper.a : StackWrapper_Host_gapbondmgr.obj (.text.gapBondMgrEraseBonding)
                  0000ffd0    0000011c                    : StackWrapper_Host_gapbondmgr.obj (.text.gapBondMgrSaveBond)
                  000100ec    0000011c     OneLib.a : OneLib_LL_ll_scheduler.obj (.text.llFindStartType)
                  00010208    0000011c     ti_freertos_config.o (.text.xTaskIncrementTick)
                  00010324    00000118     OneLib.a : OneLib_LL_ll.obj (.text.LL_ConnUpdate)
                  0001043c    00000114     secure_drivers_cc27xxx10.a : AESECBXXF3.c.obj (.text.AESECBXXF3_startOperation)
                  00010550    00000114     OneLib.a : OneLib_Host_GATT_gatt_server.obj (.text.gattProcessFindInfoReq)
                  00010664    00000114              : OneLib_LL_ll_common.obj (.text.llCalcConnMaxTimeLength)
                  00010778    00000114              : OneLib_Host_SM_sm_rsppairing.obj (.text.smpResponderProcessPairingRandom)
                  0001088c    00000110              : OneLib_LL_ll.obj (.text.LL_SetPhy)
                  0001099c    00000110     drivers_cc27xxx10.a : PowerCC27XX.c.obj (.text.PowerCC27XX_hfxtCompensateFxn)
                  00010aac    00000110                         : UART2LPF3.c.obj (.text.UART2LPF3_initHw)
                  00010bbc    00000110     ti_freertos_config.o (.text.xTaskResumeAll)
                  00010ccc    0000010c     hsmddk_cc27xxx10_its.a : adapter_psa_key_management.c.obj (.text.psaInt_KeyMgmtReadECPubKey)
                  00010dd8    00000108     nvocmp.o (.text.NVOCMP_cleanPage)
                  00010ee0    00000108     OneLib.a : OneLib_LL_ll_isr.obj (.text.llLastCmdDoneEventHandleConnectRequest)
                  00010fe8    00000108     rcl_cc27xxx10.a : RCL.c.obj (.text.rclDispatchHwi)
                  000110f0    00000104     hsmddk_cc27xxx10_its.a : device_generic.c.obj (.text.Device_Initialize)
                  000111f4    00000104     OneLib.a : OneLib_LL_ll_scheduler.obj (.text.llExtAdvSchedSetup)
                  000112f8    00000100     rcl_cc27xxx10.a : ble5.c.obj (.text.RCL_Handler_BLE5_initAdvScanInitStats)
                  000113f8    00000100     OneLib.a : OneLib_LL_ll_ae.obj (.text.llAddAdvSortedEntry)
                  000114f8    00000100              : OneLib_LL_ll_common.obj (.text.llConnExists)
                  000115f8    000000fc     libclang_rt.builtins.a : muldf3.S.obj (.text.__muldf3)
                  000116f4    000000fc     hsmddk_cc27xxx10_its.a : adapter_psa_key_management.c.obj (.text.local_AsymHashPolicy)
                  000117f0    000000f8     ble_user_config.o (.text.setBleUserConfig)
                  000118e8    000000f8     OneLib.a : OneLib_Host_SM_sm_mgr.obj (.text.sm_f6)
                  000119e0    000000f8              : OneLib_Host_SM_sm_rsppairing.obj (.text.smpResponderProcessIncoming)
                  00011ad8    000000f8     ti_freertos_config.o (.text.xQueueGenericSend)
                  00011bd0    000000f6     OneLib.a : OneLib_LL_ll_scheduler.obj (.text.llCheckIsSecTaskCollideWithPrimTaskInLsto)
                  00011cc6    00000002     display_cc27xxx10.a : DisplayUart2.c.obj (.text.DisplayUart2Min_init)
                  00011cc8    000000f4     rcl_cc27xxx10.a : LRFLPF3.c.obj (.text.LRF_setTemperatureTrim)
                  00011dbc    000000f4     OneLib.a : OneLib_LL_ll_data.obj (.text.llDynamicAlloc_connectable)
                  00011eb0    000000f4              : OneLib_LL_ll_common.obj (.text.llProcessAdvAddrResolutionTimeout)
                  00011fa4    000000f4     rcl_cc27xxx10.a : RCL.c.obj (.text.rclStop)
                  00012098    000000f0     drivers_cc27xxx10.a : PowerCC27XX.c.obj (.text.Power_init)
                  00012188    000000f0     OneLib.a : OneLib_LL_ll_common.obj (.text.llSetupConnCmd)
                  00012278    000000f0              : OneLib_Host_SM_sm_pairing.obj (.text.sm_c1)
                  00012368    000000f0     ti_freertos_config.o (.text.xQueueReceive)
                  00012458    000000ec     secure_drivers_cc27xxx10.a : AESECBXXF3.c.obj (.text.AESECBXXF3HSM_processOneStep)
                  00012544    000000ec     drivers_cc27xxx10.a : PowerCC27XX.c.obj (.text.PowerCC27XX_oscillatorISR)
                  00012630    000000e8     OneLib.a : OneLib_Host_GAP_gap_advertiser.obj (.text.GapAdv_loadByHandle)
                  00012718    000000e8              : OneLib_Host_ATT_att_util.obj (.text.attSendMsg)
                  00012800    000000e8              : OneLib_Host_GAP_gap_linkmgr.obj (.text.gapProcessConnectionCompleteEvt)
                  000128e8    000000e8     rcl_cc27xxx10.a : RCL.c.obj (.text.rclSchedulerHwi)
                  000129d0    000000e6     secure_drivers_cc27xxx10.a : AESCCMXXF3.c.obj (.text.AESCCMXXF3HSM_oneStepOperation)
                  00012ab6    00000002     driverlib.a : interrupt.c.obj (.text.IntDefaultHandler)
                  00012ab8    000000e4     OneLib.a : OneLib_LL_ll_privacy.obj (.text.LL_PRIV_ValidatePrivacyCompliance)
                  00012b9c    000000e4              : OneLib_Host_GAP_gap_linkmgr.obj (.text.gapPairingCompleteCB)
                  00012c80    000000e4     hsmddk_cc27xxx10_its.a : adapter_psa_asset.c.obj (.text.psaInt_AssetLoadDerive)
                  00012d64    000000e4                            : platform.c.obj (.text.psaInt_mbedtls_calloc)
                  00012e48    000000e0     bleapputil_task.o (.text.BLEAppUtil_Task)
                  00012f28    000000e0     OneLib.a : OneLib_Host_GATT_gatt_task.obj (.text.GATT_ProcessEvent)
                  00013008    000000e0     StackWrapper.a : StackWrapper_Host_gapbondmgr.obj (.text.gapBondMgrUpdateCharCfg)
                  000130e8    000000e0     OneLib.a : OneLib_Host_GAP_gap_linkmgr.obj (.text.sendAuthEvent)
                  000131c8    000000dc     rcl_cc27xxx10.a : ble5.c.obj (.text.RCL_Handler_BLE5_getAuxPtrFromTxBuffer)
                  000132a4    000000dc                     : ble5.c.obj (.text.RCL_Handler_BLE5_updateAuxPtr)
                  00013380    000000dc     OneLib.a : OneLib_LL_ll_ae.obj (.text.llCheckRfCmdPreemption)
                  0001345c    000000dc     hsmddk_cc27xxx10_its.a : platform.c.obj (.text.psaInt_mbedtls_free)
                  00013538    000000dc     ti_freertos_config.o (.text.pvPortMalloc)
                  00013614    000000da     OneLib.a : OneLib_Host_Profiles_gapgattserver.obj (.text.ggs_ReadAttrCB)
                  000136ee    00000002     hsmddk_cc27xxx10_its.a : log.c.obj (.text.Log_FormattedMessage)
                  000136f0    000000d8     secure_drivers_cc27xxx10.a : AESCCMXXF3.c.obj (.text.AESCCMXXF3_processOneStepCBCMACPolling)
                  000137c8    000000d8     dev_info_service.o (.text.DevInfo_setParameter)
                  000138a0    000000d8     OneLib.a : OneLib_Host_GATT_gatt_server.obj (.text.GATT_SendRsp)
                  00013978    000000d8              : OneLib_LL_ll.obj (.text.LL_TxData)
                  00013a50    000000d8     hsmddk_cc27xxx10_its.a : adapter_psa_asym_parse.c.obj (.text.PSAInt_AsymParse_EC_PubKey)
                  00013b28    000000d8     rcl_cc27xxx10.a : ble5.c.obj (.text.RCL_BLE5_getStartTimeDelayInternal)
                  00013c00    000000d8     OneLib.a : OneLib_Host_SM_sm_pairing.obj (.text.SM_PasskeyUpdate)
                  00013cd8    000000d8     drivers_cc27xxx10.a : UART2LPF3.c.obj (.text.UART2Support_dmaStartRx)
                  00013db0    000000d8     OneLib.a : OneLib_LL_ll_data.obj (.text.llDynamicAlloc)
                  00013e88    000000d8              : OneLib_LL_ll_common.obj (.text.llSendConnEvtCallback)
                  00013f60    000000d8     hsmddk_cc27xxx10_its.a : adapter_psa_asym_parse.c.obj (.text.local_GetCurveInfo)
                  00014038    000000d4     app_connection.o (.text.Connection_ConnEventHandler)
                  0001410c    000000d4     rcl_cc27xxx10.a : RCLLPF3_Hal.c.obj (.text.RCL_Hal_checkClearTimerCompare)
                  000141e0    000000d4                     : ble5.c.obj (.text.RCL_Handler_BLE5_updateAdvScanInitStats)
                  000142b4    000000d4     OneLib.a : OneLib_Host_SM_sm_mgr.obj (.text.SM_VerifyAuthenSig)
                  00014388    000000d4              : OneLib_Host_Profiles_gattservapp.obj (.text.gattServApp_HandleConnStatusCB)
                  0001445c    000000d4              : OneLib_LL_ll_scheduler.obj (.text.llAllocTask)
                  00014530    000000d4              : OneLib_Host_SM_sm_mgr.obj (.text.sm_g2)
                  00014604    000000d0     secure_drivers_cc27xxx10.a : AESCommonXXF3.c.obj (.text.AESCommonXXF3_loadKeyFromKeyStore)
                  000146d4    000000d0     StackWrapper.a : StackWrapper_Host_gap.obj (.text.GAP_DeviceInit)
                  000147a4    000000d0     rcl_cc27xxx10.a : LRF.c.obj (.text.LRF_TxPowerTable_findValueExtended)
                  00014874    000000d0                     : RCL.c.obj (.text.RCL_stopNextCmdHook)
                  00014944    000000d0     drivers_cc27xxx10.a : UART2LPF3.c.obj (.text.UART2Support_dmaStartTx)
                  00014a14    000000d0     OneLib.a : OneLib_Host_SM_sm_mgr.obj (.text.sm_f4)
                  00014ae4    000000cc     bleapputil_init.o (.text.BLEAppUtil_initGapBondParams)
                  00014bb0    000000cc     secure_drivers_cc27xxx10.a : CryptoKeyKeyStore_PSA_helpers.c.obj (.text.KeyStore_PSA_retrieveFromKeyStore)
                  00014c7c    000000cc     StackWrapper.a : StackWrapper_Host_gapbondmgr.obj (.text.gapBondMgr_FindAddr)
                  00014d48    000000cc     OneLib.a : OneLib_Host_SM_sm_pairing.obj (.text.smProcessDataMsg)
                  00014e14    000000c8     rcl_cc27xxx10.a : LRFLPF3.c.obj (.text.LRF_disable)
                  00014edc    000000c8     OneLib.a : OneLib_LL_ll_common.obj (.text.llAlignToNextEvent)
                  00014fa4    000000c8     hsmddk_cc27xxx10_its.a : adapter_psa_key_management.c.obj (.text.local_GetFreeKeyEntry)
                  0001506c    000000c8     OneLib.a : OneLib_Host_SM_sm_mgr.obj (.text.sm_c1new)
                  00015134    000000c6     secure_drivers_cc27xxx10.a : AESCCMXXF3.c.obj (.text.AESCCMXXF3HSM_postProcessingFxn)
                  000151fa    00000002     rom_init.o (.text.MAP_Handover_ApplyCnData)
                  000151fc    000000c4     StackWrapper.a : StackWrapper_Host_gattservapp_util.obj (.text.GATTServApp_ProcessCharCfg)
                  000152c0    000000c4     OneLib.a : OneLib_Host_GATT_gatt_server.obj (.text.GATT_RegisterService)
                  00015384    000000c4     hsmddk_cc27xxx10_its.a : adapter_vex_physicaltoken.c.obj (.text.vex_PhysicalTokenExchange)
                  00015448    000000c0     drivers_cc27xxx10.a : Button.c.obj (.text.Button_open)
                  00015508    000000c0     OneLib.a : OneLib_Host_Profiles_gapgattserver.obj (.text.ggs_WriteAttrCB)
                  000155c8    000000c0     ti_freertos_config.o (.text.pthread_create)
                  00015688    000000c0     OneLib.a : OneLib_Host_SM_sm_rsppairing.obj (.text.smContPublicKeyExchange)
                  00015748    000000c0              : OneLib_Host_SM_sm_pairing.obj (.text.smGenerateAddrInput)
                  00015808    000000bc     hsmddk_cc27xxx10_its.a : eip130_domain_ecc_getcurve.c.obj (.text.Eip130Domain_ECC_GetCurve)
                  000158c4    000000bc     OneLib.a : OneLib_LL_ll_ae.obj (.text.LE_AE_SetData)
                  00015980    000000bc     StackWrapper.a : StackWrapper_OSAL_osal.obj (.text.osal_set_event)
                  00015a3c    000000bc     OneLib.a : OneLib_Host_SM_sm_rsppairing.obj (.text.smpResponderSendPairRspEvent)
                  00015af8    000000bc     ti_freertos_config.o (.text.xEventGroupWaitBits)
                  00015bb4    000000bc     ti_freertos_config.o (.text.xTaskRemoveFromEventList)
                  00015c70    000000b8     dev_info_service.o (.text.DevInfo_readAttrCB)
                  00015d28    000000b4     StackWrapper.a : StackWrapper_Host_gapbondmgr.obj (.text.GAPBondMgr_Init)
                  00015ddc    000000b4     app_pairing.o (.text.Pairing_pairStateHandler)
                  00015e90    000000b4     OneLib.a : OneLib_Host_L2CAP_l2cap_util.obj (.text.l2capDisconnectAllChannels)
                  00015f44    000000b4              : OneLib_LL_ll_common.obj (.text.llFindNextConn)
                  00015ff8    000000b4     hsmddk_cc27xxx10_its.a : adapter_psa_asset.c.obj (.text.psaInt_AssetGetKeyBlobKEK)
                  000160ac    000000b2     OneLib.a : OneLib_LL_ll_al.obj (.text.AL_AddEntry)
                  0001615e    00000002     rom_init.o (.text.MAP_L2CAP_HandoverInitSN)
                  00016160    000000b0     OneLib.a : OneLib_Host_GAP_gap_linkmgr.obj (.text.GAP_Authenticate)
                  00016210    000000b0              : OneLib_Host_GAP_gap_linkmgr.obj (.text.GAP_UpdateLinkParamReqReply)
                  000162c0    000000b0     rcl_cc27xxx10.a : LRFLPF3.c.obj (.text.LRF_enable)
                  00016370    000000b0     OneLib.a : OneLib_Host_GAP_gap_advertiser.obj (.text.gapAdv_init)
                  00016420    000000b0     StackWrapper.a : StackWrapper_Host_gapbondmgr.obj (.text.gapBondMgr_syncResolvingList)
                  000164d0    000000b0     OneLib.a : OneLib_Host_GAP_gap_task.obj (.text.gapProcessHCICmdCompleteEvt)
                  00016580    000000b0              : OneLib_LL_ll_common.obj (.text.llPeriSetupConnWindow)
                  00016630    000000b0     libclang_rt.builtins.a : udivmoddi4.S.obj (.text)
                  000166e0    000000ac     main_freertos.o (.text.AssertHandler)
                  0001678c    000000ac     OneLib.a : OneLib_Host_L2CAP_l2cap_task.obj (.text.L2CAP_Init)
                  00016838    000000ac              : OneLib_LL_ll.obj (.text.LL_EXT_GetConnInfo)
                  000168e4    000000ac     drivers_cc27xxx10.a : PowerCC27XX.c.obj (.text.PowerLPF3_sleep)
                  00016990    000000ac     OneLib.a : OneLib_Host_SM_sm_mgr.obj (.text.SM_GenerateAuthenSig)
                  00016a3c    000000ac     drivers_cc27xxx10.a : NVSLPF3.c.obj (.text.doErase)
                  00016ae8    000000ac     OneLib.a : OneLib_LL_ll_adv_end_causes.obj (.text.llAdvSetPhyAndTxPowerInConn)
                  00016b94    000000aa     rcl_cc27xxx10.a : LRF.c.obj (.text.LRF_loadImage)
                  00016c3e    00000002     rom_init.o (.text.MAP_gapInit_initiatingEnd)
                  00016c40    000000a8     OneLib.a : OneLib_Host_GATT_gatt_client.obj (.text.GATT_InitClient)
                  00016ce8    000000a8              : OneLib_Host_GATT_gatt_server.obj (.text.GATT_VerifyWritePermissions)
                  00016d90    000000a8              : OneLib_LL_ll_ae.obj (.text.LL_GetAdvSet)
                  00016e38    000000a8     drivers_cc27xxx10.a : PowerCC27XX.c.obj (.text.PowerCC27XX_lfxtQual)
                  00016ee0    000000a8     OneLib.a : OneLib_Host_SM_sm_task.obj (.text.SM_ProcessEvent)
                  00016f88    000000a8     StackWrapper.a : StackWrapper_OSAL_osal_cbtimer.obj (.text.cbTimerSetup)
                  00017030    000000a8     OneLib.a : OneLib_Host_Profiles_gattservapp.obj (.text.gattServApp_SetNumPrepareWrites)
                  000170d8    000000a8     hsmddk_cc27xxx10_its.a : adapter_psa_asset.c.obj (.text.psaInt_AssetLoadImport)
                  00017180    000000a8     OneLib.a : OneLib_Host_SM_sm_pairing.obj (.text.smProcessEncryptChange)
                  00017228    000000a4     secure_drivers_cc27xxx10.a : AESCCMXXF3.c.obj (.text.AESCCMXXF3_processSegmentedCTR)
                  000172cc    000000a4     OneLib.a : OneLib_HCI_hci_data.obj (.text.LL_RxDataCompleteCback)
                  00017370    000000a4     rcl_cc27xxx10.a : LRFLPF3_FIFO.c.obj (.text.LRF_setRxFifoEffSz)
                  00017414    000000a4     hsmddk_cc27xxx10_its.a : its_flash_fs_mblock.c.obj (.text.its_flash_fs_mblock_read_file_meta)
                  000174b8    000000a4     OneLib.a : OneLib_Host_SM_sm_pairing.obj (.text.smF5Wrapper)
                  0001755c    000000a0     secure_drivers_cc27xxx10.a : AESCCMXXF3.c.obj (.text.AESCCMXXF3HSM_postProcessingCommon)
                  000175fc    000000a0                                : HSMXXF3.c.obj (.text.HSMXXF3_constructAESECBOneStepPhysicalToken)
                  0001769c    000000a0     rcl_cc27xxx10.a : LRFLPF3_FIFO.c.obj (.text.LRF_readRxFifoWords)
                  0001773c    000000a0     OneLib.a : OneLib_Host_SM_sm_mgr.obj (.text.generate_subkey)
                  000177dc    000000a0              : OneLib_LL_ll_data.obj (.text.llDynamicFree)
                  0001787c    000000a0              : OneLib_LL_ll_scheduler.obj (.text.llFreeTask)
                  0001791c    0000009e     rcl_cc27xxx10.a : RCL.c.obj (.text.RCL_scheduleHook)
                  000179ba    00000002     rom_init.o (.text.MAP_gapInit_sendConnCancelledEvt)
                  000179bc    0000009c     hsmddk_cc27xxx10_its.a : hwpal_device_mb.c.obj (.text.Device_Write32Array)
                  00017a58    0000009c     OneLib.a : OneLib_Host_GAP_gap_linkmgr.obj (.text.GAP_Bond)
                  00017af4    0000009c              : OneLib_Host_GATT_gatt_server.obj (.text.GATT_Indication)
                  00017b90    0000009c     StackWrapper.a : StackWrapper_Host_gapbondmgr.obj (.text.gapBondMgrEraseLocalInfo)
                  00017c2c    0000009c     OneLib.a : OneLib_Host_L2CAP_l2cap_util.obj (.text.l2capAllocChannel)
                  00017cc8    0000009c     StackWrapper.a : StackWrapper_OSAL_osal_bufmgr.obj (.text.osal_bm_free)
                  00017d64    0000009c     OneLib.a : OneLib_Host_SM_sm_pairing.obj (.text.smGenerateDHKeyCheck)
                  00017e00    0000009a     drivers_cc27xxx10.a : UART2.c.obj (.text.UART2_writeCancel)
                  00017e9a    00000002     rom_init.o (.text.MAP_gapScan_processSessionEndEvt)
                  00017e9c    00000098     OneLib.a : OneLib_LL_crypto_port_simplelink.obj (.text.CryptoP_AESInit)
                  00017f34    00000098              : OneLib_HCI_hci_event.obj (.text.HCI_CommandCompleteEvent)
                  00017fcc    00000098     rcl_cc27xxx10.a : LRFLPF3_FIFO.c.obj (.text.LRF_writeTxFifoWords)
                  00018064    00000098     nvocmp.o (.text.NVOCMP_erase)
                  000180fc    00000098     StackWrapper.a : StackWrapper_Host_gapbondmgr.obj (.text.gapBondStateStartSecurity)
                  00018194    00000098     OneLib.a : OneLib_LL_ll_common.obj (.text.llProcessTxData)
                  0001822c    00000098              : OneLib_LL_ll_common.obj (.text.llReleaseConnId)
                  000182c4    00000098     StackWrapper.a : StackWrapper_OSAL_osal_cbtimer.obj (.text.osal_CbTimerProcessEvent)
                  0001835c    00000098     hsmddk_cc27xxx10_its.a : adapter_psa_asset.c.obj (.text.psaInt_AssetAlloc)
                  000183f4    00000098     ti_freertos_config.o (.text.xTaskPriorityInherit)
                  0001848c    00000096     OneLib.a : OneLib_Host_GAP_linkdb.obj (.text.linkDB_Add)
                  00018522    00000002     rom_init.o (.text.MAP_gap_CentConnRegister)
                  00018524    00000094     hsmddk_cc27xxx10_its.a : eip130.c.obj (.text.EIP130_FirmwareCheck)
                  000185b8    00000094     OneLib.a : OneLib_Host_Profiles_gattservapp.obj (.text.GATTServApp_Init)
                  0001864c    00000094     icall_POSIX.o (.text.ICall_send)
                  000186e0    00000094     OneLib.a : OneLib_LL_ll.obj (.text.LE_SetExtAdvParamsAdvConn)
                  00018774    00000094              : OneLib_Host_SM_sm_pairing.obj (.text.SM_StartPairing)
                  00018808    00000094              : OneLib_LL_ll_scheduler.obj (.text.llScheduleTask)
                  0001889c    00000094     rcl_cc27xxx10.a : RCL_Scheduler.c.obj (.text.rclSchedulerCancelStopTime)
                  00018930    00000094     ti_freertos_config.o (.text.vTaskRemoveFromUnorderedEventList)
                  000189c4    0000000c     secure_drivers_cc27xxx10.a : AESCommonXXF3.c.obj (.text.AESCommonXXF3_isDMALengthValid)
                  000189d0    00000092     driverlib.a : aes_ticlang.s.obj (.text)
                  00018a62    00000002     rom_init.o (.text.MAP_l2capDisconnectChannel)
                  00018a64    00000090     secure_drivers_cc27xxx10.a : AESCCMXXF3.c.obj (.text.AESCCMXXF3HSM_processFinalBlock)
                  00018af4    00000090     hsmddk_cc27xxx10_its.a : hwpal_device_mb.c.obj (.text.Device_Read32Array)
                  00018b84    00000090     OneLib.a : OneLib_Host_GAP_gap_linkmgr.obj (.text.GAP_UpdateLinkParamReq)
                  00018c14    00000090              : OneLib_LL_ll_enc.obj (.text.LL_ENC_Decrypt)
                  00018ca4    00000090              : OneLib_LL_ll_privacy.obj (.text.LL_PRIV_FindPeerInRL)
                  00018d34    00000090     app_menu.o (.text.Menu_workWithCB)
                  00018dc4    00000090     nvocmp.o (.text.NVOCMP_getDstPage)
                  00018e54    00000090     rcl_cc27xxx10.a : RCL_Buffer.c.obj (.text.RCL_MultiBuffer_RxEntry_get)
                  00018ee4    00000090                     : RCL_Scheduler.c.obj (.text.RCL_Scheduler_setStopTimes)
                  00018f74    00000090     drivers_cc27xxx10.a : UART2LPF3.c.obj (.text.UART2_close)
                  00019004    00000090     OneLib.a : OneLib_LL_ll_common.obj (.text.llInitFeatureSet)
                  00019094    00000090              : OneLib_LL_ll_common.obj (.text.llRclUpdateFilterList)
                  00019124    00000090     ti_freertos_config.o (.text.prvAddCurrentTaskToDelayedList)
                  000191b4    00000090     OneLib.a : OneLib_Host_SM_sm_pairing.obj (.text.smGetECCKeys)
                  00019244    00000090              : OneLib_Host_SMP_smp.obj (.text.smpBuildPairingReqRsp)
                  000192d4    00000090     hsmddk_cc27xxx10_its.a : tfm_internal_trusted_storage.c.obj (.text.tfm_its_get)
                  00019364    0000008e     OneLib.a : OneLib_Host_SMP_smp.obj (.text.smpParsePairingReq)
                  000193f2    00000002     rom_init.o (.text.MAP_l2capGetCoChannelInfo)
                  000193f4    0000008c     OneLib.a : OneLib_Host_L2CAP_l2cap_if.obj (.text.L2CAP_SendData)
                  00019480    0000008c     drivers_cc27xxx10.a : NVSLPF3.c.obj (.text.NVSLPF3_open)
                  0001950c    0000008c     simple_gatt_profile.o (.text.SimpleGattProfile_setParameter)
                  00019598    0000008c     drivers_cc27xxx10.a : TemperatureLPF3.c.obj (.text.TemperatureLPF3_temperatureEventCb)
                  00019624    0000008c     OneLib.a : OneLib_Host_Profiles_gattservapp.obj (.text.gattServApp_EnqueueReTx)
                  000196b0    0000008c              : OneLib_Host_L2CAP_l2cap_task.obj (.text.l2capProcessSignal)
                  0001973c    0000008c              : OneLib_Host_L2CAP_l2cap_util.obj (.text.l2capSendReq)
                  000197c8    0000008c              : OneLib_LL_ll_ble.obj (.text.llManageControlPacketQueue)
                  00019854    0000008c              : OneLib_LL_ll_scheduler.obj (.text.llSelectTaskAdv)
                  000198e0    0000008c     StackWrapper.a : StackWrapper_OSAL_osal.obj (.text.osal_msg_enqueue_push)
                  0001996c    0000008c     OneLib.a : OneLib_Host_SM_sm_rsppairing.obj (.text.smpResponderProcessPairingConfirm)
                  000199f8    0000008c     ti_freertos_config.o (.text.vTaskDelete)
                  00019a84    0000008c     ti_freertos_config.o (.text.vTaskSuspend)
                  00019b10    0000008a     OneLib.a : OneLib_Host_GAP_gap_linkmgr.obj (.text.sendEstLinkEventV2)
                  00019b9a    00000002     rom_init.o (.text.MAP_l2capNotifyChannelEstEvt)
                  00019b9c    00000088     secure_drivers_cc27xxx10.a : CryptoKeyKeyStore_PSA_helpers.c.obj (.text.KeyStore_PSA_assetPostProcessing)
                  00019c24    00000088     rcl_cc27xxx10.a : RCL_Buffer.c.obj (.text.RCL_MultiBuffer_RxEntry_next)
                  00019cac    00000088     StackWrapper.a : StackWrapper_Host_gapbondmgr.obj (.text.gapBondMgr_ServiceChangeInd)
                  00019d34    00000088     OneLib.a : OneLib_Host_GATT_gatt_client.obj (.text.gattClientHandleConnStatusCB)
                  00019dbc    00000088              : OneLib_Host_GATT_gatt_server.obj (.text.gattServerHandleConnStatusCB)
                  00019e44    00000088              : OneLib_Host_L2CAP_l2cap_util.obj (.text.l2capEncapSendData)
                  00019ecc    00000088              : OneLib_LL_ll_common.obj (.text.llCBTimer_AptoExpiredCback)
                  00019f54    00000088              : OneLib_LL_ll_ble.obj (.text.llReplaceRxBuffers)
                  00019fdc    00000088     hsmddk_cc27xxx10_its.a : adapter_vex_device.c.obj (.text.vex_DeviceInit)
                  0001a064    00000088     ti_freertos_config.o (.text.xQueueGenericReset)
                  0001a0ec    00000086     secure_drivers_cc27xxx10.a : AESCCMXXF3.c.obj (.text.AESCCMXXF3HSM_processFinalBlockPostProcessing)
                  0001a172    00000086                                : AESECBXXF3.c.obj (.text.AESECB_oneStepEncrypt)
                  0001a1f8    00000086     hsmddk_cc27xxx10_its.a : asn1der_parse.c.obj (.text.Asn1Der_GetLength)
                  0001a27e    00000086     OneLib.a : OneLib_LL_ll_common.obj (.text.llValidateConnParams)
                  0001a304    00000084     secure_drivers_cc27xxx10.a : AESCCMXXF3.c.obj (.text.AESCCMXXF3HSM_getKeyMaterial)
                  0001a388    00000084                                : AESCTRXXF3.c.obj (.text.AESCTRXXF3_processData)
                  0001a40c    00000084     hsmddk_cc27xxx10_its.a : asn1der_parse.c.obj (.text.Asn1Der_GetAlgorithm)
                  0001a490    00000084     OneLib.a : OneLib_LL_crypto_port_simplelink.obj (.text.CryptoP_ECDHGenerateDHKey)
                  0001a514    00000084              : OneLib_Host_GATT_gatt_server.obj (.text.GATT_FindNextAttr)
                  0001a598    00000084              : OneLib_Host_L2CAP_l2cap_if.obj (.text.L2CAP_ConnParamUpdateReq)
                  0001a61c    00000084              : OneLib_LL_ll_enc.obj (.text.LL_ENC_Encrypt)
                  0001a6a0    00000084              : OneLib_LL_ll_isr.obj (.text.LL_rclPeripheralCallback)
                  0001a724    00000084     drivers_cc27xxx10.a : PowerCC27XX.c.obj (.text.Power_sleep)
                  0001a7a8    00000084     StackWrapper.a : StackWrapper_Host_gapbondmgr.obj (.text.gapBondMgr_SyncCharCfg)
                  0001a82c    00000084     OneLib.a : OneLib_Host_Profiles_gattservapp.obj (.text.gattServApp_buildReadByTypeRsp)
                  0001a8b0    00000084              : OneLib_LL_ll_common.obj (.text.llReplaceCtrlPkt)
                  0001a934    00000084     hsmddk_cc27xxx10_its.a : adapter_psa_asset.c.obj (.text.psaInt_AssetLoadPlaintext)
                  0001a9b8    00000084     ti_freertos_config.o (.text.vTaskSwitchContext)
                  0001aa3c    00000082     OneLib.a : OneLib_LL_ll.obj (.text.LL_RemoteConnParamReqReply)
                  0001aabe    00000002     rom_init.o (.text.MAP_l2capNotifyChannelTermEvt)
                  0001aac0    00000080     bleapputil_init.o (.text.BLEAppUtil_initGatt)
                  0001ab40    00000080     nvocmp.o (.text.NVOCMP_getFreeNvApi)
                  0001abc0    00000080     OneLib.a : OneLib_LL_ll_common.obj (.text.llWriteTxData)
                  0001ac40    00000080              : OneLib_Host_SM_sm_pairing.obj (.text.smUpdateEncInfo)
                  0001acc0    0000007e     nvocmp.o (.text.NVOCMP_readHeader)
                  0001ad3e    0000007e     StackWrapper.a : StackWrapper_Host_gattservapp_util.obj (.text.gattServApp_SendNotiInd)
                  0001adbc    0000007c     bleapputil_process.o (.text.BLEAppUtil_convertGAPEvents)
                  0001ae38    0000007c     drivers_cc27xxx10.a : BatMonSupportLPF3.c.obj (.text.BatMonSupportLPF3_init)
                  0001aeb4    0000007c     ti_drivers_config.o (.text.Board_init)
                  0001af30    0000007c     ti_freertos_config.o (.text.ClockP_startup)
                  0001afac    0000007c     secure_drivers_cc27xxx10.a : ECDHXXF3HSM.c.obj (.text.ECDH_computeSharedSecret)
                  0001b028    0000007c     OneLib.a : OneLib_Host_GATT_gatt_task.obj (.text.GATT_bm_alloc)
                  0001b0a4    0000007c              : OneLib_Host_L2CAP_l2cap_task.obj (.text.L2CAP_ProcessEvent)
                  0001b120    0000007c     rcl_cc27xxx10.a : LRFLPF3_FIFO.c.obj (.text.LRF_prepareRxFifo)
                  0001b19c    0000007c     menu_module.o (.text.MenuModule_printMenuNavBar)
                  0001b218    0000007c     simple_gatt_profile.o (.text.SimpleGattProfile_writeAttrCB)
                  0001b294    0000007c     OneLib.a : OneLib_Host_GAP_gap_task.obj (.text.gapProcessOSALMsg)
                  0001b310    0000007c              : OneLib_LL_ll_common.obj (.text.llApplyParamUpdate)
                  0001b38c    0000007c     hsmddk_cc27xxx10_its.a : adapter_psa_asset.c.obj (.text.psaInt_AssetSearch)
                  0001b408    0000007c     rcl_cc27xxx10.a : RCL_Scheduler.c.obj (.text.rclSchedulerSetNewStopTime)
                  0001b484    0000007c     ti_freertos_config.o (.text.vPortGetHeapStats)
                  0001b500    0000007c     ti_freertos_config.o (.text.vTaskPriorityDisinheritAfterTimeout)
                  0001b57c    0000007c     ti_freertos_config.o (.text.xQueueGenericSendFromISR)
                  0001b5f8    0000007a     StackWrapper.a : StackWrapper_Host_gapbondmgr.obj (.text.GAPBondMgr_checkRandomAddr)
                  0001b672    0000007a     OneLib.a : OneLib_Host_GATT_gatt_client.obj (.text.gattResetClientInfo)
                  0001b6ec    0000007a              : OneLib_LL_ll_common.obj (.text.llVerifyConnParamReqParams)
                  0001b766    0000007a     ti_freertos_config.o (.text.memalign)
                  0001b7e0    0000007a     ti_freertos_config.o (.text.prvInitialiseNewTask)
                  0001b85a    00000002     rom_init.o (.text.MAP_l2capProcessConnectReq)
                  0001b85c    00000078     secure_drivers_cc27xxx10.a : ECDHXXF3HSM.c.obj (.text.ECDH_generatePublicKey)
                  0001b8d4    00000078     hsmddk_cc27xxx10_its.a : eip201.c.obj (.text.EIP201_Config_Change)
                  0001b94c    00000078     OneLib.a : OneLib_Host_GATT_gatt_server.obj (.text.GATT_Notification)
                  0001b9c4    00000078     rcl_cc27xxx10.a : LRFLPF3_FIFO.c.obj (.text.LRF_peekRxFifo)
                  0001ba3c    00000078                     : LRFLPF3_FIFO.c.obj (.text.LRF_writeFifoPtr)
                  0001bab4    00000078     StackWrapper.a : StackWrapper_Host_gapbondmgr.obj (.text.gapBondMgrSetStateFlagFromConnhandle)
                  0001bb2c    00000078     OneLib.a : OneLib_Host_L2CAP_l2cap_task.obj (.text.l2capProcessRxData)
                  0001bba4    00000078              : OneLib_LL_ll_common.obj (.text.llPeriSetConnChannelParams)
                  0001bc1c    00000078     StackWrapper.a : StackWrapper_OSAL_osal.obj (.text.osal_init_system)
                  0001bc94    00000078     driverlib.a : udma.c.obj (.text.uDMASetChannelTransfer)
                  0001bd0c    00000078     ti_freertos_config.o (.text.xEventGroupSetBits)
                  0001bd84    00000076     OneLib.a : OneLib_Host_GAP_gap_linkmgr.obj (.text.sendEstLinkEvent)
                  0001bdfa    00000002              : common_lib_opt_ctrl_stub_scanner.obj (.text.OPT_HCI_InitScanCallbacks)
                  0001bdfc    00000074     ti_freertos_config.o (.text.ClockP_hwiCallback)
                  0001be70    00000074     OneLib.a : OneLib_LL_crypto_port_simplelink.obj (.text.CryptoP_ECDHGenerateKeyPair)
                  0001bee4    00000074              : OneLib_Host_GAP_gap_configmgr.obj (.text.GAP_GetDevAddress)
                  0001bf58    00000074              : OneLib_Host_Profiles_gattservapp.obj (.text.GATTServApp_RegisterService)
                  0001bfcc    00000074              : OneLib_Host_GATT_gatt_server.obj (.text.GATT_VerifyReadPermissions)
                  0001c040    00000074     secure_drivers_cc27xxx10.a : HSMXXF3Utility.c.obj (.text.HSMXXF3_asymDHPubKeyToHW)
                  0001c0b4    00000074                                : HSMXXF3.c.obj (.text.HSMXXF3_submitToken)
                  0001c128    00000074                                : HSMXXF3.c.obj (.text.HSMXXF3_wakeUp)
                  0001c19c    00000074     ti_freertos_config.o (.text.HwiP_construct)
                  0001c210    00000074     OneLib.a : OneLib_LL_ll.obj (.text.LL_RemoveDeviceFromResolvingList)
                  0001c284    00000074              : OneLib_LL_ll.obj (.text.LL_SetRandomAddress)
                  0001c2f8    00000074     rcl_cc27xxx10.a : RCLLPF3_Hal.c.obj (.text.RCL_Hal_initFsm)
                  0001c36c    00000074     drivers_cc27xxx10.a : UART2LPF3.c.obj (.text.UART2Support_dmaStopTx)
                  0001c3e0    00000074     OneLib.a : OneLib_Host_GAP_gap_linkmgr.obj (.text.gapProcessDisconnectCompleteEvt)
                  0001c454    00000074     hsmddk_cc27xxx10_its.a : its_flash_fs_mblock.c.obj (.text.its_flash_fs_mblock_read_block_metadata)
                  0001c4c8    00000074     OneLib.a : OneLib_Host_L2CAP_l2cap_task.obj (.text.l2capProcessOSALMsg)
                  0001c53c    00000074              : OneLib_LL_ll_scheduler.obj (.text.llLinkSchedSetup)
                  0001c5b0    00000072     secure_drivers_cc27xxx10.a : ECDHXXF3HSM.c.obj (.text.ECDHXXF3HSM_readSharedSecret)
                  0001c622    00000072     OneLib.a : OneLib_HCI_hci_event_raw.obj (.text.HCI_SendCommandCompleteEvent)
                  0001c694    00000070              : OneLib_Host_Profiles_gattservapp.obj (.text.GATTServApp_WriteAttr)
                  0001c704    00000070     secure_drivers_cc27xxx10.a : HSMXXF3.c.obj (.text.HSMXXF3_waitForResult)
                  0001c774    00000070     icall_POSIX.o (.text.ICall_createRemoteTasksAtRuntime)
                  0001c7e4    00000070     icall_POSIX.o (.text.ICall_setTimer)
                  0001c854    00000070     OneLib.a : OneLib_LL_ll.obj (.text.LE_SetExtAdvAndScanRspData)
                  0001c8c4    00000070              : OneLib_LL_ll_isr.obj (.text.LL_rclAdvCallback)
                  0001c934    00000070     nvocmp.o (.text.NVOCMP_readItemApi)
                  0001c9a4    00000070     drivers_cc27xxx10.a : PowerCC27XX.c.obj (.text.Power_releaseDependency)
                  0001ca14    00000070                         : PowerCC27XX.c.obj (.text.Power_setDependency)
                  0001ca84    00000070     app_simple_gatt.o (.text.SimpleGatt_start)
                  0001caf4    00000070     ti_freertos_config.o (.text.formatNum)
                  0001cb64    00000070     OneLib.a : OneLib_Host_GAP_gap_perilinkmgr.obj (.text.gapPeriProcessSignalEvt)
                  0001cbd4    00000070              : OneLib_Host_L2CAP_l2cap_util.obj (.text.l2capSendCmd)
                  0001cc44    00000070              : OneLib_LL_ll_common.obj (.text.llUpdateRxBuffersForActiveConnections)
                  0001ccb4    00000070     osal_icall_ble.o (.text.osalInitTasks)
                  0001cd24    00000070     StackWrapper.a : StackWrapper_OSAL_osal.obj (.text.osal_msg_receive)
                  0001cd94    00000070     ti_freertos_config.o (.text.prvCheckForValidListAndQueue)
                  0001ce04    00000070     ti_freertos_config.o (.text.prvCopyDataToQueue)
                  0001ce74    00000070     ti_freertos_config.o (.text.prvUnlockQueue)
                  0001cee4    00000070     OneLib.a : OneLib_Host_SM_sm_pairing.obj (.text.smOobSCAuthentication)
                  0001cf54    00000070     ti_freertos_config.o (.text.xQueueReceiveFromISR)
                  0001cfc4    00000070     libc.a : copy_decompress_lzss.c.obj (.text:decompress:lzss)
                  0001d034    0000006c     hsmddk_cc27xxx10_its.a : adapter_init.c.obj (.text.Adapter_Init)
                  0001d0a0    0000006c     app_connection.o (.text.Connection_HciGAPEventHandler)
                  0001d10c    0000006c     OneLib.a : OneLib_LL_crypto_port_simplelink.obj (.text.CryptoP_AESCCM)
                  0001d178    0000006c     hsmddk_cc27xxx10_its.a : device_generic.c.obj (.text.Device_Find)
                  0001d1e4    0000006c                            : eip130.c.obj (.text.EIP130_MailboxWriteAndSubmitToken)
                  0001d250    0000006c     OneLib.a : OneLib_Host_GATT_gatt_server.obj (.text.GATT_InitServer)
                  0001d2bc    0000006c     secure_drivers_cc27xxx10.a : HSMXXF3.c.obj (.text.HSMXXF3_constructECDHGenPubPhysicalToken)
                  0001d328    0000006c     OneLib.a : OneLib_LL_ll.obj (.text.LL_EXT_SetMaxDataLen)
                  0001d394    0000006c     nvocmp.o (.text.NVOCMP_eraseNvApi)
                  0001d400    0000006c     nvocmp.o (.text.NVOCMP_writeItemApi)
                  0001d46c    0000006c     rcl_cc27xxx10.a : ble5.c.obj (.text.RCL_Handler_BLE5_findRfFreq)
                  0001d4d8    0000006c     OneLib.a : OneLib_Host_SM_sm_rsppairing.obj (.text.SM_ResponderInit)
                  0001d544    0000006c              : OneLib_LL_ll_common.obj (.text.llAllocConnection)
                  0001d5b0    0000006c              : OneLib_LL_ll_common.obj (.text.llEnqueueCtrlPkt)
                  0001d61c    0000006c              : OneLib_LL_ll_ae.obj (.text.llFindNextSecCmd)
                  0001d688    0000006c              : OneLib_LL_ll_common.obj (.text.llPeriSetConnSyncParams)
                  0001d6f4    0000006c              : OneLib_LL_ll_common.obj (.text.llSetNextDataChan)
                  0001d760    0000006c              : OneLib_LL_ll_ae.obj (.text.llUpdateSortedAdvList)
                  0001d7cc    0000006c     hsmddk_cc27xxx10_its.a : adapter_psa_asym_parse.c.obj (.text.local_GetAlgorithm)
                  0001d838    0000006c     StackWrapper.a : StackWrapper_OSAL_osal.obj (.text.osal_event_send)
                  0001d8a4    0000006c     ti_freertos_portable_config.o (.text.pxPortInitialiseStack)
                  0001d910    0000006c     hsmddk_cc27xxx10_its.a : adapter_vex_device.c.obj (.text.vexLocal_DeviceInit)
                  0001d97c    0000006a     secure_drivers_cc27xxx10.a : ECDHXXF3HSM.c.obj (.text.ECDHXXF3HSM_freeAllAssets)
                  0001d9e6    0000006a     libclang_rt.builtins.a : comparedf2.c.obj (.text.__gedf2)
                  0001da50    0000006a                            : comparedf2.c.obj (.text.__ledf2)
                  0001daba    0000006a     OneLib.a : OneLib_LL_ll_common.obj (.text.llFragmentPDU)
                  0001db24    00000068     secure_drivers_cc27xxx10.a : ECDHXXF3HSM.c.obj (.text.ECDH_construct)
                  0001db8c    00000068     StackWrapper.a : StackWrapper_Host_gap.obj (.text.GAP_DeviceInit_validate_params)
                  0001dbf4    00000068     OneLib.a : OneLib_Host_GATT_gatt_server.obj (.text.GATT_ServiceChangedInd)
                  0001dc5c    00000068              : OneLib_HCI_hci_event.obj (.text.HCI_VendorSpecifcCommandCompleteEvent)
                  0001dcc4    00000068     secure_drivers_cc27xxx10.a : HSMXXF3Utility.c.obj (.text.HSMXXF3_asymDHPubKeyFromHW)
                  0001dd2c    00000068     icall_POSIX.o (.text.ICall_enrollService)
                  0001dd94    00000068     hsmddk_cc27xxx10_its.a : adapter_psa_preprovisioned_keys.c.obj (.text.KeyMgmt_getPreProvisionedKey)
                  0001ddfc    00000068     OneLib.a : OneLib_LL_ll.obj (.text.LE_RemoveAdvSet)
                  0001de64    00000068              : OneLib_LL_ll.obj (.text.LL_ClearAdvSets)
                  0001decc    00000068              : OneLib_LL_ll_privacy.obj (.text.LL_PRIV_Init)
                  0001df34    00000068              : OneLib_HCI_hci_event.obj (.text.LL_PhyUpdateCompleteEventCback)
                  0001df9c    00000068              : OneLib_LL_ll.obj (.text.LL_WriteDefaultDataLen)
                  0001e004    00000068     rcl_cc27xxx10.a : ble5.c.obj (.text.RCL_Handler_BLE5_setCoexRegister)
                  0001e06c    00000068     OneLib.a : OneLib_LL_ll_common.obj (.text.RfBleDpl_setConnPhy)
                  0001e0d4    00000068              : OneLib_Host_GAP_gap_perilinkmgr.obj (.text.gapPeriProcessConnUpdateCompleteEvt)
                  0001e13c    00000068              : OneLib_Host_GAP_gap_configmgr.obj (.text.gapSendDeviceInitDoneEvent)
                  0001e1a4    00000068              : OneLib_LL_ll_ble.obj (.text.llSetupConnRxDataEntryQueue)
                  0001e20c    00000068              : OneLib_Host_SM_sm_rsppairing.obj (.text.smpResponderProcessPairingDHKeyCheck)
                  0001e274    00000068     ti_freertos_config.o (.text.xTaskPriorityDisinherit)
                  0001e2dc    00000066     tpms_parser.o (.text.Tpms_parseTestPacket)
                  0001e342    00000066     hsmddk_cc27xxx10_its.a : its_flash_fs_mblock.c.obj (.text.its_flash_fs_mblock_get_file_idx_meta)
                  0001e3a8    00000066     OneLib.a : OneLib_LL_ll_common.obj (.text.llIsThereACollisionBetweenConn)
                  0001e40e    00000066     rcl_cc27xxx10.a : RCL_Scheduler.c.obj (.text.rclSchedulerFindEarliestStopTime)
                  0001e474    00000064     secure_drivers_cc27xxx10.a : AESCommonXXF3.c.obj (.text.AESCommonXXF3_construct)
                  0001e4d8    00000064     app_main.o (.text.App_StackInitDoneHandler)
                  0001e53c    00000064     bleapputil_task.o (.text.BLEAppUtil_createBLEAppUtilTask)
                  0001e5a0    00000064     bleapputil_task.o (.text.BLEAppUtil_enqueueMsg)
                  0001e604    00000064     ti_freertos_config.o (.text.ClockP_start)
                  0001e668    00000064     hsmddk_cc27xxx10_its.a : hwpal_device_mb.c.obj (.text.Device_Read32Check)
                  0001e6cc    00000064                            : hwpal_device_mb.c.obj (.text.Device_Write32)
                  0001e730    00000064     OneLib.a : OneLib_Host_GAP_gap_task.obj (.text.GAP_ProcessEvent)
                  0001e794    00000064              : OneLib_Host_GATT_gatt_server.obj (.text.GATT_FindHandleUUID)
                  0001e7f8    00000064     icall_POSIX.o (.text.ICall_sendServiceComplete)
                  0001e85c    00000064     OneLib.a : OneLib_LL_ll.obj (.text.LL_EXT_GetActiveConnInfo)
                  0001e8c0    00000064     ti_freertos_portable_config.o (.text.PendSV_Handler)
                  0001e924    00000064     rcl_cc27xxx10.a : RCL_Scheduler.c.obj (.text.RCL_Scheduler_updateStopStatus)
                  0001e988    00000064     StackWrapper.a : StackWrapper_Host_gapbondmgr.obj (.text.gapBondMgrUpdateLruBondList)
                  0001e9ec    00000064                    : StackWrapper_Host_gapbondmgr.obj (.text.gapBondMgr_Pair)
                  0001ea50    00000064     OneLib.a : OneLib_Host_GAP_gap_linkmgr.obj (.text.gapSendPairingReqEvent)
                  0001eab4    00000064              : OneLib_LL_ll_common.obj (.text.llDequeueCtrlPkt)
                  0001eb18    00000064     hsmddk_cc27xxx10_its.a : adapter_psa_key_management.c.obj (.text.local_AsymBigIntToHW)
                  0001eb7c    00000064     OneLib.a : OneLib_Host_SM_sm_pairing.obj (.text.smFreePairingParams)
                  0001ebe0    00000064     ti_freertos_config.o (.text.xQueueGiveFromISR)
                  0001ec44    00000062     libclang_rt.builtins.a : aeabi_dcmp.S.obj (.text.__aeabi_dcmp)
                  0001eca6    00000062     StackWrapper.a : StackWrapper_Host_gapbondmgr.obj (.text.gapBondMgrBondReq)
                  0001ed08    00000060     secure_drivers_cc27xxx10.a : AESECBXXF3.c.obj (.text.AESECBXXF3_hwiFxn)
                  0001ed68    00000060     bleapputil_init.o (.text.BLEAppUtil_initHostAdvSet)
                  0001edc8    00000060     ti_freertos_config.o (.text.ClockP_stop)
                  0001ee28    00000060     secure_drivers_cc27xxx10.a : CryptoResourceXXF3.c.obj (.text.CryptoResourceXXF3_constructRTOSObjects)
                  0001ee88    00000060     hsmddk_cc27xxx10_its.a : eip130_token_common.c.obj (.text.Eip130Token_Command_WriteByteArray)
                  0001eee8    00000060     OneLib.a : OneLib_Host_Profiles_gapgattserver.obj (.text.GGS_SetParameter)
                  0001ef48    00000060     drivers_cc27xxx10.a : GPIOLPF3.c.obj (.text.GPIO_setConfigAndMux)
                  0001efa8    00000060     OneLib.a : OneLib_Host_GAP_gap_advertiser.obj (.text.GapAdv_abortLoad)
                  0001f008    00000060     secure_drivers_cc27xxx10.a : CryptoKeyKeyStore_PSA_helpers.c.obj (.text.KeyStore_PSA_getKey)
                  0001f068    00000060     OneLib.a : OneLib_LL_ll_ae.obj (.text.LL_DisableAdvSets)
                  0001f0c8    00000060              : OneLib_HCI_hci_event.obj (.text.LL_RemoteConnParamReqCback)
                  0001f128    00000060     rcl_cc27xxx10.a : LRFLPF3_FIFO.c.obj (.text.LRF_prepareTxFifo)
                  0001f188    00000060     menu_module.o (.text.MenuModule_doInit)
                  0001f1e8    00000060     nvocmp.o (.text.NVOCMP_checkItem)
                  0001f248    00000060     nvocmp.o (.text.NVOCMP_verifyCRC)
                  0001f2a8    00000060     rcl_cc27xxx10.a : RCLLPF3_Hal.c.obj (.text.RCL_Hal_setupSetupTime)
                  0001f308    00000060     OneLib.a : OneLib_Host_GAP_gap_task.obj (.text.gapProcessCommandStatusEvt)
                  0001f368    00000060              : OneLib_Host_GAP_gap_configmgr.obj (.text.gapSetIRK)
                  0001f3c8    00000060              : OneLib_Host_GAP_gap_configmgr.obj (.text.gap_ParamsInit)
                  0001f428    00000060              : OneLib_Host_GATT_gatt_client.obj (.text.gattReadByType)
                  0001f488    00000060              : OneLib_Host_GAP_linkdb.obj (.text.linkDB_Authen)
                  0001f4e8    00000060              : OneLib_Host_GAP_linkdb.obj (.text.linkDB_Init)
                  0001f548    00000060              : OneLib_LL_ll_ae.obj (.text.llCompareSecondaryPrimaryTasksQoSParam)
                  0001f5a8    00000060     hsmddk_cc27xxx10_its.a : adapter_psa_system.c.obj (.text.psaInt_IsAccessSecure)
                  0001f608    00000060     OneLib.a : OneLib_Host_SM_sm_rsppairing.obj (.text.smResponderAuthStageTwo)
                  0001f668    00000060              : OneLib_Host_SM_sm_rsppairing.obj (.text.smpResponderProcessCentralID)
                  0001f6c8    00000060              : OneLib_Host_SM_sm_rsppairing.obj (.text.smpResponderProcessPairingPublicKey)
                  0001f728    0000005e              : OneLib_Host_ATT_att_util.obj (.text.ATT_ParsePacket)
                  0001f786    0000005e     StackWrapper.a : StackWrapper_Host_gapbondmgr.obj (.text.GapBondMgr_GetPrevAuth)
                  0001f7e4    0000005e     libclang_rt.builtins.a : divmoddi4.c.obj (.text.__divmoddi4)
                  0001f842    00000002     OneLib.a : common_lib_opt_ctrl_stub_scanner.obj (.text.OPT_LL_DisableScanning)
                  0001f844    0000005c     bleapputil_init.o (.text.BLEAppUtil_init)
                  0001f8a0    0000005c     ti_freertos_config.o (.text.ClockP_walkQueueDynamic)
                  0001f8fc    0000005c     secure_drivers_cc27xxx10.a : HSMXXF3.c.obj (.text.HSMXXF3_constructRTOSObjects)
                  0001f958    0000005c                                : HSMXXF3.c.obj (.text.HSMXXF3_hwiFxn)
                  0001f9b4    0000005c     OneLib.a : OneLib_LL_ll.obj (.text.LL_ClearResolvingList)
                  0001fa10    0000005c              : OneLib_LL_ll.obj (.text.LL_EncLtkNegReply)
                  0001fa6c    0000005c              : OneLib_HCI_hci_event.obj (.text.LL_ReadLocalP256PublicKeyCompleteEventCback)
                  0001fac8    0000005c     rcl_cc27xxx10.a : ble5.c.obj (.text.RCL_BLE5_updateFilterList)
                  0001fb24    0000005c     simple_gatt_profile.o (.text.SimpleGattProfile_readAttrCB)
                  0001fb80    0000005c     drivers_cc27xxx10.a : UART2LPF3.c.obj (.text.UART2Support_dmaStopRx)
                  0001fbdc    0000005c     StackWrapper.a : StackWrapper_Host_gapbondmgr.obj (.text.gapBondStateDoGATTDisc)
                  0001fc38    0000005c     icall_POSIX.o (.text.icall_directAPIva)
                  0001fc94    0000005c     OneLib.a : OneLib_Host_L2CAP_l2cap_util.obj (.text.l2capNotifyEvent)
                  0001fcf0    0000005c              : OneLib_Host_L2CAP_l2cap_util.obj (.text.l2capParsePacket)
                  0001fd4c    0000005c              : OneLib_LL_ll_scheduler.obj (.text.llSchedulerInit)
                  0001fda8    0000005c              : OneLib_LL_ll_scheduler.obj (.text.llScheduler_getHandle)
                  0001fe04    0000005c              : OneLib_LL_ll_ae.obj (.text.llSendAdvSetTermEvent)
                  0001fe60    0000005c     hsmddk_cc27xxx10_its.a : adapter_psa_asset.c.obj (.text.psaInt_AsymEccInstallCurve)
                  0001febc    0000005c     ti_freertos_config.o (.text.vTaskStartScheduler)
                  0001ff18    0000005a     hsmddk_cc27xxx10_its.a : eip130.c.obj (.text.EIP130_MailboxGetOptions)
                  0001ff72    0000005a     OneLib.a : OneLib_LL_ll_dfl.obj (.text.LL_DFL_AddEntry)
                  0001ffcc    0000005a              : OneLib_LL_ll_dfl.obj (.text.llDFLUpdateRanks)
                  00020026    00000002              : common_lib_opt_ctrl_stub_initiator.obj (.text.OPT_LL_DisableScanningForInitiator)
                  00020028    00000058     secure_drivers_cc27xxx10.a : AESCommonXXF3.c.obj (.text.AESCommonXXF3_cleanup)
                  00020080    00000058     bleapputil_process.o (.text.BLEAppUtil_processStackEvents)
                  000200d8    00000058     bleapputil_init.o (.text.BLEAppUtil_stackInit)
                  00020130    00000058     drivers_cc27xxx10.a : Button.c.obj (.text.Button_gpioCallbackFxn)
                  00020188    00000058     OneLib.a : OneLib_LL_crypto_port_simplelink.obj (.text.CryptoP_RNGInit)
                  000201e0    00000058              : OneLib_HCI_hci.obj (.text.HCI_HostNumCompletedPktCmd)
                  00020238    00000058     icall_POSIX.o (.text.ICall_fetchMsg)
                  00020290    00000058     icall_POSIX.o (.text.ICall_registerApp)
                  000202e8    00000058     OneLib.a : OneLib_LL_ll.obj (.text.LE_checkAdvConnStatus)
                  00020340    00000058              : OneLib_LL_ll_enc.obj (.text.LL_ENC_DecryptMsg)
                  00020398    00000058              : OneLib_LL_ll.obj (.text.LL_GenerateDHKeyCmd)
                  000203f0    00000058     menu_module.o (.text.MenuModule_initButtons)
                  00020448    00000058     rcl_cc27xxx10.a : RCLLPF3_Hal.c.obj (.text.RCL_Hal_setupStartTime)
                  000204a0    00000058                     : RCL.c.obj (.text.RCL_open)
                  000204f8    00000058     StackWrapper.a : StackWrapper_Host_sm_ecc.obj (.text.SM_p256KeyCB)
                  00020550    00000058                    : StackWrapper_Host_gapbondmgr.obj (.text.gapBondMgrChangeState)
                  000205a8    00000058                    : StackWrapper_Host_gapbondmgr.obj (.text.gapBondMgr_UpdateCharCfg)
                  00020600    00000058     OneLib.a : OneLib_Host_GAP_gap_linkmgr.obj (.text.gapPasskeyNeededCB)
                  00020658    00000058              : OneLib_LL_ll_common.obj (.text.llCreateCommonFeatureSet)
                  000206b0    00000058              : OneLib_LL_ll_common.obj (.text.llPeriUpdateConnParamsByInitiatorPhy)
                  00020708    00000058              : OneLib_LL_ll_common.obj (.text.llQueryTxQueue)
                  00020760    00000058              : OneLib_LL_ll_ecc.obj (.text.ll_GenerateDHKey)
                  000207b8    00000058     ti_freertos_config.o (.text.mq_send)
                  00020810    00000058     StackWrapper.a : StackWrapper_OSAL_osal_cbtimer.obj (.text.osal_CbTimerUpdate)
                  00020868    00000058     ti_freertos_config.o (.text.prvIdleTask)
                  000208c0    00000058     hsmddk_cc27xxx10_its.a : adapter_psa_asset.c.obj (.text.psaInt_AssetFree)
                  00020918    00000058     OneLib.a : OneLib_Host_SM_sm_pairing.obj (.text.smDetermineIOCaps)
                  00020970    00000058              : OneLib_Host_SM_sm_task.obj (.text.smProcessLTKRequest_gapBond)
                  000209c8    00000058              : OneLib_Host_SM_sm_pairing.obj (.text.smSendPublicKeys)
                  00020a20    00000058     osal_icall_ble.o (.text.stack_main)
                  00020a78    00000058     ti_freertos_config.o (.text.xTaskCreate)
                  00020ad0    00000056     OneLib.a : OneLib_Host_ATT_att_util.obj (.text.ATT_CompareUUID)
                  00020b26    00000056     StackWrapper.a : StackWrapper_Host_gapbondmgr.obj (.text.GAPBondMgr_ReadLocalLTK)
                  00020b7c    00000056     drivers_cc27xxx10.a : UART2.c.obj (.text.UART2_readCancel)
                  00020bd2    00000056     OneLib.a : OneLib_Host_GATT_gatt_task.obj (.text.gattNotifyEvent)
                  00020c28    00000056              : OneLib_LL_ll_common.obj (.text.llSetCodedMaxTxTime)
                  00020c7e    00000056              : OneLib_LL_ll_common.obj (.text.llShellSortActiveConns)
                  00020cd4    00000056     ti_freertos_config.o (.text.pthread_exit)
                  00020d2a    00000002     OneLib.a : common_lib_opt_ctrl_stub_connection_handover.obj (.text.OPT_LL_Handover_SetRxBlockValue)
                  00020d2c    00000054     secure_drivers_cc27xxx10.a : AESECBXXF3.c.obj (.text.AESECBXXF3_processData)
                  00020d80    00000054     OneLib.a : OneLib_LL_ll_al.obj (.text.AL_FindEntry)
                  00020dd4    00000054     bleapputil_stack_callbacks.o (.text.BLEAppUtil_advCB)
                  00020e28    00000054     bleapputil_process.o (.text.BLEAppUtil_convertGATTEvents)
                  00020e7c    00000054     ti_drivers_config.o (.text.Board_sendExtFlashByte)
                  00020ed0    00000054     app_dev_info.o (.text.DevInfo_start)
                  00020f24    00000054     StackWrapper.a : StackWrapper_Host_gapbondmgr.obj (.text.GapBondMgr_StartEnc)
                  00020f78    00000054     icall_POSIX.o (.text.ICall_workerThreadSendMsg)
                  00020fcc    00000054     driverlib.a : interrupt.c.obj (.text.IntSetPend)
                  00021020    00000054     OneLib.a : OneLib_LL_ll.obj (.text.LL_Disconnect)
                  00021074    00000054              : OneLib_LL_ll.obj (.text.LL_SetAddressResolutionEnable)
                  000210c8    00000054     nvocmp.o (.text.NVOCMP_compactNvApi)
                  0002111c    00000054     rcl_cc27xxx10.a : RCL_Scheduler.c.obj (.text.RCL_Scheduler_setStartStopTimeEarliestStart)
                  00021170    00000054     StackWrapper.a : StackWrapper_Host_gapbondmgr.obj (.text.gapBondMgrReadBonds)
                  000211c4    00000054     OneLib.a : OneLib_Host_GATT_gatt_server.obj (.text.gattProcessReadMultiReq)
                  00021218    00000054              : OneLib_Host_L2CAP_l2cap_util.obj (.text.l2capSendFCPkt)
                  0002126c    00000054              : OneLib_LL_ll_common.obj (.text.llEstimateConnMinTimeLength)
                  000212c0    00000054              : OneLib_LL_ll_common.obj (.text.llGetNextDataChanAlgo1)
                  00021314    00000054              : OneLib_LL_ll_common.obj (.text.llReleaseAllConnId)
                  00021368    00000054              : OneLib_LL_ll_common.obj (.text.llSetupDenyList)
                  000213bc    00000054              : OneLib_LL_ll_common.obj (.text.llVerifyCodedConnInterval)
                  00021410    00000054     StackWrapper.a : StackWrapper_OSAL_osal_cbtimer.obj (.text.osal_CbTimerStop)
                  00021464    00000054                    : StackWrapper_OSAL_osal_timers.obj (.text.osal_timer_refTimeUpdate)
                  000214b8    00000052     display_cc27xxx10.a : DisplayUart2.c.obj (.text.DisplayUart2Min_vprintf)
                  0002150a    00000002     OneLib.a : common_lib_opt_ctrl_stub_past_receiver.obj (.text.OPT_LL_PAST_R_DynamicFree)
                  0002150c    00000050     secure_drivers_cc27xxx10.a : AESCCMXXF3.c.obj (.text.AESCCMXXF3HSM_createTempAssetID)
                  0002155c    00000050                                : AESCCMXXF3.c.obj (.text.AESCCMXXF3_processB1withAAD)
                  000215ac    00000050                                : AESCCMXXF3.c.obj (.text.AESCCMXXF3_processOneStepCTRPolling)
                  000215fc    00000050     bleapputil_process.o (.text.BLEAppUtil_isStackEventRequired)
                  0002164c    00000050     bleapputil_stack_callbacks.o (.text.BLEAppUtil_passcodeCB)
                  0002169c    00000050     ti_drivers_config.o (.text.Board_shutDownExtFlash)
                  000216ec    00000050     display_cc27xxx10.a : Display.c.obj (.text.Display_doOpen)
                  0002173c    00000050     OneLib.a : OneLib_Host_GAP_gap_linkmgr.obj (.text.GAP_PasscodeUpdate)
                  0002178c    00000050              : OneLib_Host_GAP_gap_perilinkmgr.obj (.text.GAP_SendPeripheralSecurityRequest)
                  000217dc    00000050              : OneLib_HCI_hci_event.obj (.text.HCI_NumOfCompletedPacketsEvent)
                  0002182c    00000050              : OneLib_HCI_hci_event_raw.obj (.text.HCI_SendEventToHost)
                  0002187c    00000050     secure_drivers_cc27xxx10.a : HSMXXF3.c.obj (.text.HSMXXF3_constructECDHGenShrdSecPhysicalToken)
                  000218cc    00000050                                : HSMXXF3.c.obj (.text.HSMXXF3_sleep)
                  0002191c    00000050     OneLib.a : OneLib_HCI_hci_event.obj (.text.LL_ConnParamUpdateRejectCback)
                  0002196c    00000050              : OneLib_LL_ll_enc.obj (.text.LL_ENC_AES128_Encrypt)
                  000219bc    00000050              : OneLib_HCI_hci_event.obj (.text.LL_GenerateDHKeyCompleteEventCback)
                  00021a0c    00000050     menu_module.o (.text.MenuModule_displayMenu)
                  00021a5c    00000050     nvocmp.o (.text.NVOCMP_loadApiPtrsMin)
                  00021aac    00000050     rcl_cc27xxx10.a : ble5.c.obj (.text.RCL_Handler_BLE5_InitializeFilterList)
                  00021afc    00000050     drivers_cc27xxx10.a : UDMALPF3.c.obj (.text.UDMALPF3_init)
                  00021b4c    00000050     StackWrapper.a : StackWrapper_Host_gapbondmgr.obj (.text.gapBondMgr_SupportsCentAddrRes)
                  00021b9c    00000050     OneLib.a : OneLib_Host_GATT_gatt_client.obj (.text.gattFindByTypeValue)
                  00021bec    00000050              : OneLib_LL_ll_common.obj (.text.llConnSetupBuffers)
                  00021c3c    00000050              : OneLib_LL_ll_data.obj (.text.llDynamicFree_connectable)
                  00021c8c    00000050              : OneLib_LL_ll_common.obj (.text.llTime2Octets)
                  00021cdc    00000050     StackWrapper.a : StackWrapper_OSAL_osal_bufmgr.obj (.text.osal_bm_alloc)
                  00021d2c    00000050     rcl_cc27xxx10.a : RCL.c.obj (.text.rclPowerNotify)
                  00021d7c    00000050     OneLib.a : OneLib_Host_SM_sm_pairing.obj (.text.smProcessPairingReq)
                  00021dcc    00000050              : OneLib_Host_SMP_smp.obj (.text.smSendSMMsg)
                  00021e1c    00000050              : OneLib_Host_SM_sm_rsppairing.obj (.text.smpResponderProcessIdentityAddrInfo)
                  00021e6c    0000004e     secure_drivers_cc27xxx10.a : AESCMACXXF3.c.obj (.text.AESCMACXXF3_processBlocks)
                  00021eba    0000004e     StackWrapper.a : StackWrapper_Host_gap.obj (.text.GAP_DeviceInit_per_role)
                  00021f08    0000004e     OneLib.a : OneLib_HCI_hci_event_raw.obj (.text.HCI_getPacketLen)
                  00021f56    0000004e              : OneLib_LL_ll.obj (.text.LL_EncLtkReply)
                  00021fa4    0000004e     nvocmp.o (.text.NVOCMP_readItem)
                  00021ff2    0000004e     OneLib.a : OneLib_Host_GAP_gap_perilinkmgr.obj (.text.gapPeriProcessConnEvt)
                  00022040    0000004c     secure_drivers_cc27xxx10.a : AESECBXXF3.c.obj (.text.AESECBXXF3HSM_OneStepPostProcessing)
                  0002208c    0000004c     OneLib.a : OneLib_LL_crypto_port_simplelink.obj (.text.CryptoP_AESECB)
                  000220d8    0000004c              : OneLib_LL_crypto_port_simplelink.obj (.text.CryptoP_ECDHInit)
                  00022124    0000004c     secure_drivers_cc27xxx10.a : HSMXXF3.c.obj (.text.Eip130Token_Command_Pk_Asset_Command)
                  00022170    0000004c     OneLib.a : OneLib_Host_GATT_gatt_task.obj (.text.GATT_UpdateMTU)
                  000221bc    0000004c              : OneLib_Host_GAP_gap_advertiser.obj (.text.GapAdv_setEventMask)
                  00022208    0000004c              : OneLib_Host_GAP_gap_configmgr.obj (.text.GapConfig_SetParameter)
                  00022254    0000004c              : OneLib_HCI_hci_event.obj (.text.HCI_CommandStatusEvent)
                  000222a0    0000004c     secure_drivers_cc27xxx10.a : HSMXXF3.c.obj (.text.HSMXXF3_constructECDHVerifyKeysPhysicalToken)
                  000222ec    0000004c                                : CryptoKeyKeyStore_PSA_helpers.c.obj (.text.KeyStore_PSA_getKeyAssetId)
                  00022338    0000004c     OneLib.a : OneLib_LL_ll_ae.obj (.text.LL_AE_Init)
                  00022384    0000004c              : OneLib_HCI_hci_event.obj (.text.LL_ConnParamUpdateCback)
                  000223d0    0000004c              : OneLib_HCI_hci_event.obj (.text.LL_DataLengthChangeEventCback)
                  0002241c    0000004c              : OneLib_LL_ll.obj (.text.LL_clearAllActiveConns)
                  00022468    0000004c     menu_module.o (.text.MenuModule_displayItem)
                  000224b4    0000004c     nvocmp.o (.text.NVOCMP_setItemInactive)
                  00022500    0000004c     drivers_cc27xxx10.a : NVSLPF3.c.obj (.text.NVSLPF3_read)
                  0002254c    0000004c                         : PowerCC27XX.c.obj (.text.PowerLPF3_enableHFXTCompensation)
                  00022598    0000004c     rcl_cc27xxx10.a : RCL.c.obj (.text.RCL_Command_pend)
                  000225e4    0000004c                     : RCLLPF3_Hal.c.obj (.text.RCL_Hal_cancelLrfdSystim0)
                  00022630    0000004c     secure_drivers_cc27xxx10.a : RNGXXF3HSM.c.obj (.text.RNG_construct)
                  0002267c    0000004c     drivers_cc27xxx10.a : TemperatureLPF3.c.obj (.text.Temperature_registerNotifyHigh)
                  000226c8    0000004c     StackWrapper.a : StackWrapper_Host_gapbondmgr.obj (.text.gapBondStateStartNextGATTDisc)
                  00022714    0000004c     OneLib.a : OneLib_Host_GAP_gap_devmgr.obj (.text.gapFindADType)
                  00022760    0000004c              : OneLib_Host_Profiles_gattservapp.obj (.text.gattServApp_ClearPrepareWriteQ)
                  000227ac    0000004c     StackWrapper.a : StackWrapper_ICallBLE_ble_dispatch_lite.obj (.text.icall_liteTranslation)
                  000227f8    0000004c     OneLib.a : OneLib_Host_L2CAP_l2cap_util.obj (.text.l2capNotifySignal)
                  00022844    0000004c              : OneLib_LL_ll_common.obj (.text.llAllocatePDU)
                  00022890    0000004c              : OneLib_LL_ll_ae.obj (.text.llRemoveAdvSortedEntry)
                  000228dc    0000004c              : OneLib_LL_ll_ae.obj (.text.llSendAdvSetEndEvent)
                  00022928    0000004c              : OneLib_LL_ll_common.obj (.text.llValidateConnectIndPkt)
                  00022974    0000004c              : OneLib_Host_GAP_gap_linkmgr.obj (.text.sendTerminateEvent)
                  000229c0    0000004c              : OneLib_Host_SM_sm_pairing.obj (.text.smGenerateAddrInput_sPatch)
                  00022a0c    0000004c              : OneLib_Host_SM_sm_pairing.obj (.text.sm_computeDHKey)
                  00022a58    0000004c              : OneLib_Host_SM_sm_mgr.obj (.text.sm_s1)
                  00022aa4    0000004c     ti_freertos_config.o (.text.vPortFree)
                  00022af0    0000004c     ti_freertos_config.o (.text.xTaskCheckForTimeOut)
                  00022b3c    0000004c     ti_freertos_config.o (.text.xTaskCreateStatic)
                  00022b88    0000004a     OneLib.a : OneLib_Host_GATT_gatt_client.obj (.text.gattPrepareWriteReq)
                  00022bd2    0000004a              : OneLib_LL_ll_common.obj (.text.llGetNextDataChanAlgo2)
[...]
20012fd8  cpOperationECB                                   
20012fec  operationGeneratePublicKey                       
20013000  remoteTaskParams                                 
20013014  gLtkReqDetails                                   
20013026  deviceFeatureSet                                 
20013038  eccParams                                        
20013048  encParamsCCM                                     
20013058  encParamsECB                                     
20013068  gRankFLTable                                     
20013078  llTaskList                                       
20013088  localCryptoKey                                   
20013098  localPrivateKey                                  
200130a8  localPublicKey                                   
200130b8  operationECB                                     
200130c8  remotePublicKey                                  
200130d8  sharedSecret                                     
200130e8  swParamList                                      
2001312c  displayUart2Object                               
20013158  BLEAppUtil_threadEntity                          
20013160  POSIX_args                                       
20013168  RNGXXF3HSM_objects                               
20013170  gParamUpdateReq                                  
20013178  llConnEvtNotice                                  
20013180  llConns                                          
20013188  privInfo                                         
20013190  rclState                                         
20013198  gapCurrentRandomAddr                             
2001319e  buildInfo                                        
200131a0  ownPublicAddr                                    
200131a6  connInitialMaxTxOctets                           
200131a8  ownRandomAddr                                    
200131ae  connInitialMaxTxTime                             
200131b0  ownSavedPublicAddr                               
200131b6  verInfo                                          
200131c1  gAntennasInfo                                    
200131e4  BDAddrPerConnHandle                              
200131e8  SysBootMsg                                       
200131ec  activeConns                                      
200131f0  appInitDoneHandler                               
200131f4  dtmInfo                                          
200131f8  ecdhHandle                                       
200131fc  encHandleCCM                                     
20013200  encHandleECB                                     
20013204  errorHandlerCb                                   
20013208  extStackSettings                                 
2001320c  handle_left                                      
20013210  handle_right                                     
20013214  l2capChannels                                    
20013218  l2capPsm                                         
2001321c  linkDB                                           
20013220  llECCCurveParams                                 
20013224  operationResult                                  
20013228  osal_last_timestamp                              
2001322c  osal_max_msecs                                   
20013230  osal_qHead                                       
20013234  osal_syncHandle                                  
20013238  osal_tickperiod                                  
2001323c  pNextAdvSet                                      
20013240  pRfPathComp                                      
20013244  resolvingList                                    
20013248  rfHandle                                         
2001324c  rngHandle                                        
20013250  taskEndAction                                    
20013254  tasksEvents                                      
20013258  timerHead                                        
2001325c  connInitialMaxTxTimeCoded                        
2001325e  connInitialMaxTxTimeUncoded                      
20013260  maximumPduSize                                   
20013262  pwrmgr_attribute                                 
20013264  supportedMaxRxOctets                             
20013266  supportedMaxRxTime                               
20013268  supportedMaxTxOctets                             
2001326a  supportedMaxTxTime                               
2001326d  LL_TaskID                                        
2001326e  NVOCMP_size                                      
2001326f  NVSLPF3_objects                                  
20013270  aeCurAdvEnableHandle                             
20013271  aeCurConnHandle                                  
20013272  aeCurHandle                                      
20013273  alSize                                           
20013274  defaultPhy                                       
20013275  extInitIndex                                     
20013276  extScanIndex                                     
20013277  fastTxRespTime                                   
20013278  gAction                                          
20013279  gCurTxPowerVal                                   
2001327a  gNumActiveAdvSets                                
2001327b  gapDeviceAddrMode                                
2001327c  gapTaskID                                        
2001327d  gattNumConns                                     
2001327e  gattTaskID                                       
2001327f  hciGapTaskID                                     
20013280  hciL2capTaskID                                   
20013281  hciSmpTaskID                                     
20013282  hciTaskID                                        
20013283  hciTestTaskID                                    
20013284  hciVsEvtMask                                     
20013285  icall_liteTaskId                                 
20013286  l2capNumChannels                                 
20013287  l2capTaskID                                      
20013288  l2cap_gattServAppTaskID                          
20013289  linkDBNumConns                                   
2001328a  llCryptoMode                                     
2001328b  llECDHMode                                       
2001328c  llState                                          
2001328d  maxNumConns                                      
2001328e  maxNumTxDataBufs                                 
2001328f  maxTxPwrForDTM                                   
20013290  numComplPkts                                     
20013291  numComplPktsFlush                                
20013292  numComplPktsLimit                                
20013293  numTxDataBufs                                    
20013294  onePktPerEvt                                     
20013295  osal_entity                                      
20013296  peripheralAdvHandles                             
20013297  rlSize                                           
20013298  rxFifoFlowCtrl                                   
20013299  secondaryAdvChannelMapPopCount                   
2001329a  slOverride                                       
2001329b  smGenerateDHKeyStatus                            
2001329c  smReadLocalP256PublicKeyStatus                   
2001329d  smTaskID                                         
2001369c  gapAttrTbl                                       
2001374c  defaultTxPowerDbm                                
2001374e  bleUserCfg_maxPduSize                            
200137ca  smExpectAppKeysInd                               
200137cb  SM_appTaskID                                     
200137cc  gpioPinConfigs                                   
2001396c  HwiP_swiPIntNum                                  
20013a50  gapBond_removeLRUBond                            
20013a51  gapBond_syncRL                                   
20013a6c  gapBondStateNodeHead                             
20013a70  gapBond_lruBondList                              
20013a80  clientCbs                                        
20013a94  gapBond_remoteOobData                            
20013bd0  KeyStore_semaphoreObject                         
20013d10  llUserConfig                                     
20013d58  pairMode                                         
20013d59  mitm                                             
20013d5a  ioCap                                            
20013d5b  bonding                                          
20013d5c  secureConnection                                 
20013d5d  authenPairingOnly                                
20013d5e  autoSyncAL                                       
20013d5f  eccReGenPolicy                                   
20013d60  KeySize                                          
20013d61  removeLRUBond                                    
20013d62  KeyDistList                                      
20013d63  eccDebugKeys                                     
20013d64  allowDebugKeys                                   
20013d65  eraseBondWhileInConn                             
20013d66  sameIrkAction                                    
20013d67  advData1                                         
20013d6a  scanResData1                                     
20013d80  advParams1                                       
20013d9c  sm_eccKeys_sc_host_debug                         
20013de0  centAddrRes                                      
20013de1  resolvablePrivateAddressOnly                     
20013de2  appearance                                       
20013de8  periConnParameters                               
20013df0  deviceName                                       
20013ecc  linkParam                                        
20013ed0  rxDataQ                                          
20013ef4  appMainPeriCentParams                            
20013efc  appMainParams                                    
20013f20  dispHandle                                       
20013f44  eccParams_NISTP256                               
20013f68  gapProfileRole                                   
20013f69  gapConfig_IRK                                    
20013f79  gapConfig_SRK                                    
20013f8a  baseTaskID                                       
20013f8c  enckey                                           
20013fac  attDeviceName                                    
20013fcc  gapParameters                                    
20013fea  devInfo11073CertUUID                             
20013fee  rclTemperatureThreshold                          
20014008  hciEvtMaskLe                                     
20014010  hciEvtMaskPage1                                  
20014018  hciEvtMaskPage2                                  
20014020  connectionConnHandler                            
2001402c  connectionHciGAPHandler                          
20014038  pairingPasscodeHandler                           
20014044  PairingPairStateHandler                          
20014050  peripheralConnHandler                            
2001405c  peripheralAdvHandler                             
2001407c  randomAddressConfigured                          
20014080  defaultChannelMap                                
20014088  gSecondaryAdvChannelMap                          
200140e2  devInfoFirmwareRevUUID                           
200140f4  aePeripheralSCA                                  
200140f8  advSetList                                       
200140fc  extScanInfo                                      
20014100  extInitInfo                                      
20014108  osal_eventloop_hook                              
2001410c  osal_icallMsg_hook                               
20014114  BLEAppUtilLocal_GeneralParams                    
20014118  BLEAppUtilLocal_PeriCentParams                   
2001411c  BLEAppUtil_bondMgrCBs                            
20014134  eccCryptoKey                                     
20014144  encCryptoKey                                     
20014163  gapBondParams                                    
20014172  devInfoHardwareRevUUID                           
20014181  devInfoMfrNameUUID                               
20014184  pPairingParams                                   
20014188  pfnResponderCBs                                  
2001418c  pfnInitiatorCBs                                  
20014190  alTable                                          
20014194  alTableScan                                      
20014198  gDenyList                                        
200141a8  ICall_enterCriticalSection                       
200141ac  ICall_leaveCriticalSection                       
200141b0  ICall_dispatcher                                 
200141b4  halSchedFsmCb                                    
200141b8  halDispatchFsmCb                                 
200141bc  halCommandFsmCb                                  
200141c0  bleAppServiceInfoTable                           
200141cc  dataGATTHandler                                  
200141d8  hciEvtMask                                       
200141e4  gapAppTaskID                                     
200141e5  gapEndAppTaskID                                  
200141e6  gapDefaultLeEvtMask                              
200141ee  devInfoModelNumberUUID                           
200141f9  devInfoPnpIdUUID                                 
2001420c  terminateReason                                  
2001420e  gParamUpdateConnHandle                           
20014210  pAuthLink                                        
2001422c  assertSubcause                                   
2001422d  legacyMode                                       
20014230  halAssertCback                                   
20014234  bm_preReleaseBuffCB                              
2001423c  OSAL_timeSeconds                                 
20014254  fXtalInv                                         
2001425c  rclHandles                                       
20014264  user0Cfg                                         
2001426c  l2capNumDataPkts                                 
2001426d  flowCtrlTaskId                                   
2001426e  flowCtrlFwdTaskId                                
2001426f  l2capNumPSM                                      
20014270  l2capNumCoChannels                               
20014271  l2capUserConfig                                  
20014274  ctrlToHostEnable                                 
20014276  numHostBufs                                      
2001427a  pRandomAddress                                   
20014284  AESCommonXXF3_dmaChannelMaskChA                  
20014288  AESCommonXXF3_dmaChannelMaskChB                  
2001428c  AESCommonXXF3_dmaPriControlTableEntryChA         
20014290  AESCommonXXF3_dmaPriControlTableEntryChB         
20014294  BLEAppUtilEventHandlersHead                      
2001429c  RemoteTask                                       
200142a0  appAssertCback                                   
200142a4  attClientNotifyTxCB                              
200142a8  attServerNotifyTxCB                              
200142ac  enckeyLen                                        
200142b4  ggs_AppCBs                                       
200142bc  linkCmd                                          
200142c0  llSystemStatus                                   
200142c4  localPrivKeyMaterialLen                          
200142c8  pAdvDataEntry                                    
200142cc  pGapPeripheralConnCBs                            
200142d4  pSmResponderCBs                                  
200142d8  pfnBMAlloc                                       
200142dc  pfnBMFree                                        
200142e0  pfnBondMgrCBs                                    
200142e4  pfnCentralConnCBs                                
200142e8  pfnPeripheralConnCBs                             
200142f0  pxCurrentTCB                                     
20014300  txDataQ                                          
20014308  devInfoSerialNumberUUID                          
2001430a  devInfoServUUID                                  
2001430c  devInfoSoftwareRevUUID                           
2001430e  devInfoSystemIdUUID                              
20014310  disconnectImmedConnId                            
20014312  gMaxExtAdvDataLen                                
20014316  l2capMtuSize                                     
2001431a  llUserConfig_maxPduSize                          
2001431c  simpleGattProfile_ServUUID                       
2001431e  simpleGattProfile_char1UUID                      
20014320  simpleGattProfile_char2UUID                      
20014322  simpleGattProfile_char3UUID                      
20014324  simpleGattProfile_char4UUID                      
20014326  simpleGattProfile_char5UUID                      
20014328  smRspWaitingConnHandle                           
2001432d  appTaskID                                        
2001432e  appearanceCharProps                              
2001432f  att_sendRspOnly                                  
20014330  centAddrResCharProps                             
20014331  channel2usage                                    
2001433b  deviceNameCharProps                              
2001433c  extScanChanMap                                   
2001433d  gMaxSupportedAdvSets                             
2001433e  gapState                                         
2001433f  gapUnwantedTaskID                                
20014341  hciPTMenabled                                    
20014346  l2capFlowCtrlMode                                
20014347  l2capId                                          
20014348  linkDB_secureConnectionOnlyMode                  
20014349  llUsePreemption                                  
2001434a  periConnParamCharProps                           
2001434b  pwrmgr_initialized                               
2001434c  qosDefaultPriorityAdvParameter                   
2001434d  qosDefaultPriorityConnParameter                  
2001434e  rclPbeGpoMask                                    
2001434f  rclRegulatoryMask                                
20014351  resolvablePrivateAddressOnlyCharProps            
20014359  smAllowDebugKeysMode                             
2001435a  smAppProcessLTKRequest                           
2001435b  smAuthenPairingOnlyMode                          
20028400  __stack                                          
20028800  __STACK_END                                      
20028800  __STACK_TOP                                      
4e020000  ccfg                                             
4e020000  ti_utils_build_GenMap_sym_CRC_CCFG_BOOT_CFG_begin
4e02000b  ti_utils_build_GenMap_sym_CRC_CCFG_BOOT_CFG_end  
4e020010  ti_utils_build_GenMap_sym_CRC_CCFG_begin         
4e02074b  ti_utils_build_GenMap_sym_CRC_CCFG_end           
4e0207d0  ti_utils_build_GenMap_sym_CRC_CCFG_DEBUG_begin   
4e0207fb  ti_utils_build_GenMap_sym_CRC_CCFG_DEBUG_end     
4e040000  scfg                                             
4e040000  ti_utils_build_GenMap_sym_CRC_SCFG_begin         
4e0400e3  ti_utils_build_GenMap_sym_CRC_SCFG_end           
90000000  TimestampP_nativeFormat64_copy                   
90000004  TimestampP_nativeFormat32_copy                   
ffffffff  __TI_pprof_out_hndl                              
ffffffff  __TI_prof_data_size                              
ffffffff  __TI_prof_data_start                             
ffffffff  __binit__                                        
ffffffff  binit                                            
UNDEFED   ITM_flush                                        
UNDEFED   ITM_restore                                      
UNDEFED   RCL_Debug_assertProxy                            
UNDEFED   RCL_Profiling_eventHook                          
UNDEFED   __mpu_init                                       
UNDEFED   _system_post_cinit                               

[2479 symbols]
